  injected self: SGR001
  injected dependency: SGR001
  injected wait: SGR002
  injected join: SGR004
Internal error: during type inference of
var"#mktempdir#21"(String, typeof(Base.Filesystem.mktempdir), BlackjackExperiment.var"#36#37", String)
Encountered unexpected error in runtime:
BoundsError(a=Array{Any, 1}(dims=(3,), mem=Memory{Any}(3, 0000028f3b89f200)[
  Base.getfield,
  SSAValue(42),
  1]), i=(0,))
throw_boundserror at .\essentials.jl:15
getindex at .\essentials.jl:919 [inlined]
_useref_getindex at .\../usr/share/julia/Compiler/src/ssair\ir.jl:543
getindex at .\../usr/share/julia/Compiler/src/ssair\ir.jl:578 [inlined]
renumber_ssa2! at .\../usr/share/julia/Compiler/src/ssair\ir.jl:1342
jfptr_renumber_ssa2NOT._23505 at C:\Users\marcn\.julia\juliaup\julia-1.12.7+0.x64.w64.mingw32\lib\julia\sys.dll (unknown line)
tojlinvoke86156 at C:\Users\marcn\.julia\juliaup\julia-1.12.7+0.x64.w64.mingw32\lib\julia\sys.dll (unknown line)
j_renumber_ssa2NOT._80360 at C:\Users\marcn\.julia\juliaup\julia-1.12.7+0.x64.w64.mingw32\lib\julia\sys.dll (unknown line)
process_node! at .\../usr/share/julia/Compiler/src/ssair\ir.jl:1538
iterate_compact at .\../usr/share/julia/Compiler/src/ssair\ir.jl:1955
iterate at .\../usr/share/julia/Compiler/src/ssair\ir.jl:1877 [inlined]
adce_pass! at .\../usr/share/julia/Compiler/src/ssair\passes.jl:2147
run_passes_ipo_safe at .\../usr/share/julia/Compiler/src\optimize.jl:1013
run_passes_ipo_safe at .\../usr/share/julia/Compiler/src\optimize.jl:1027 [inlined]
optimize at .\../usr/share/julia/Compiler/src\optimize.jl:1002
jfptr_optimize_81786 at C:\Users\marcn\.julia\juliaup\julia-1.12.7+0.x64.w64.mingw32\lib\julia\sys.dll (unknown line)
finish_nocycle at .\../usr/share/julia/Compiler/src\typeinfer.jl:202
jfptr_finish_nocycle_84310 at C:\Users\marcn\.julia\juliaup\julia-1.12.7+0.x64.w64.mingw32\lib\julia\sys.dll (unknown line)
typeinf at .\../usr/share/julia/Compiler/src\abstractinterpretation.jl:4522
typeinf_ext at .\../usr/share/julia/Compiler/src\typeinfer.jl:1256
typeinf_ext_toplevel at .\../usr/share/julia/Compiler/src\typeinfer.jl:1439 [inlined]
typeinf_ext_toplevel at .\../usr/share/julia/Compiler/src\typeinfer.jl:1448
jfptr_typeinf_ext_toplevel_80922 at C:\Users\marcn\.julia\juliaup\julia-1.12.7+0.x64.w64.mingw32\lib\julia\sys.dll (unknown line)
_jl_invoke at C:/workdir/src\gf.c:3995 [inlined]
ijl_apply_generic at C:/workdir/src\gf.c:4214 [inlined]
jl_apply at C:/workdir/src\julia.h:2394 [inlined]
jl_type_infer at C:/workdir/src\gf.c:466
jl_compile_method_internal at C:/workdir/src\gf.c:3516
_jl_invoke at C:/workdir/src\gf.c:4006 [inlined]
ijl_apply_generic at C:/workdir/src\gf.c:4214
mktempdir at .\file.jl:937
mktempdir at .\file.jl:937
jfptr_mktempdir_72171 at C:\Users\marcn\.julia\juliaup\julia-1.12.7+0.x64.w64.mingw32\lib\julia\sys.dll (unknown line)
jl_apply at C:/workdir/src\julia.h:2394 [inlined]
do_call at C:/workdir/src\interpreter.c:123
eval_value at C:/workdir/src\interpreter.c:243
eval_stmt_value at C:/workdir/src\interpreter.c:194 [inlined]
eval_body at C:/workdir/src\interpreter.c:707
eval_body at C:/workdir/src\interpreter.c:558
eval_body at C:/workdir/src\interpreter.c:558
jl_interpret_toplevel_thunk at C:/workdir/src\interpreter.c:898
macro expansion at C:\src\recur\demos\blackjack-lab\main.blackjack.lang.test.jl:86 [inlined]
macro expansion at C:\workdir\usr\share\julia\stdlib\v1.12\Test\src\Test.jl:1777 [inlined]
top-level scope at C:\src\recur\demos\blackjack-lab\main.blackjack.lang.test.jl:86
jl_toplevel_eval_flex at C:/workdir/src\toplevel.c:1035
jl_toplevel_eval_flex at C:/workdir/src\toplevel.c:975
ijl_toplevel_eval at C:/workdir/src\toplevel.c:1047 [inlined]
ijl_toplevel_eval_in at C:/workdir/src\toplevel.c:1092
eval at .\boot.jl:489
include_string at .\loading.jl:2952
_include at .\loading.jl:3012
include at .\Base.jl:307
IncludeInto at .\Base.jl:308
jfptr_IncludeInto_55095 at C:\Users\marcn\.julia\juliaup\julia-1.12.7+0.x64.w64.mingw32\lib\julia\sys.dll (unknown line)
macro expansion at C:\src\recur\demos\blackjack-lab\main.blackjack.test.jl:10 [inlined]
macro expansion at C:\workdir\usr\share\julia\stdlib\v1.12\Test\src\Test.jl:1777 [inlined]
top-level scope at C:\src\recur\demos\blackjack-lab\main.blackjack.test.jl:6
jl_toplevel_eval_flex at C:/workdir/src\toplevel.c:1024
jl_eval_module_expr at C:/workdir/src\toplevel.c:197 [inlined]
jl_toplevel_eval_flex at C:/workdir/src\toplevel.c:814
jl_toplevel_eval_flex at C:/workdir/src\toplevel.c:975
ijl_toplevel_eval at C:/workdir/src\toplevel.c:1047 [inlined]
ijl_toplevel_eval_in at C:/workdir/src\toplevel.c:1092
eval at .\boot.jl:489
include_string at .\loading.jl:2952
_include at .\loading.jl:3012
include at .\Base.jl:306
exec_options at .\client.jl:317
_start at .\client.jl:550
jfptr__start_59066 at C:\Users\marcn\.julia\juliaup\julia-1.12.7+0.x64.w64.mingw32\lib\julia\sys.dll (unknown line)
jl_apply at C:/workdir/src\julia.h:2394 [inlined]
true_main at C:/workdir/src\jlapi.c:985
jl_repl_entrypoint at C:/workdir/src\jlapi.c:1153
mainCRTStartup at C:/workdir/cli\loader_exe.c:58
BaseThreadInitThunk at C:\WINDOWS\System32\KERNEL32.DLL (unknown line)
RtlUserThreadStart at C:\WINDOWS\SYSTEM32\ntdll.dll (unknown line)
08 companion init and observed checked transition: Test Failed at C:\src\recur\demos\blackjack-lab\main.blackjack.lang.test.jl:106
  Expression: legacy.code == 0 && legacy.data["schema"] == "recur-lang-warp-plan-v1"

Stacktrace:
 [1] macro expansion
   @ C:\Users\marcn\.julia\juliaup\julia-1.12.7+0.x64.w64.mingw32\share\julia\stdlib\v1.12\Test\src\Test.jl:680 [inlined]
 [2] (::Main.BlackjackExperiment.var"#36#37")(root::Any)
   @ Main.BlackjackExperiment C:\src\recur\demos\blackjack-lab\main.blackjack.lang.test.jl:106
 [3] mktempdir(fn::Function, parent::AbstractString; prefix::AbstractString)
   @ Base.Filesystem .\file.jl:941
 [4] mktempdir(fn::Function, parent::String)
   @ Base.Filesystem .\file.jl:937
 [5] top-level scope
   @ C:\src\recur\demos\blackjack-lab\main.blackjack.lang.test.jl:86
 [6] macro expansion
   @ C:\Users\marcn\.julia\juliaup\julia-1.12.7+0.x64.w64.mingw32\share\julia\stdlib\v1.12\Test\src\Test.jl:1777 [inlined]
 [7] macro expansion
   @ C:\src\recur\demos\blackjack-lab\main.blackjack.lang.test.jl:86 [inlined]
Test Summary:                                       |  Pass  Fail  Total  Time
Blackjack contract-first stages                     | 13745     1  13746  4.3s
  01 hello bundle                                   |     4            4  0.1s
  02 table object and caller                        |    18           18  0.2s
  03 cards and scores                               |  2668         2668  0.2s
  04 round outcomes and chip conservation           |    64           64  0.3s
  05 session history and leaders                    | 10813        10813  0.5s
  06 explicit coordination                          |   101          101  0.3s
  07 language surface and deliberate faults         |    61           61  0.9s
  08 companion init and observed checked transition |    16     1     17  1.6s
RNG of the outermost testset: Random.Xoshiro(0x6144a841ccce5b08, 0x39a98ee1af972f80, 0x43636498dd9c04e6, 0xd20fb2fb9426a9ff, 0x1da030c43caea7ff)
ERROR: LoadError: Some tests did not pass: 13745 passed, 1 failed, 0 errored, 0 broken.
in expression starting at C:\src\recur\demos\blackjack-lab\main.blackjack.test.jl:1
