Test Summary:            | Pass  Total  Time
Blackjack website engine | 8601   8601  0.9s
ERROR: LoadError: SystemError: opening file "C:\\src\\recur\\demos\\blackjack-web\\main.blackjack.web.server.jl": No such file or directory
Stacktrace:
 [1] include(mapexpr::Function, mod::Module, _path::String)
   @ Base .\Base.jl:307
 [2] top-level scope
   @ C:\src\recur\demos\blackjack-web\main.blackjack.web.http.test.jl:2
 [3] include(mapexpr::Function, mod::Module, _path::String)
   @ Base .\Base.jl:307
 [4] top-level scope
   @ C:\src\recur\demos\blackjack-web\main.blackjack.web.test.jl:96
 [5] include(mod::Module, _path::String)
   @ Base .\Base.jl:306
 [6] exec_options(opts::Base.JLOptions)
   @ Base .\client.jl:317
 [7] _start()
   @ Base .\client.jl:550
in expression starting at C:\src\recur\demos\blackjack-web\main.blackjack.web.http.test.jl:2
in expression starting at C:\src\recur\demos\blackjack-web\main.blackjack.web.test.jl:1
