╔═══════════════════════════════════════════════════════════╗
║         Recur Integration Test Suite                     ║
║         Hierarchical Search Tool Testing                 ║
╚═══════════════════════════════════════════════════════════╝


============================================================
  Setting up test environment
============================================================

============================================================
  Testing: recur files
============================================================
  -> recur files UserService.Handlers -d test_environment
  ✓ PASS
  -> recur files UserService.* -d test_environment
  ✓ PASS
  -> recur files UserService.** -d test_environment
  ✓ PASS
  -> recur files UserService.** --min-depth 2 -d test_environment
  ✗ FAIL (KNOWN ISSUE)
  -> recur files UserService.** --max-depth 1 -d test_environment
  ✗ FAIL (KNOWN ISSUE)
  -> recur files ** --min-depth 1 --max-depth 1 -d test_environment
  ✗ FAIL (KNOWN ISSUE)
  -> recur files ** --min-depth 5 --max-depth 2 -d test_environment
  ✓ PASS
  -> recur files ** --ext .cs -d test_environment
  ✓ PASS
  -> recur files ** --ext .cs,.json -d test_environment
  ✓ PASS
  -> recur files UserService.** --count -d test_environment
  ✓ PASS
  -> recur files UserService.** --json -d test_environment
  ✓ PASS

============================================================
  Testing: recur find
============================================================
  -> recur find async --scope ** -d test_environment
  ✓ PASS
  -> recur find async --scope UserService.** -d test_environment
  ✓ PASS
  -> recur find ASYNC --scope ** -i -d test_environment
  ✓ PASS
  -> recur find async --scope TestContext -C 2 -d test_environment
  ✓ PASS
  -> recur find async --scope TestContext -C 0 -d test_environment
  ✓ PASS
  -> recur find async --scope TestContext -C 5 -d test_environment
  ✓ PASS
  -> recur find async.*Task --scope ** -E -d test_environment
  ✓ PASS
  -> recur find (Create|Update)User --scope UserService.** -E -d test_environment
  ✓ PASS
  -> recur find async --scope UserService.** --json -d test_environment
  ✓ PASS
  -> recur find async --scope TestContext -C 2 --json -d test_environment
  ✓ PASS

============================================================
  Testing: recur tree
============================================================
  -> recur tree UserService -d test_environment
  ✓ PASS
  -> recur tree UserService --depth 1 -d test_environment
  ✓ PASS
  -> recur tree config --ascii -d test_environment
  ✗ FAIL
  -> recur tree UserService --count -d test_environment
  ✓ PASS
  -> recur tree ApiController --json -d test_environment
  ✓ PASS
  -> recur tree main.**.current.** -d C:\Users\marcn\AppData\Local\Temp\jl_QyAcuy --json

============================================================
  Testing: recur related
============================================================
  -> recur related UserService.Handlers.Create.cs -d test_environment
  ✓ PASS
  -> recur related UserService.Handlers.Create.cs --exclude-self -d test_environment
  ✓ PASS
  -> recur related ApiController.Auth.cs --json -d test_environment
  ✓ PASS

============================================================
  Testing: recur children
============================================================
  -> recur children UserService -d test_environment
  ✓ PASS
  -> recur children UserService.Handlers --count -d test_environment
  ✓ PASS
  -> recur children config --json -d test_environment
  ✓ PASS

============================================================
  Testing: recur id
============================================================
  -> recur id config.database -d test_environment
  ✓ PASS
  -> recur id config.* -d test_environment
  ✓ PASS
  -> recur id public -C 1 -d test_environment
  ✓ PASS
  -> recur id connection --ext .json -d test_environment
  ✓ PASS

============================================================
  Testing: recur stats
============================================================
  -> recur stats ** -d test_environment
  ✓ PASS
  -> recur stats UserService.** -d test_environment
  ✓ PASS
  -> recur stats ** -l 0 -d test_environment
  ✓ PASS
  -> recur stats ** -l 1 -d test_environment
  ✓ PASS
  -> recur stats UserService.** -l 2 -d test_environment
  ✓ PASS
  -> recur stats config.** --json -d test_environment
  ✓ PASS
  -> recur stats ** -l 1 --json -d test_environment
  ✓ PASS

============================================================
  Testing: recur merge
============================================================
  -> recur merge test_environment\merge_docs.json test_environment\merge_src.json --sep . --sep _ --base main.command.merge --show-sep -d test_environment
  PASS
  -> recur files main.command.files.** -d test_environment --sep . --json
  -> recur merge --stdin --base main.command.files --sep . -d test_environment
  PASS
  -> recur tree main.command.tree -d test_environment --sep . --json
  -> recur tree main_command_tree -d test_environment --sep _ --json
  -> recur merge --stdin --base main.command.tree --sep . --sep _ --show-sep -d test_environment
  PASS
  -> recur tree main.auto -d test_environment --sep .
  PASS

============================================================
  Testing: recur unflatten (expected broken)
============================================================
  -> recur unflatten --help
  -> recur unflatten --stdin --format json
  -> recur merge --pattern improvement.15.contract --sep . --pattern improvement_15_contract --sep _ --base improvement.15.contract --format flat --json -d test_environment

============================================================
  Testing: recur callers
============================================================
  -> recur callers ValidateEmail --scope ** -d test_environment
  ✓ PASS
  -> recur callers SaveUser --scope UserService.** -d test_environment
  ✓ PASS
  -> recur callers Initialize --scope ApiController.** -d test_environment
  ✓ PASS
  -> recur callers ValidateEmail --scope ** -d test_environment
  ✓ PASS
  -> recur callers ValidateEmail --scope ** -d test_environment
  ✓ PASS
  -> recur callers validateemail --scope ** -i -d test_environment
  ✓ PASS
  -> recur callers ValidateEmail --scope ** --ext .cs -d test_environment
  ✓ PASS
  -> recur callers Initialize --scope ** -C 1 -d test_environment
  ✓ PASS
  -> recur callers SaveUser --scope ** --count -d test_environment
  ✓ PASS
  -> recur callers Initialize --scope ApiController.** --json -d test_environment
  ✓ PASS
  -> recur callers ValidateEmail --scope UserService.** --json -d test_environment
  ✓ PASS
  -> recur callers NonExistentFunction --scope ** -d test_environment
  ✓ PASS
  -> recur callers email --scope ** -d test_environment
  ✓ PASS

============================================================
  Testing: recur callees
============================================================
  -> recur callees CreateUser --scope ** -d test_environment
  ✓ PASS
  -> recur callees ProcessRequest --scope UserService.** -d test_environment
  ✓ PASS
  -> recur callees CreateUser --scope ** -d test_environment
  ✓ PASS
  -> recur callees CreateUser --scope ** -d test_environment
  ✓ PASS
  -> recur callees CreateUser --scope ** -d test_environment
  ✓ PASS
  -> recur callees createuser --scope ** -i -d test_environment
  ✓ PASS
  -> recur callees CreateUser --scope ** --ext .cs -d test_environment
  ✓ PASS
  -> recur callees CreateUser --scope ** -C 1 -d test_environment
  ✓ PASS
  -> recur callees --help -d test_environment
  BROKEN
  -> recur callees CreateWizard3 --scope LevelController.CreateWizard3.** --ext .cs --depth 6 --depth-guard hard-fail -d test_environment
  BROKEN
  -> recur callees CreateWizard3 --scope LevelController.CreateWizard3.** --ext .cs --depth 6 --depth-guard clamp -d test_environment
  BROKEN
  -> recur callees CreateWizard3 --scope LevelController.CreateWizard3.** --ext .cs --depth 6 --depth-guard hard-fail --force -d test_environment
  BROKEN
  -> recur callees CreateWizard3 --scope LevelController.CreateWizard3.** --ext .cs --depth 1 -d test_environment
  -> recur callees CreateWizard3 --scope LevelController.CreateWizard3.** --ext .cs --depth 2 -d test_environment
  BROKEN
  -> recur callees CreateUser --scope ** --count -d test_environment
  ✓ PASS
  -> recur callees CreateUser --scope ** --json -d test_environment
  ✓ PASS
  -> recur callees ProcessRequest --scope UserService.** --json -d test_environment
  ✓ PASS
  -> recur callees NonExistentFunction --scope ** -d test_environment
  ✓ PASS
  -> recur callees ValidateEmail --scope ** -d test_environment
  ✓ PASS
  -> recur callees CreateUser --scope NonExistent.** -d test_environment
  ✓ PASS

============================================================
  Testing: recur trace
============================================================
  -> recur trace --help -d test_environment
  PASS
  -> recur trace -d test_environment
  PASS
  -> recur trace CreateWizard3 -d test_environment
  PASS
  -> recur trace CreateWizard3 --scope -d test_environment
  PASS
  -> recur trace CreateUser --scope ** --depth 1 -d test_environment
  PASS
  -> recur trace ValidateEmail --scope UserService.** --depth 2 -d test_environment
  PASS
  -> recur trace SaveUser --scope ** --depth 1 --direction callees -d test_environment
  PASS
  -> recur trace ValidateEmail --scope ** --depth 1 --direction callers -d test_environment
  PASS
  -> recur trace CreateUser --scope ** --depth 1 --direction both -d test_environment
  PASS
  -> recur trace CreateWizard3 --scope LevelController.CreateWizard3.** --ext .cs --depth 2 -d test_environment
  PASS
  -> recur trace ApplyTemplate --scope LevelController.CreateWizard3.** --ext .cs --depth 2 --pick 1 -d test_environment
  PASS
  -> recur trace DeleteGameComponentAsync --scope DynamicGameComponentService.** --ext .cs --depth 2 -d test_environment
  PASS
  -> recur trace ApplyTemplate --scope LevelController.CreateWizard3.** --ext .cs --depth 1 -d test_environment
  PASS
  -> recur trace CreateWizard3 --scope LevelController.CreateWizard3.** --ext .cs --depth 2 -d test_environment
  PASS
  -> recur trace CreateWizard3.Tab --scope AddComponent --ext .cshtml --depth 1 -d test_environment
  PASS
  -> recur callees CreateWizard3 --scope LevelController.CreateWizard3.** --ext .cs -d test_environment
  -> recur trace CreateWizard3 --scope LevelController.CreateWizard3.** --ext .cs --depth 1 -d test_environment
  PASS
  -> recur trace FunctionA --scope CycleService --ext .cs --depth 3 -d test_environment
  PASS
  -> recur trace CreateUser --scope ** --depth 0 -d test_environment
  PASS
  -> recur trace CreateUser --scope ** --depth 3 -d test_environment
  PASS
  -> recur trace CreateUser --scope ** --depth 10 -d test_environment
  PASS
  -> recur trace CreateUser --scope ** --depth 1 --format tree -d test_environment
  PASS
  -> recur trace CreateUser --scope ** --depth 1 --format flat -d test_environment
  PASS
  -> recur trace CreateUser --scope ** --depth 1 --json -d test_environment
  PASS
  -> recur trace NoSuchSymbol --scope ** --depth 1 --json -d test_environment
  PASS
  -> recur trace WideRoot --scope WideService --ext .cs --depth 1 --max-width 1 -d test_environment
  PASS
  -> recur trace createuser --scope ** --depth 1 --ignore-case -d test_environment
  PASS
  -> recur trace CreateUser --scope ** --depth 1 --ext .cs -d test_environment
  PASS
  -> recur trace CreateWizard3 --scope ** --depth 1 --ext .cs -d test_environment
  PASS
  -> recur trace GenerateAiContent --scope LevelController.CreateWizard3.** --ext .cs --depth 2 -d test_environment
  FAIL (KNOWN LIMITATION)
  -> recur trace ApplyAiContent --scope LevelController.CreateWizard3.** --ext .cs --depth 2 -d test_environment
  FAIL (KNOWN LIMITATION)
  -> recur callees GenerateAiContent --scope LevelController.CreateWizard3.** --ext .cs -d test_environment
  FAIL (KNOWN LIMITATION)
  -> recur callers CreateChildComponent --scope LevelController.CreateWizard3.** --ext .cs -d test_environment
  PASS
  -> recur trace GetStates --scope LocationController.** --ext .cs --depth 2 -d test_environment
  FAIL (KNOWN LIMITATION)
  -> recur files LocationController.** --ext .cs -d test_environment
  PASS
  -> recur trace CreateWizard3 --scope LevelController.CreateWizard3.** --ext .cs --depth 6 --force -d test_environment
  PASS
  -> recur trace WideRoot --scope WideService --ext .cs --depth 6 --max-width 1 --force -d test_environment
  PASS

============================================================
  Testing: dogfooding hierarchy with recur tree
============================================================
  -> recur tree main -d test_environment\dogfooding
  -> recur tree main.command.stats -d test_environment\dogfooding
  -> recur tree command -d test_environment\dogfooding --sep _
  -> recur tree main -d test_environment\dogfooding
  -> recur tree main -d test_environment\dogfooding --sep _

============================================================
  Testing: recur files with --stdin
============================================================
  -> <stdin> | recur files UserService.** --stdin
  PASS
  -> <stdin> | recur files UserService.Handlers.* --stdin
  PASS
  -> <stdin> | recur files Api* --stdin
  PASS
  -> <stdin> | recur files **.Handlers.* --stdin
  PASS
  -> <stdin> | recur files ** --stdin --ext .cs
  PASS
  -> <stdin> | recur files ** --stdin
  FAIL
  -> recur files UserService.** -d test_environment
  -> recur files ** -d test_environment
  -> <stdin> | recur files UserService.** --stdin
  PASS
  -> <stdin> | recur files UserService.** --stdin --count
  PASS
  -> <stdin> | recur files UserService.** --stdin --json
  PASS
  -> <stdin> | recur find class --scope ** --stdin -d test_environment
  PASS
  -> <stdin> | recur stats UserService.** --stdin
  PASS
  -> <stdin> | recur tree UserService.** --stdin
  PASS
  -> <stdin> | recur related UserService.cs --stdin
  PASS
  -> <stdin> | recur children UserService --stdin -d test_environment
  PASS
  -> <stdin> | recur id UserService --stdin -d test_environment
  FAIL
  -> <stdin> | recur callers ValidateEmail --scope ** --stdin -d test_environment
  PASS
  -> <stdin> | recur callees ProcessRequest --scope ** --stdin -d test_environment
  PASS
  -> <stdin> | recur trace CreateWizard3 --scope ** --stdin -d test_environment
  PASS
  -> <stdin> | recur files UserService.** --stdin
  PASS
  -> <stdin> | recur files UserService.** --stdin
  PASS
  -> <stdin> | recur files UserService.** --stdin --count
  PASS
  -> <stdin> | recur files ** --stdin
  PASS
  -> <stdin> | recur files **.UserService.** --stdin
  PASS
  -> <stdin> | recur files UserService.** --stdin
  FAIL
  -> <stdin> | recur files UserService.** --stdin
  PASS
  -> <stdin> | recur files UserService.** --stdin
  PASS
  -> <stdin> | recur files **.UserService.** --stdin
  PASS
  -> <stdin> | recur files UserService.** --stdin
  PASS
  -> <stdin> | recur files File* --stdin
  PASS
  -> <stdin> | recur files User* --stdin
  PASS

============================================================
  Testing: recur init
============================================================
  -> recur init -d test_environment --help
  -> recur init -d C:\Users\marcn\AppData\Local\Temp\jl_O7gTQW
  -> recur trait -d C:\Users\marcn\AppData\Local\Temp\jl_O7gTQW list
  -> recur --json init -d C:\Users\marcn\AppData\Local\Temp\jl_uoq3PQ --analyze
  -> recur init -d C:\Users\marcn\AppData\Local\Temp\jl_ESWIMt
  -> recur trait -d C:\Users\marcn\AppData\Local\Temp\jl_ESWIMt list
  -> recur trait -d C:\Users\marcn\AppData\Local\Temp\jl_ESWIMt get traversal_budget.depth_guard

============================================================
  Testing: recur reveal
============================================================
  -> recur reveal --help -d test_environment
  -> recur init -d C:\Users\marcn\AppData\Local\Temp\jl_nFWeZZ
  -> recur reveal -d C:\Users\marcn\AppData\Local\Temp\jl_nFWeZZ --json
  -> recur init -d C:\Users\marcn\AppData\Local\Temp\jl_G7XvX4
  -> recur reveal main.command.trace-id -d C:\Users\marcn\AppData\Local\Temp\jl_G7XvX4 --json
  -> recur reveal expert -d C:\Users\marcn\AppData\Local\Temp\jl_esDdsN --json
  -> recur reveal -d C:\Users\marcn\AppData\Local\Temp\jl_esDdsN --json
  -> recur reveal main.improvement.22 -d C:\Users\marcn\AppData\Local\Temp\jl_vdwbFg
  -> recur reveal -d C:\Users\marcn\AppData\Local\Temp\jl_gYo1ui --json skill
  -> recur reveal -d C:\Users\marcn\AppData\Local\Temp\jl_gYo1ui --json persona
  -> recur reveal -d C:\Users\marcn\AppData\Local\Temp\jl_gYo1ui --json agent
  -> recur reveal -d C:\Users\marcn\AppData\Local\Temp\jl_gYo1ui --json team.Custom-v1
  -> recur reveal -d C:\Users\marcn\AppData\Local\Temp\jl_gYo1ui --json legacy
  -> recur reveal -d C:\Users\marcn\AppData\Local\Temp\jl_gYo1ui --json empty
  -> recur reveal -d C:\Users\marcn\AppData\Local\Temp\jl_gYo1ui --json bad
  -> recur reveal -d C:\Users\marcn\AppData\Local\Temp\jl_gYo1ui --json conflict
  -> recur reveal -d C:\Users\marcn\AppData\Local\Temp\jl_gYo1ui --json same
  -> recur reveal -d C:\Users\marcn\AppData\Local\Temp\jl_gYo1ui --json
  -> recur reveal -d C:\Users\marcn\AppData\Local\Temp\jl_T0QSnS --json skill.expert
  -> recur reveal -d C:\Users\marcn\AppData\Local\Temp\jl_T0QSnS --json skill.team.expert
  -> recur reveal -d C:\Users\marcn\AppData\Local\Temp\jl_T0QSnS --json skill.override
  -> recur reveal -d C:\Users\marcn\AppData\Local\Temp\jl_T0QSnS --json --type skill
  -> recur reveal -d C:\Users\marcn\AppData\Local\Temp\jl_T0QSnS --json expert
  -> recur reveal -d C:\Users\marcn\AppData\Local\Temp\jl_T0QSnS --json expert --type persona
  -> recur reveal -d C:\Users\marcn\AppData\Local\Temp\jl_T0QSnS --json skill.expert --type persona
  -> recur reveal -d C:\Users\marcn\AppData\Local\Temp\jl_T0QSnS --json --type absent
  -> recur reveal -d C:\Users\marcn\AppData\Local\Temp\jl_T0QSnS --json skill.expert
  -> recur reveal -d C:\Users\marcn\AppData\Local\Temp\jl_T0QSnS --json skill.override
  -> recur reveal -d C:\Users\marcn\AppData\Local\Temp\jl_EOQSDe\.recur\private --json
  -> recur reveal -d C:\Users\marcn\AppData\Local\Temp\jl_EOQSDe\.recur\private --json expert
  -> recur reveal -d C:\Users\marcn\AppData\Local\Temp\jl_EOQSDe\.recur\private --json ./skill_team_expert.capsule.md
  -> recur reveal -d C:\Users\marcn\AppData\Local\Temp\jl_EOQSDe\.recur\private --json --sep .
  -> recur reveal -d C:\Users\marcn\AppData\Local\Temp\jl_YOVBfh --json skill.expert
  -> recur reveal -d C:\Users\marcn\AppData\Local\Temp\jl_YOVBfh --json
  -> recur reveal -d C:\Users\marcn\AppData\Local\Temp\jl_YOVBfh --json
  -> recur reveal -d C:\Users\marcn\AppData\Local\Temp\jl_YOVBfh --json
  -> recur reveal -d C:\Users\marcn\AppData\Local\Temp\jl_YOVBfh --json
  -> recur reveal -d C:\Users\marcn\AppData\Local\Temp\jl_YOVBfh --json
  -> recur reveal -d C:\Users\marcn\AppData\Local\Temp\jl_BCjIIf --json skill.expert
  -> recur reveal -d C:\Users\marcn\AppData\Local\Temp\jl_BCjIIf --json skill.expert --type skill
  -> recur reveal -d C:\Users\marcn\AppData\Local\Temp\jl_BCjIIf --json ./a/skill.expert.capsule.md
  -> recur reveal -d C:\Users\marcn\AppData\Local\Temp\jl_BCjIIf --json skill.expert --type agent
  -> recur reveal -d C:\Users\marcn\AppData\Local\Temp\jl_BCjIIf --json missing
  -> recur reveal -d C:\Users\marcn\AppData\Local\Temp\jl_BCjIIf --json skillish
  -> recur reveal -d C:\Users\marcn\AppData\Local\Temp\jl_BCjIIf --json --type skill
  -> recur reveal -d C:\Users\marcn\AppData\Local\Temp\jl_BCjIIf
  -> recur reveal -d C:\Users\marcn\AppData\Local\Temp\jl_BCjIIf a/skill.expert.capsule.md
  -> recur reveal -d C:\Users\marcn\AppData\Local\Temp\jl_BCjIIf --type "bad type"
  -> recur reveal -d C:\Users\marcn\AppData\Local\Temp\jl_BCjIIf --sep too-long
  -> recur reveal -d C:\Users\marcn\AppData\Local\Temp\jl_YP8NeA --json skill.team.expert
  -> recur reveal -d C:\Users\marcn\AppData\Local\Temp\jl_YP8NeA --json skill.team.expert --sep . --sep _
  -> recur reveal -d C:\Users\marcn\AppData\Local\Temp\jl_YP8NeA --json --type Team.Custom --sep . --sep _
  -> recur reveal -d C:\Users\marcn\AppData\Local\Temp\jl_YP8NeA --json --type team.custom
  -> recur reveal -d C:\Users\marcn\AppData\Local\Temp\jl_YP8NeA
  -> recur reveal -d C:\Users\marcn\AppData\Local\Temp\jl_YP8NeA
  -> recur reveal -d C:\Users\marcn\AppData\Local\Temp\jl_YP8NeA
  -> recur tree skill -d C:\Users\marcn\AppData\Local\Temp\jl_xYFH9u\.recur --sep . --json
  -> recur files skill.** -d C:\Users\marcn\AppData\Local\Temp\jl_xYFH9u\.recur --sep . --json
  -> recur reveal -d C:\Users\marcn\AppData\Local\Temp\jl_xYFH9u\.recur --json
  -> recur reveal -d C:\Users\marcn\AppData\Local\Temp\jl_FSlmto\child\docs --json
  -> recur reveal escape -d C:\Users\marcn\AppData\Local\Temp\jl_FSlmto\child\docs

============================================================
  Testing: recur watch query
============================================================
  -> recur watch --help -d test_environment
  -> recur watch explain -d test_environment
  -> recur watch -d C:\Users\marcn\AppData\Local\Temp\jl_s9nKJf
  -> recur watch -d C:\Users\marcn\AppData\Local\Temp\jl_68ouQJ
  -> recur watch list --filter **.active -d C:\Users\marcn\AppData\Local\Temp\jl_68ouQJ
  -> recur watch list --filter **.stale -d C:\Users\marcn\AppData\Local\Temp\jl_68ouQJ
  -> recur --json watch status docs-monkey -d C:\Users\marcn\AppData\Local\Temp\jl_68ouQJ
  -> recur watch status missing-watch -d C:\Users\marcn\AppData\Local\Temp\jl_dLAdJv

============================================================
  Testing: recur version command
============================================================
  -> recur version status care.subject.routine -d C:\Users\marcn\AppData\Local\Temp\jl_VpSJxv
  -> recur version policy care.subject.routine -d C:\Users\marcn\AppData\Local\Temp\jl_VpSJxv
  -> recur version schema care.subject.routine -d C:\Users\marcn\AppData\Local\Temp\jl_VpSJxv
  -> recur version query care.subject.routine --question "when did item-a become discontinued" -d C:\Users\marcn\AppData\Local\Temp\jl_VpSJxv

============================================================
  Testing: recur-version command
============================================================
  -> recur-version next care.subject.routine.proposed.current.csv -d C:\Users\marcn\AppData\Local\Temp\jl_kR9Ata
  -> recur-version save care.subject.routine.proposed.current.csv --slug item-a-discontinued --reason "synthetic state correction" --operator operator-a -d C:\Users\marcn\AppData\Local\Temp\jl_kR9Ata
  -> recur version status care.subject.routine -d C:\Users\marcn\AppData\Local\Temp\jl_kR9Ata
  -> recur-version save missing.current.csv --slug bad-save --id bad-save -d C:\Users\marcn\AppData\Local\Temp\jl_kR9Ata

============================================================
  Testing: recur capability
============================================================
  -> recur capability --help -d test_environment
  -> recur capability list -d C:\Users\marcn\AppData\Local\Temp\jl_KJXIcP
  -> recur capability explain warp -d C:\Users\marcn\AppData\Local\Temp\jl_KJXIcP
  -> recur capability explain .recur-watch -d C:\Users\marcn\AppData\Local\Temp\jl_KJXIcP
  -> recur --json capability list -d C:\Users\marcn\AppData\Local\Temp\jl_Z8gMhh
  -> recur --json capability doctor -d C:\Users\marcn\AppData\Local\Temp\jl_Z8gMhh
  -> recur capability explain reveal -d C:\Users\marcn\AppData\Local\Temp\jl_OZQn0k
  -> recur warp status demo.project.good -d C:\src\recur\julia-tests\fixtures\warp-status-v1\optimum --json
  -> recur warp explain demo.project.good -d C:\src\recur\julia-tests\fixtures\warp-status-v1\optimum --json
  -> recur warp next demo.project.good -d C:\src\recur\julia-tests\fixtures\warp-status-v1\optimum --json
  -> recur warp status demo.project.needs -d C:\src\recur\julia-tests\fixtures\warp-status-v1\sub-optimum --json
  -> recur warp explain demo.project.needs -d C:\src\recur\julia-tests\fixtures\warp-status-v1\sub-optimum --json
  -> recur warp next demo.project.needs -d C:\src\recur\julia-tests\fixtures\warp-status-v1\sub-optimum --json
  -> recur warp status demo.project.blocked -d C:\src\recur\julia-tests\fixtures\warp-status-v1\blocked --json
  -> recur warp explain demo.project.blocked -d C:\src\recur\julia-tests\fixtures\warp-status-v1\blocked --json
  -> recur warp next demo.project.blocked -d C:\src\recur\julia-tests\fixtures\warp-status-v1\blocked --json
  -> recur warp status demo.project.custom -d C:\src\recur\julia-tests\fixtures\warp-status-v1\config-override --json
  -> recur warp explain demo.project.custom -d C:\src\recur\julia-tests\fixtures\warp-status-v1\config-override --json
  -> recur warp next demo.project.custom -d C:\src\recur\julia-tests\fixtures\warp-status-v1\config-override --json
  -> recur warp map demo.release -d C:\src\recur\julia-tests\fixtures\warp-bubble-v1\complete --json
  -> recur warp merge demo.release -d C:\src\recur\julia-tests\fixtures\warp-bubble-v1\complete --json
  -> recur warp status demo.release -d C:\src\recur\julia-tests\fixtures\warp-bubble-v1\complete --json
  -> recur warp merge demo.partial -d C:\src\recur\julia-tests\fixtures\warp-bubble-v1\partial --json
  -> recur warp status demo.partial -d C:\src\recur\julia-tests\fixtures\warp-bubble-v1\partial --json
  -> recur warp merge demo.explosion -d C:\src\recur\julia-tests\fixtures\warp-bubble-v1\exploded --json
  -> recur warp status demo.explosion -d C:\src\recur\julia-tests\fixtures\warp-bubble-v1\exploded --json
  -> recur init -d C:\Users\marcn\AppData\Local\Temp\jl_0xDKU6\coordinator
  -> recur init -d C:\Users\marcn\AppData\Local\Temp\jl_0xDKU6\coordinator\workers\docs-monkey
  -> recur init -d C:\Users\marcn\AppData\Local\Temp\jl_0xDKU6\coordinator\workers\test-bird
  -> recur --json watch status coordinator-to-docs -d C:\Users\marcn\AppData\Local\Temp\jl_0xDKU6\coordinator\workers\docs-monkey
  -> recur --json watch status docs-to-coordinator -d C:\Users\marcn\AppData\Local\Temp\jl_0xDKU6\coordinator
  -> recur warp map coordinator.release -d C:\src\recur\julia-tests\fixtures\warp-ring-v1\complete --json
  -> recur warp merge coordinator.release -d C:\src\recur\julia-tests\fixtures\warp-ring-v1\complete --json
  -> recur warp status coordinator.release -d C:\src\recur\julia-tests\fixtures\warp-ring-v1\complete --json
  -> recur warp merge demo.evolved -d C:\Users\marcn\AppData\Local\Temp\jl_ue9r7q --json
  -> recur warp collapse-plan demo.lane -d C:\Users\marcn\AppData\Local\Temp\jl_gG398L --json
  -> recur warp merge demo.partial -d C:\Users\marcn\AppData\Local\Temp\jl_RQ5Cwo\partial --json
  -> recur warp status demo.warp.slice.alpha -d C:\src\recur\julia-tests\fixtures\warp-command-v1 --json
  -> recur warp collapse-plan demo.warp.slice.alpha -d C:\src\recur\julia-tests\fixtures\warp-command-v1 --json
  -> recur warp config -d C:\src\recur\julia-tests\fixtures\warp-command-v1 --json
  -> recur warp merge demo.release -d C:\Users\marcn\AppData\Local\Temp\jl_UGl5DU --json
  -> recur warp merge demo.release -d C:\Users\marcn\AppData\Local\Temp\jl_UGl5DU --json
  -> recur warp merge demo.release -d C:\Users\marcn\AppData\Local\Temp\jl_UGl5DU --json
  -> recur warp merge demo.release -d C:\Users\marcn\AppData\Local\Temp\jl_UGl5DU --json
  -> recur warp merge demo.release -d C:\Users\marcn\AppData\Local\Temp\jl_UGl5DU --json
  -> recur warp fingerprint source.txt -d C:\Users\marcn\AppData\Local\Temp\jl_N0R5Kr --json
  -> recur warp evidence evidence.json -d C:\Users\marcn\AppData\Local\Temp\jl_N0R5Kr --json
  -> recur warp merge demo.release -d C:\Users\marcn\AppData\Local\Temp\jl_N0R5Kr --json
  -> recur reveal demo -d C:\Users\marcn\AppData\Local\Temp\jl_N0R5Kr --json
  -> recur warp evidence evidence.json -d C:\Users\marcn\AppData\Local\Temp\jl_N0R5Kr --json
  -> recur warp status demo.release -d C:\Users\marcn\AppData\Local\Temp\jl_N0R5Kr --json
  -> recur warp evidence evidence.json -d C:\Users\marcn\AppData\Local\Temp\jl_N0R5Kr --json
  -> recur warp status demo.release -d C:\Users\marcn\AppData\Local\Temp\jl_N0R5Kr --json
  -> recur warp evidence evidence.json -d C:\Users\marcn\AppData\Local\Temp\jl_N0R5Kr --json
  -> recur warp status demo.release -d C:\Users\marcn\AppData\Local\Temp\jl_N0R5Kr --json
  -> recur warp evidence evidence.json -d C:\Users\marcn\AppData\Local\Temp\jl_N0R5Kr --json
  -> recur warp status demo.release -d C:\Users\marcn\AppData\Local\Temp\jl_N0R5Kr --json
  -> recur warp evidence evidence.json -d C:\Users\marcn\AppData\Local\Temp\jl_N0R5Kr --json --allow-skipped
  -> recur warp merge demo.release -d C:\Users\marcn\AppData\Local\Temp\jl_N0R5Kr --json
  -> recur reveal demo -d C:\Users\marcn\AppData\Local\Temp\jl_N0R5Kr --json
  -> recur warp evidence evidence.json -d C:\Users\marcn\AppData\Local\Temp\jl_N0R5Kr --json
  -> recur warp evidence evidence.json -d C:\Users\marcn\AppData\Local\Temp\jl_N0R5Kr --json
  -> recur warp evidence evidence.json -d C:\Users\marcn\AppData\Local\Temp\jl_N0R5Kr --json
  -> recur warp evidence evidence.json -d C:\Users\marcn\AppData\Local\Temp\jl_N0R5Kr --json
  -> recur warp evidence evidence.json -d C:\Users\marcn\AppData\Local\Temp\jl_N0R5Kr --json
  -> recur warp status demo.release.alpha -d C:\Users\marcn\AppData\Local\Temp\jl_28gxtw --json
  -> recur reveal demo -d C:\Users\marcn\AppData\Local\Temp\jl_bqYSw4 --json
  -> recur warp config -d C:\Users\marcn\AppData\Local\Temp\jl_bqYSw4\docs --json
  -> recur reveal demo -d C:\Users\marcn\AppData\Local\Temp\jl_bqYSw4
  -> recur reveal demo -d C:\Users\marcn\AppData\Local\Temp\jl_bqYSw4 --json
  -> recur warp status demo.receipt -d C:\Users\marcn\AppData\Local\Temp\jl_K7L4eO --json
  -> recur warp status demo.other -d C:\Users\marcn\AppData\Local\Temp\jl_K7L4eO --json
  -> recur warp status demo.receipt -d C:\Users\marcn\AppData\Local\Temp\jl_K7L4eO --json
Read-only companion help: C:\src\recur\target\release-validation-1.85/release-safe\recur-warp.exe

============================================================
  Testing: recur lane
============================================================
  -> recur lane --help -d test_environment
  -> recur init -d C:\Users\marcn\AppData\Local\Temp\jl_vRPRZG
  -> recur init -d C:\Users\marcn\AppData\Local\Temp\jl_eYXOIg
  -> recur lane docs -d C:\Users\marcn\AppData\Local\Temp\jl_eYXOIg
  -> recur init -d C:\Users\marcn\AppData\Local\Temp\jl_Nz6Wvx
  -> recur lane impl -d C:\Users\marcn\AppData\Local\Temp\jl_Nz6Wvx
  -> recur init -d C:\Users\marcn\AppData\Local\Temp\jl_kAcSAA
  -> recur lane tests -d C:\Users\marcn\AppData\Local\Temp\jl_kAcSAA
  -> recur init -d C:\Users\marcn\AppData\Local\Temp\jl_4Kn7HQ
  -> recur lane docs -d C:\Users\marcn\AppData\Local\Temp\jl_4Kn7HQ
  -> recur reveal docs -d C:\Users\marcn\AppData\Local\Temp\jl_4Kn7HQ\lanes\docs --json
  -> recur init -d C:\Users\marcn\AppData\Local\Temp\jl_1AvDvX
  -> recur lane docs -d C:\Users\marcn\AppData\Local\Temp\jl_1AvDvX
  -> recur lane impl -d C:\Users\marcn\AppData\Local\Temp\jl_1AvDvX
  -> recur lane tests -d C:\Users\marcn\AppData\Local\Temp\jl_1AvDvX
  -> recur lane -d C:\Users\marcn\AppData\Local\Temp\jl_1AvDvX --json
  -> recur init -d C:\Users\marcn\AppData\Local\Temp\jl_e2crEf
  -> recur lane docs -d C:\Users\marcn\AppData\Local\Temp\jl_e2crEf
  -> recur lane docs -d C:\Users\marcn\AppData\Local\Temp\jl_e2crEf
  -> recur lane docs -d C:\Users\marcn\AppData\Local\Temp\jl_0wHOjh
  -> recur lane  -d C:\Users\marcn\AppData\Local\Temp\jl_aSPj6y

DEMO query.suffix.complete

DEMO query.suffix.todo_complete

DEMO query.suffix._complete_md

DEMO query.suffix._todo_complete_md

DEMO query.cir.empty.eventness

DEMO query.simultaneous.states

DEMO query.invalid.inputs

DEMO query.escape.and.executable.binding

DEMO query.directory.link.boundary

DEMO actor.arguments.confirm.without.receipt

DEMO actor.arguments.recover.without.checked

DEMO actor.arguments.checked.with.id

DEMO delivery.seven.binary.smoke

DEMO graph.exact.oracle

DEMO graph.fault.self

DEMO graph.fault.dependency

DEMO graph.fault.wait

DEMO graph.fault.missing.join

DEMO parser.comments.are.inert

DEMO parser.reject.duplicate.scope

DEMO parser.reject.missing.function

DEMO parser.reject.wrong.flow.port

DEMO parser.reject.undeclared.state

DEMO parser.reject.unknown.producer

DEMO parser.reject.missing.policy

DEMO parser.unicode.spans.LF

DEMO parser.unicode.spans.CRLF

DEMO checked.control.preview.accept.replay

DEMO checked.status.source_hash

DEMO checked.status.before

DEMO checked.status.after

DEMO checked.status.checked_inputs

DEMO checked.conflict.prepared.scope

DEMO checked.conflict.prepared.json

DEMO checked.conflict.accepted.scope

DEMO checked.conflict.accepted.json

DEMO checked.drift.spec_recur

DEMO checked.drift.implementation_jl

DEMO checked.drift.cases_jl

DEMO checked.drift.config_toml

DEMO checked.drift.runner_jl

DEMO checked.drift.behavior_md

DEMO checked.drift.policy_json

DEMO checked.drift.result_json

DEMO checked.drift.evidence_json

DEMO checked.drift.attempt_json

DEMO checked.attempt.id.80

DEMO checked.attempt.id.81

DEMO checked.attempt.id.dot

DEMO checked.attempt.id.empty

DEMO checked.attempt.id.unicode

DEMO path.oracle.adjacent

DEMO path.oracle.reverse

DEMO path.oracle.disconnected

DEMO path.oracle.empty

DEMO path.oracle.singleton

DEMO path.oracle.malformed

DEMO catalog.every.todo.has.test.and.warp.mapping

Case results: {"passed":58,"error":0,"broken":0,"failed":0,"empty":0}; exit=0
[ Info: Listening on: 127.0.0.1:0, thread id: 1
[ Info: Server on 127.0.0.1:0 closing
[ Info: Listening on: 127.0.0.1:0, thread id: 1
[ Info: Server on 127.0.0.1:0 closing
[ Info: Listening on: 127.0.0.1:0, thread id: 1
[ Info: Server on 127.0.0.1:0 closing
  self-cycle: SGR001 left -> left
  dependency-cycle: SGR001 audit -> left -> settle -> audit
  wait-cycle: SGR002 audit -> settle -> audit
  missing-join: SGR004, SGR004
  hidden Julia cycle: static check passes; bounded runtime probe fails (coverage limit)
  injected self: SGR001
  injected dependency: SGR001
  injected wait: SGR002
  injected join: SGR004
  reviewed hidden call: play -> session -> score -> play
[ Info: Listening on: 127.0.0.1:0, thread id: 1
[ Info: Server on 127.0.0.1:0 closing

============================================================
  Testing: lane coordination via trace-id
============================================================
  -> recur trace-id lane.a.api.contract --scope ** --ext .txt --json -d C:\Users\marcn\AppData\Local\Temp\jl_R7MWHG
  -> recur trace-id lane.a.api.contract --scope ** --ext .txt --json -d C:\Users\marcn\AppData\Local\Temp\jl_Bx8S4l\lanes\docs
  -> recur trace-id lane.a.thing.that.does.not.exist --scope ** --ext .txt --json -d C:\Users\marcn\AppData\Local\Temp\jl_EvMgl0
  -> recur trace-id lane.a.api.contract --scope ** --ext .txt --json -d C:\Users\marcn\AppData\Local\Temp\jl_UWZhd7
  -> recur trace-id lane.a.api.contract --scope ** --ext .txt --json -d C:\Users\marcn\AppData\Local\Temp\jl_v7zSlY
  -> recur files ** --sep . -d C:\Users\marcn\AppData\Local\Temp\jl_XQv0nz\lanes\docs
  -> recur files ** --sep . -d C:\Users\marcn\AppData\Local\Temp\jl_XQv0nz\lanes\impl
  -> recur files lane.** --sep . -d C:\Users\marcn\AppData\Local\Temp\jl_XQv0nz

============================================================
  Testing: recur-git checkpoint lane coverage
============================================================
  -> recur-git checkpoint --snapshot
Initialized empty Git repository in C:/Users/marcn/AppData/Local/Temp/jl_StZFd6/.git/
warning: in the working copy of '.gitignore', LF will be replaced by CRLF the next time Git touches it
warning: in the working copy of 'fail.jl', LF will be replaced by CRLF the next time Git touches it
warning: in the working copy of 'pass.jl', LF will be replaced by CRLF the next time Git touches it
[master (root-commit) 56b2550] test fixture
 3 files changed, 3 insertions(+)
 create mode 100644 .gitignore
 create mode 100644 fail.jl
 create mode 100644 pass.jl

============================================================
  Testing: recur watch command
============================================================
  -> recur-watch --help
  -> recur-watch 
  -> recur-watch --filter **.current.md --dir C:\Users\marcn\AppData\Local\Temp\jl_ivODzh
  -> recur-watch --id docs-monkey --filter **.current.md --dir C:\Users\marcn\AppData\Local\Temp\jl_rAPOZK --poll-framing 1
  -> recur watch status docs-monkey -d C:\Users\marcn\AppData\Local\Temp\jl_rAPOZK
  -> recur-watch --filter **.current.md --dir C:\Users\marcn\AppData\Local\Temp\jl_CrNIn9\does-not-exist
  -> recur-watch --filter **.current.md --dir C:\Users\marcn\AppData\Local\Temp\jl_F2MLFG --format json
  -> recur-watch --filter **.current.md --dir C:\Users\marcn\AppData\Local\Temp\jl_OpMHRZ --poll-framing 1
  -> recur-watch --filter **.current.md --poll-framing 5s
  -> recur-watch --id docs-monkey --filter **.current.md --dir C:\Users\marcn\AppData\Local\Temp\jl_6QQSDU --poll-framing 5s
  -> recur watch status docs-monkey -d C:\Users\marcn\AppData\Local\Temp\jl_6QQSDU
  -> recur-watch --filter **.current.md --poll-framing 0
  -> recur-watch --filter **.current.md --poll-framing -1

============================================================
  Testing: recur psyche command
============================================================
  -> recur psyche --help
  -> recur psyche --dir C:\Users\marcn\AppData\Local\Temp\jl_7tAg24
  -> recur psyche --dir C:\Users\marcn\AppData\Local\Temp\jl_m88dNu
  -> recur psyche --dir C:\Users\marcn\AppData\Local\Temp\jl_4OckuV
  -> recur psyche --dir C:\Users\marcn\AppData\Local\Temp\jl_ZBgXz0 --format json
  -> recur psyche --dir C:\Users\marcn\AppData\Local\Temp\jl_KdEFar --stale-seconds 60
  -> recur psyche --dir C:\Users\marcn\AppData\Local\Temp\jl_k3lUVN
  -> recur psyche --dir C:\Users\marcn\AppData\Local\Temp\jl_DO6i18
  -> recur psyche --dir C:\Users\marcn\AppData\Local\Temp\jl_AIZJpT --filter orphan-work --format json

============================================================
  Testing: recur trace-stats
============================================================
  -> recur trace-stats --help -d test_environment
  PASS
  -> recur trace-stats -d test_environment
  PASS
  -> recur trace-stats --scope ** --sort-by latency -d test_environment
  PASS
  -> recur trace-stats --scope ** --filter urgent-only -d test_environment
  PASS
  -> recur trace-stats --scope WideService --ext .cs --depth 6 --depth-guard hard-fail --json -d test_environment
  PASS
  -> recur trace-stats --scope WideService --ext .cs --depth 6 --depth-guard clamp --json -d test_environment
  PASS
  -> recur trace-stats --scope WideService --ext .cs --depth 6 --depth-guard hard-fail --force --json -d test_environment
  PASS
  -> recur trace-stats --scope LevelController.CreateWizard3.** --ext .cs --top 5 --json -d test_environment
  PASS
  -> recur trace-stats --scope ** --ext .cs --json -d test_environment
  PASS
  -> recur trace-stats --scope WideService --ext .cs --sort-by direct --top 1 --json -d test_environment
  PASS
  -> recur trace-stats --scope ** --ext .cs --sort-by transitive --top 3 --json -d test_environment
  PASS
  -> recur trace-stats --scope CycleService --ext .cs --sort-by circular --top 1 --json -d test_environment
  PASS
  -> recur trace-stats --scope ** --ext .cs --sort-by depth --top 3 --json -d test_environment
  PASS
  -> recur trace-stats --scope ** --ext .cs --sort-by risk --top 3 --json -d test_environment
  PASS
  -> recur trace-stats --scope ** --ext .cs --filter circular-only --json -d test_environment
  PASS
  -> recur trace-stats --scope ** --ext .cs --filter low-risk --json -d test_environment
  PASS
  -> <stdin> | recur trace-stats --scope ** --stdin --sort-by risk --json -d test_environment
  PASS
  -> recur trace-stats --scope DistinctCycleService --ext .cs --json -d test_environment
  -> recur trace-stats --scope WideService --ext .cs --json -d test_environment
  PASS
  -> recur trace-stats --scope WideService --ext .cs --json -d test_environment
  PASS
  -> recur trace-stats --scope MediumService --ext .cs --json -d test_environment
  PASS
  -> recur trace-stats --scope HighService --ext .cs --json -d test_environment
  PASS
  -> recur trace-stats --scope ** --ext .cs --sort-by transitive --top 2 --json -d test_environment
  PASS
  -> recur trace-stats --scope ** --ext .cs --sort-by transitive --json -d test_environment
  -> recur trace-stats --scope ** --ext .cs --sort-by transitive --top 3 --json -d test_environment
  PASS
  -> recur trace-stats --scope PerformanceService --ext .cs --json -d test_environment
  PASS (0.59s)

============================================================
  Testing: recur trace-id
============================================================
  -> recur trace-id -d test_environment --help
  -> recur trace-id ulu.topic.dot.ownership.create --scope ** --ext .cs --json -d test_environment
  -> recur trace-id ulu.topic.dot.** --scope ** --ext .cs --json -d test_environment
  -> recur trace-id ulu.topic.dot.ownership.create --scope ** --ext .cs --json -d test_environment
  -> <stdin> | recur trace-id ulu.topic.dot.ownership.create --scope ** --stdin --ext .cs --depth 6 --depth-guard clamp --json -d test_environment
  -> recur trace-id ulu.topic.dot.ownership.create --scope ** --ext .cs --json --save-run --run-name ownership-create-primary -d test_environment
  -> recur trace-id ulu.topic.dot.ownership.create --scope ** --ext .cs --json --check-run --run-name ownership-create-primary -d test_environment
  -> recur trace-id ulu.topic.dot.ownership.create --scope ** --ext .cs --json --reuse-if-fresh --run-name ownership-create-primary -d test_environment
  -> recur trace-id ulu.topic.dot.ownership.create --scope ** --ext .cs --json --check-run --run-name ownership-create-primary -d test_environment
  -> recur trace-id transition.audit.order.42 --scope transition.audit.** --ext .txt --json --save-run --run-name transition.audit.order.42 -d test_environment
  -> recur trace-id transition.audit.order.42 --scope transition.audit.** --ext .txt --json --check-run --run-name transition.audit.order.42 -d test_environment
  -> recur trace-id transition.audit.order.42 --scope transition.audit.** --ext .txt --json --check-run --run-name transition.audit.order.42 -d test_environment
  -> recur trace-id transition.audit.order.42 --scope transition.audit.** --ext .txt --json --save-run --run-name transition.audit.order.42 -d test_environment
  -> recur trace-id transition.audit.order.42 --scope transition.audit.** --ext .txt --json --check-run --run-name transition.audit.order.42 -d test_environment
  -> <piped> | recur merge --stdin --base pipeline.trace-id --sep . --json

============================================================
  Testing: recur trait
============================================================
  -> recur trait -d test_environment --help
  -> recur init -d test_environment --force
  -> recur trait -d test_environment set traversal_budget.max_depth 2
  -> recur trait -d test_environment set traversal_budget.depth_guard clamp
  -> recur trait -d test_environment get traversal_budget.max_depth
  -> recur trace-id ulu.topic.dot.ownership.create --scope ** --ext .cs --depth 6 --json -d test_environment
  -> recur trait -d test_environment set traversal_budget.min_depth 2
  -> recur trace-id ulu.topic.dot.ownership.create --scope ** --ext .cs --depth 1 --json -d test_environment

============================================================
  Testing: Skippy adaptive comms demo
============================================================
  -> recur files skippy.** -d test_environment\skippy_demo
  -> recur trace-id skippy.relationship.playful.precise.current --scope skippy.** --ext .txt --json -d test_environment\skippy_demo
  -> recur trace-id skippy.case.separator.correction --scope skippy.** --ext .txt --json -d test_environment\skippy_demo
  -> recur trace-id skippy.case.strong.insight --scope skippy.** --ext .txt --json -d test_environment\skippy_demo
  -> recur trace-id skippy.case.release.admin --scope skippy.** --ext .txt --json -d test_environment\skippy_demo

============================================================
  Testing: Sudoku demo Phase 1
============================================================
  -> recur files sudoku.** -d test_sudoku
  -> recur trace-id sudoku.r3.c5 --scope sudoku.** --ext .txt --json -d test_sudoku
  -> recur trace-id sudoku.r3.c5 --scope sudoku.** --ext .txt --json -d test_sudoku
  -> recur trace-id sudoku.r3.c5 --scope sudoku.** --ext .txt --json -d test_sudoku
  -> recur trace-id sudoku.r3.c5 --scope sudoku.** --ext .txt --json -d test_sudoku
  -> recur trace-id sudoku.r3.c5 --scope sudoku.** --ext .txt --json -d test_sudoku

============================================================
  Testing: Sudoku demo Phase 2
============================================================
  -> recur files sudoku.** -d C:\src\recur\julia-tests\..\demos\sudoku\puzzles\easy-001

============================================================
  Testing: Sudoku demo Phase 3
============================================================

============================================================
  Testing: Sudoku demo Phase 4
============================================================
Sudoku playable generation: Error During Test at C:\src\recur\julia-tests\runtests.demo.sudoku.teaching.jl:13
  Got exception outside of a @test
  ReadOnlyMemoryError()
  Stacktrace:
    [1] top-level scope
      @ dict.jl:0
    [2] top-level scope
      @ dict.jl:246
    [3] top-level scope
      @ dict.jl:548
    [4] top-level scope
      @ set.jl:92
    [5] top-level scope
      @ operators.jl:1397
    [6] top-level scope
      @ none:0
    [7] top-level scope
      @ iterators.jl:544
    [8] top-level scope
      @ generator.jl:45
    [9] top-level scope
      @ array.jl:885
   [10] top-level scope
      @ array.jl:867
   [11] top-level scope
      @ array.jl:787
   [12] top-level scope
      @ C:\src\recur\demos\sudoku\julia\Generator.jl:77
   [13] top-level scope
      @ C:\src\recur\demos\sudoku\julia\Playable.jl:27
   [14] top-level scope (repeats 14 times)
      @ C:\src\recur\demos\sudoku\julia\Playable.jl:37
   [15] top-level scope
      @ C:\src\recur\demos\sudoku\julia\Playable.jl:43
   [16] top-level scope
      @ C:\src\recur\demos\sudoku\julia\Playable.jl:16
   [17] top-level scope
      @ C:\src\recur\demos\sudoku\julia\Playable.jl:77
   [18] top-level scope
      @ C:\src\recur\demos\sudoku\julia\Playable.jl:67
   [19] top-level scope
      @ C:\src\recur\julia-tests\runtests.demo.sudoku.teaching.jl:14
   [20] macro expansion
      @ C:\Users\marcn\.julia\juliaup\julia-1.12.7+0.x64.w64.mingw32\share\julia\stdlib\v1.12\Test\src\Test.jl:1777 [inlined]
   [21] macro expansion
      @ C:\src\recur\julia-tests\runtests.demo.sudoku.teaching.jl:27 [inlined]
   [22] include(mapexpr::Function, mod::Module, _path::String)
      @ Base .\Base.jl:307
   [23] top-level scope
      @ C:\src\recur\julia-tests\runtests.jl:44
   [24] macro expansion
      @ C:\Users\marcn\.julia\juliaup\julia-1.12.7+0.x64.w64.mingw32\share\julia\stdlib\v1.12\Test\src\Test.jl:1777 [inlined]
   [25] macro expansion
      @ C:\src\recur\julia-tests\runtests.jl:112 [inlined]
   [26] include(mod::Module, _path::String)
      @ Base .\Base.jl:306
   [27] exec_options(opts::Base.JLOptions)
      @ Base .\client.jl:317
   [28] _start()
      @ Base .\client.jl:550
Test Summary:                                                  |  Pass  Error  Broken  Total     Time
Recur Complete Test Suite                                      | 27974      1      73  28048  2m12.3s
  recur files command                                          |    36              4     40     0.2s
  recur find command                                           |    38                    38     0.1s
  recur tree command                                           |    16              2     18     0.0s
  recur tree wildcard current                                  |     7                     7     0.0s
  recur related command                                        |    11                    11     0.0s
  recur children command                                       |    11                    11     0.0s
  recur id command                                             |     2              4      6     0.0s
  recur stats command                                          |    22                    22     0.1s
  recur merge command                                          |    19                    19     0.1s
  Real pipeline compatibility                                  |    44                    44     1.7s
  recur unflatten command (IMPROVEMENT15, expected broken)     |                   16     16     0.0s
  recur callers command                                        |    25                    25     0.1s
  recur callees command                                        |    24             10     34     0.2s
  recur trace command                                          |    81              9     90     0.6s
  recur dogfooding hierarchy tests                             |    29                    29     0.0s
  recur --stdin flag                                           |    80                    80     0.4s
    stdin with files command                                   |    34                    34     0.2s
      basic stdin filtering                                    |    22                    22     0.0s
      stdin with empty input                                   |     2                     2     0.1s
      stdin vs filesystem comparison                           |     4                     4     0.0s
      stdin with --count flag                                  |     2                     2     0.0s
      stdin with --json flag                                   |     4                     4     0.0s
    stdin with find command                                    |     2                     2     0.0s
    stdin with stats command                                   |     2                     2     0.0s
    stdin with tree command                                    |     2                     2     0.0s
    stdin with related command                                 |     2                     2     0.0s
    stdin with children command                                |     2                     2     0.0s
    stdin with id command                                      |     1                     1     0.0s
    stdin with callers command                                 |     2                     2     0.0s
    stdin with callees command                                 |     2                     2     0.0s
    stdin with trace command                                   |     2                     2     0.0s
    stdin with Git workflows                                   |    15                    15     0.0s
      git ls-files simulation                                  |     5                     5     0.0s
      git diff --name-only simulation                          |     4                     4     0.0s
      git diff --cached --name-only simulation                 |     2                     2     0.0s
      git show --name-only simulation                          |     2                     2     0.0s
      complex git pipeline simulation                          |     2                     2     0.0s
    stdin error handling                                       |    14                    14     0.1s
      stdin with invalid paths                                 |     2                     2     0.0s
      stdin with mixed valid/invalid paths                     |     2                     2     0.0s
      stdin with whitespace paths                              |     4                     4     0.0s
      stdin with windows paths                                 |     1                     1     0.0s
      stdin with relative paths                                |     2                     2     0.0s
      stdin with large input                                   |     2                     2     0.1s
      stdin with special characters                            |     1                     1     0.0s
  recur init command                                           |    33                    33     0.1s
  recur reveal command                                         |    31                    31     0.1s
  reveal artifact types                                        |   123                   123     0.5s
  Reveal v2 independent agent persona skill discovery          |    34                    34     0.1s
  Reveal persona skill defaults and companion                  |    12                    12     0.0s
  Reveal v2 companion and pure association queries             |    27                    27     0.1s
  recur watch query command                                    |    28                    28     0.1s
  recur version command                                        |    17                    17     0.0s
  recur-version command                                        |    19                    19     0.0s
  recur capability command                                     |    25                    25     0.1s
  warp-status-v1 fixture contract                              |    32                    32     0.0s
  recur warp status                                            |    92                    92     0.1s
  recur warp bubble composition                                |    32                    32     0.1s
  Warp recursive ring topology                                 |    44                    44     0.7s
  recur-warp evolution                                         |    18                    18     0.0s
  recur-warp collapse                                          |    22                    22     0.0s
  recur-warp Slice completion                                  |    22                    22     0.1s
  recur warp command structure                                 |    28                    28     0.0s
  Whole-map prerequisites and stale contracts                  |    16                    16     0.1s
  External evidence and checked map gates                      |    54                    54     0.2s
  Policy-aware lifecycle receipt                               |    12                    12     0.0s
  Warp policy in reveal                                        |    11                    11     0.0s
  Warp evidence integrity: suffix diagnosis                    |    15                    15     0.0s
  Warp inventory CLI                                           |    36                    36     0.2s
  Project-aware discovery policy and scope                     |    29                    29     0.2s
  Discovery evidence scope and real repository root            |    10                    10     1.8s
  Warp documentation reconciliation (red-first)                |    54                    54     0.0s
  Companion suffix policy safety                               |    81                    81     0.4s
  Warp beginner commands                                       |    85                    85     1.8s
  Warp remains ordinary searchable hierarchy                   |    54                    54     0.1s
  Warp identity and optional preservation policy               |    41                    41     0.1s
  Identity policy edge cases                                   |   103                   103     0.5s
  Warp list trait-style human presentation                     |    35                    35     0.1s
  List rings, duplicate scopes, escaping and qualified counts  |    23                    23     0.1s
  recur lane command                                           |    38                    38     0.2s
  main.lang parser and compact views                           |    16                    16     0.0s
  main.lang exact shared boundaries                            |     7                     7     0.0s
  main.lang algorithms                                         |     7                     7     0.0s
  main.lang contracts and lanes                                |     5                     5     0.0s
  main.lang randomized algorithm evidence                      |   750                   750     0.7s
  main.lang JSON surface                                       |     2                     2     0.0s
  main.lang CLI bindings                                       |     3                     3     0.0s
  main.lang query and companion contract                       |    18                    18     0.0s
  main.lang watch coordination design contract                 |    14                    14     0.0s
  Recur Lang baseline pure CLI                                 |    15                    15     0.1s
  recur-lang init v1                                           |   211                   211     0.4s
  Companion implementation plan v1                             |    41                    41     0.3s
  query.suffix.complete                                        |    10                    10     0.3s
  query.suffix.todo_complete                                   |    10                    10     0.3s
  query.suffix._complete_md                                    |    10                    10     0.3s
  query.suffix._todo_complete_md                               |    10                    10     0.3s
  query.cir.empty.eventness                                    |     4                     4     0.1s
  query.simultaneous.states                                    |     5                     5     0.1s
  query.invalid.inputs                                         |     9                     9     0.3s
  query.escape.and.executable.binding                          |    11                    11     0.5s
  query.directory.link.boundary                                |     6                     6     0.2s
  actor.arguments.confirm.without.receipt                      |     2                     2     0.1s
  actor.arguments.recover.without.checked                      |     2                     2     0.1s
  actor.arguments.checked.with.id                              |     2                     2     0.1s
  delivery.seven.binary.smoke                                  |    28                    28     1.6s
  graph.exact.oracle                                           |    12                    12     0.3s
  graph.fault.self                                             |     7                     7     0.1s
  graph.fault.dependency                                       |     7                     7     0.1s
  graph.fault.wait                                             |     5                     5     0.1s
  graph.fault.missing.join                                     |     5                     5     0.1s
  parser.comments.are.inert                                    |     3                     3     0.1s
  parser.reject.duplicate.scope                                |     3                     3     0.1s
  parser.reject.missing.function                               |     3                     3     0.1s
  parser.reject.wrong.flow.port                                |     3                     3     0.1s
  parser.reject.undeclared.state                               |     3                     3     0.1s
  parser.reject.unknown.producer                               |     3                     3     0.1s
  parser.reject.missing.policy                                 |     3                     3     0.1s
  parser.unicode.spans.LF                                      |     6                     6     0.1s
  parser.unicode.spans.CRLF                                    |     6                     6     0.1s
  checked.control.preview.accept.replay                        |    13                    13     0.5s
  checked.status.source_hash                                   |    12                    12     0.5s
  checked.status.before                                        |    12                    12     0.5s
  checked.status.after                                         |    12                    12     0.5s
  checked.status.checked_inputs                                |    12                    12     0.5s
  checked.conflict.prepared.scope                              |    12                    12     0.5s
  checked.conflict.prepared.json                               |    12                    12     0.5s
  checked.conflict.accepted.scope                              |    12                    12     0.5s
  checked.conflict.accepted.json                               |    12                    12     0.5s
  checked.drift.spec_recur                                     |    10                    10     0.5s
  checked.drift.implementation_jl                              |    10                    10     0.5s
  checked.drift.cases_jl                                       |    10                    10     0.5s
  checked.drift.config_toml                                    |    10                    10     0.5s
  checked.drift.runner_jl                                      |    10                    10     0.5s
  checked.drift.behavior_md                                    |    10                    10     0.5s
  checked.drift.policy_json                                    |    10                    10     0.5s
  checked.drift.result_json                                    |    10                    10     0.5s
  checked.drift.evidence_json                                  |    10                    10     0.5s
  checked.drift.attempt_json                                   |    10                    10     0.5s
  checked.attempt.id.80                                        |     2                     2     0.1s
  checked.attempt.id.81                                        |     2                     2     0.1s
  checked.attempt.id.dot                                       |     2                     2     0.1s
  checked.attempt.id.empty                                     |     2                     2     0.1s
  checked.attempt.id.unicode                                   |     2                     2     0.1s
  path.oracle.adjacent                                         |     1                     1     0.0s
  path.oracle.reverse                                          |     1                     1     0.0s
  path.oracle.disconnected                                     |     1                     1     0.0s
  path.oracle.empty                                            |     1                     1     0.0s
  path.oracle.singleton                                        |     1                     1     0.0s
  path.oracle.malformed                                        |     1                     1     0.0s
  catalog.every.todo.has.test.and.warp.mapping                 |   183                   183     0.0s
  Lang inspector: specification before implementation          |    33                    33     0.0s
  main.server Julia HTTP contract                              |    33                    33     0.7s
  Greeting specification boundary table                        |   111                   111     0.7s
  Catalog inspector frozen API                                 |   103                   103     0.1s
  Catalog inspector real loopback and read boundary            |    53                    53     1.0s
  Hello World to Holdem specification-first lab                |   527                   527     3.2s
  Blackjack contract-first stages                              | 13833                 13833    21.8s
  Blackjack website engine                                     |  8601                  8601     7.7s
  Blackjack website HTTP                                       |    41                    41     0.9s
  Blackjack website assets                                     |    14                    14     0.0s
  Blackjack website Lang reference                             |    46                    46     0.2s
  form validation source freezes explicit result routing       |     6                     6     0.0s
  form validation parser and graph contracts (expected broken) |                    1      1     0.0s
  retry await source freezes bounded asynchronous control flow |     8                     8     0.0s
  retry await parser contract (expected broken)                |                    1      1     0.0s
  pathing source freezes the formal parallel graph             |    22                    22     0.0s
  pathing source freezes the first tech-tree game slice        |    26                    26     0.0s
  pathing source freezes the layered prototype-map slice       |    27                    27     0.0s
  pathing parser and static graph contracts (expected broken)  |     1             13     14     0.0s
  pathing deterministic execution contracts (expected broken)  |                    9      9     0.0s
  Lane coordination via trace-id                               |    28                    28     0.1s
  recur-git checkpoint lane coverage                           |     9                     9     0.1s
  recur-git test receipt                                       |    14                    14     3.7s
  recur watch command                                          |    43                    43     0.3s
  recur psyche command                                         |    27                    27     0.4s
  recur trace-stats command                                    |    97                    97    43.9s
  recur trace-id command (IMPROVEMENT8)                        |    88              3     91     0.2s
  recur trait command                                          |    21              1     22     0.1s
  Capability traits                                            |    65                    65     0.3s
  Prompt discovery contract                                    |   379                   379     1.0s
  Demo: Skippy Adaptive Comms + trace-id                       |    35                    35     0.1s
  Demo: Sudoku + trace-id (Phase 1 — File Protocol)            |    32                    32     0.1s
  Demo: Sudoku Phase 2 — Recur.jl wrapper + puzzle fixture     |    20                    20     0.5s
  Demo: Sudoku Phase 3 — Generator.jl                          |    53                    53     0.5s
  Demo: Sudoku Phase 4 — Engine.jl + Display.jl + Game.jl      |    39                    39     0.2s
  Sudoku playable generation                                   |    79      1             80     9.8s
  demo.sudoku.watch cross-loop ping-pong                       |     3                     3     0.8s
RNG of the outermost testset: Xoshiro(0xe69c19bde5553dae, 0x0c3c952e9baf1544, 0x827839dfde070817, 0x935493d73bdb3f6b, 0x9efb058bb18461da)

============================================================
  Cleaning up test environment
============================================================
ERROR: LoadError: Some tests did not pass: 27974 passed, 0 failed, 1 errored, 73 broken.
in expression starting at C:\src\recur\julia-tests\runtests.jl:39
