Core tests: skipped
Demo tests: blackjack-web
╔═══════════════════════════════════════════════════════════╗
║         Recur Integration Test Suite                     ║
║         Hierarchical Search Tool Testing                 ║
╚═══════════════════════════════════════════════════════════╝


============================================================
  Setting up test environment
============================================================
Mapped split dependency fault: [{"span":{"end_byte":1726,"start_byte":1408,"end_line":60,"start_line":51},"subjects":["dealer","settlement","hands","turns"],"message":"Dependency cycle: dealer -> settlement -> hands -> turns -> dealer","code":"SGR001","path":["dealer","settlement","hands","turns","dealer"]}]
Mapped split dependency fault: [{"span":{"end_byte":1726,"start_byte":1408,"end_line":60,"start_line":51},"subjects":["dealer","settlement","hands","turns"],"message":"Dependency cycle: dealer -> settlement -> hands -> turns -> dealer","code":"SGR001","path":["dealer","settlement","hands","turns","dealer"]}]
Test Summary:             |  Pass  Total   Time
Recur Selected Test Suite | 19868  19868  21.8s

============================================================
  Cleaning up test environment
============================================================
╔═══════════════════════════════════════════════════════════╗
║         Test Suite Complete                              ║
╚═══════════════════════════════════════════════════════════╝


[ Info: Listening on: 127.0.0.1:0, thread id: 1
[ Info: Server on 127.0.0.1:0 closing
Internal error: during type inference of
merge(Base.Dict{String, Any}, Base.Dict{Any, Any})
Encountered unexpected error in runtime:
BoundsError(a=Array{Base.Compiler.NewNodeInfo, 1}(dims=(5,), mem=Memory{Base.Compiler.NewNodeInfo}(9, 0000025489e46280)[Base.Compiler.NewNodeInfo(pos=121, attach_after=false), Base.Compiler.NewNodeInfo(pos=126, attach_after=false), Base.Compiler.NewNodeInfo(pos=121, attach_after=false), Base.Compiler.NewNodeInfo(pos=126, attach_after=false), Base.Compiler.NewNodeInfo(pos=121, attach_after=false), Base.Compiler.NewNodeInfo(pos=100, attach_after=true), Base.Compiler.NewNodeInfo(pos=250, attach_after=true), Base.Compiler.NewNodeInfo(pos=140716768493569, attach_after=true), Base.Compiler.NewNodeInfo(pos=2, attach_after=true)]), i=(-140716737895440,))
throw_boundserror at .\essentials.jl:15
getindex at .\essentials.jl:919 [inlined]
insert_node! at .\../usr/share/julia/Compiler/src/ssair\ir.jl:1023
insert_node! at .\../usr/share/julia/Compiler/src/ssair\ir.jl:976 [inlined]
perform_lifting! at .\../usr/share/julia/Compiler/src/ssair\passes.jl:842
perform_lifting! at .\../usr/share/julia/Compiler/src/ssair\passes.jl:779 [inlined]
sroa_pass! at .\../usr/share/julia/Compiler/src/ssair\passes.jl:1496
run_passes_ipo_safe at .\../usr/share/julia/Compiler/src\optimize.jl:1013
run_passes_ipo_safe at .\../usr/share/julia/Compiler/src\optimize.jl:1027 [inlined]
optimize at .\../usr/share/julia/Compiler/src\optimize.jl:1002
jfptr_optimize_81786 at C:\Users\marcn\.julia\juliaup\julia-1.12.7+0.x64.w64.mingw32\lib\julia\sys.dll (unknown line)
finish_nocycle at .\../usr/share/julia/Compiler/src\typeinfer.jl:202
jfptr_finish_nocycle_84310 at C:\Users\marcn\.julia\juliaup\julia-1.12.7+0.x64.w64.mingw32\lib\julia\sys.dll (unknown line)
typeinf at .\../usr/share/julia/Compiler/src\abstractinterpretation.jl:4522
typeinf_ext at .\../usr/share/julia/Compiler/src\typeinfer.jl:1256
typeinf_ext_toplevel at .\../usr/share/julia/Compiler/src\typeinfer.jl:1439 [inlined]
typeinf_ext_toplevel at .\../usr/share/julia/Compiler/src\typeinfer.jl:1448
jfptr_typeinf_ext_toplevel_80922 at C:\Users\marcn\.julia\juliaup\julia-1.12.7+0.x64.w64.mingw32\lib\julia\sys.dll (unknown line)
_jl_invoke at C:/workdir/src\gf.c:3995 [inlined]
ijl_apply_generic at C:/workdir/src\gf.c:4214 [inlined]
jl_apply at C:/workdir/src\julia.h:2394 [inlined]
jl_type_infer at C:/workdir/src\gf.c:466
jl_compile_method_internal at C:/workdir/src\gf.c:3516
_jl_invoke at C:/workdir/src\gf.c:4006 [inlined]
ijl_apply_generic at C:/workdir/src\gf.c:4214
jl_apply at C:/workdir/src\julia.h:2394 [inlined]
do_call at C:/workdir/src\interpreter.c:123
eval_value at C:/workdir/src\interpreter.c:243
eval_stmt_value at C:/workdir/src\interpreter.c:194 [inlined]
eval_body at C:/workdir/src\interpreter.c:707
jl_fptr_interpret_call at C:/workdir/src\interpreter.c:816
#cmd#2 at C:\src\recur\demos\blackjack-web\main.blackjack.rivals.test.jl:13
jl_apply at C:/workdir/src\julia.h:2394 [inlined]
do_call at C:/workdir/src\interpreter.c:123
eval_value at C:/workdir/src\interpreter.c:243
eval_stmt_value at C:/workdir/src\interpreter.c:194 [inlined]
eval_body at C:/workdir/src\interpreter.c:707
jl_fptr_interpret_call at C:/workdir/src\interpreter.c:816
cmd at C:\src\recur\demos\blackjack-web\main.blackjack.rivals.test.jl:13
jl_apply at C:/workdir/src\julia.h:2394 [inlined]
do_call at C:/workdir/src\interpreter.c:123
eval_value at C:/workdir/src\interpreter.c:243
eval_stmt_value at C:/workdir/src\interpreter.c:194 [inlined]
eval_body at C:/workdir/src\interpreter.c:707
eval_body at C:/workdir/src\interpreter.c:558
eval_body at C:/workdir/src\interpreter.c:558
jl_interpret_toplevel_thunk at C:/workdir/src\interpreter.c:898
macro expansion at C:\src\recur\demos\blackjack-web\main.blackjack.rivals.test.jl:251 [inlined]
macro expansion at C:\workdir\usr\share\julia\stdlib\v1.12\Test\src\Test.jl:1777 [inlined]
top-level scope at C:\src\recur\demos\blackjack-web\main.blackjack.rivals.test.jl:250
jl_toplevel_eval_flex at C:/workdir/src\toplevel.c:1035
jl_eval_module_expr at C:/workdir/src\toplevel.c:197 [inlined]
jl_toplevel_eval_flex at C:/workdir/src\toplevel.c:814
jl_toplevel_eval_flex at C:/workdir/src\toplevel.c:975
ijl_toplevel_eval at C:/workdir/src\toplevel.c:1047 [inlined]
ijl_toplevel_eval_in at C:/workdir/src\toplevel.c:1092
eval at .\boot.jl:489
include_string at .\loading.jl:2952
_include at .\loading.jl:3012
include at .\Base.jl:307
IncludeInto at .\Base.jl:308
jfptr_IncludeInto_55095 at C:\Users\marcn\.julia\juliaup\julia-1.12.7+0.x64.w64.mingw32\lib\julia\sys.dll (unknown line)
jl_apply at C:/workdir/src\julia.h:2394 [inlined]
do_call at C:/workdir/src\interpreter.c:123
eval_value at C:/workdir/src\interpreter.c:243
eval_stmt_value at C:/workdir/src\interpreter.c:194 [inlined]
eval_body at C:/workdir/src\interpreter.c:707
jl_interpret_toplevel_thunk at C:/workdir/src\interpreter.c:898
top-level scope at C:\src\recur\demos\blackjack-web\main.blackjack.web.test.jl:98
jl_toplevel_eval_flex at C:/workdir/src\toplevel.c:1035
jl_eval_module_expr at C:/workdir/src\toplevel.c:197 [inlined]
jl_toplevel_eval_flex at C:/workdir/src\toplevel.c:814
jl_toplevel_eval_flex at C:/workdir/src\toplevel.c:975
ijl_toplevel_eval at C:/workdir/src\toplevel.c:1047 [inlined]
ijl_toplevel_eval_in at C:/workdir/src\toplevel.c:1092
eval at .\boot.jl:489
include_string at .\loading.jl:2952
_include at .\loading.jl:3012
include at .\Base.jl:307
IncludeInto at .\Base.jl:308
jfptr_IncludeInto_55095 at C:\Users\marcn\.julia\juliaup\julia-1.12.7+0.x64.w64.mingw32\lib\julia\sys.dll (unknown line)
jl_apply at C:/workdir/src\julia.h:2394 [inlined]
do_call at C:/workdir/src\interpreter.c:123
eval_value at C:/workdir/src\interpreter.c:243
eval_stmt_value at C:/workdir/src\interpreter.c:194 [inlined]
eval_body at C:/workdir/src\interpreter.c:707
jl_interpret_toplevel_thunk at C:/workdir/src\interpreter.c:898
top-level scope at C:\src\recur\julia-tests\main.demo.blackjack-web.test.jl:2
jl_toplevel_eval_flex at C:/workdir/src\toplevel.c:1035
jl_toplevel_eval_flex at C:/workdir/src\toplevel.c:975
ijl_toplevel_eval at C:/workdir/src\toplevel.c:1047 [inlined]
ijl_toplevel_eval_in at C:/workdir/src\toplevel.c:1092
eval at .\boot.jl:489
include_string at .\loading.jl:2952
_include at .\loading.jl:3012
include at .\Base.jl:307
IncludeInto at .\Base.jl:308
jfptr_IncludeInto_55095 at C:\Users\marcn\.julia\juliaup\julia-1.12.7+0.x64.w64.mingw32\lib\julia\sys.dll (unknown line)
macro expansion at C:\src\recur\julia-tests\runtests.jl:128 [inlined]
macro expansion at C:\workdir\usr\share\julia\stdlib\v1.12\Test\src\Test.jl:1777 [inlined]
top-level scope at C:\src\recur\julia-tests\runtests.jl:64
jl_toplevel_eval_flex at C:/workdir/src\toplevel.c:1024
jl_toplevel_eval_flex at C:/workdir/src\toplevel.c:975
ijl_toplevel_eval at C:/workdir/src\toplevel.c:1047 [inlined]
ijl_toplevel_eval_in at C:/workdir/src\toplevel.c:1092
eval at .\boot.jl:489
include_string at .\loading.jl:2952
_include at .\loading.jl:3012
include at .\Base.jl:306
exec_options at .\client.jl:317
_start at .\client.jl:550
jfptr__start_59066 at C:\Users\marcn\.julia\juliaup\julia-1.12.7+0.x64.w64.mingw32\lib\julia\sys.dll (unknown line)
jl_apply at C:/workdir/src\julia.h:2394 [inlined]
true_main at C:/workdir/src\jlapi.c:985
jl_repl_entrypoint at C:/workdir/src\jlapi.c:1153
mainCRTStartup at C:/workdir/cli\loader_exe.c:58
BaseThreadInitThunk at C:\WINDOWS\System32\KERNEL32.DLL (unknown line)
RtlUserThreadStart at C:\WINDOWS\SYSTEM32\ntdll.dll (unknown line)
