Frozen rival policy golden cases: Error During Test at C:\src\recur\demos\blackjack-web\skill\main.blackjack.skill.strategy.test.jl:7
  Got exception outside of a @test
  UndefVarError: `policies` not defined in `Main.StrategyContractTests.BlackjackStrategy`
  Suggestion: check for spelling errors or missing imports.
  Stacktrace:
   [1] getproperty(x::Module, f::Symbol)
     @ Base .\Base_compiler.jl:47
   [2] top-level scope
     @ C:\src\recur\demos\blackjack-web\skill\main.blackjack.skill.strategy.test.jl:8
   [3] macro expansion
     @ C:\Users\marcn\.julia\juliaup\julia-1.12.7+0.x64.w64.mingw32\share\julia\stdlib\v1.12\Test\src\Test.jl:1777 [inlined]
   [4] macro expansion
     @ C:\src\recur\demos\blackjack-web\skill\main.blackjack.skill.strategy.test.jl:8 [inlined]
   [5] include(mod::Module, _path::String)
     @ Base .\Base.jl:306
   [6] exec_options(opts::Base.JLOptions)
     @ Base .\client.jl:317
   [7] _start()
     @ Base .\client.jl:550
Test Summary:                    | Error  Total  Time
Frozen rival policy golden cases |     1      1  0.6s
RNG of the outermost testset: Random.Xoshiro(0x13451efa1abeb5c2, 0xecbbce428d76239a, 0x9d23576f172c5d96, 0x6100f359e69e2721, 0x922fe66285520665)

ERROR: LoadError: Some tests did not pass: 0 passed, 0 failed, 1 errored, 0 broken.
in expression starting at C:\src\recur\demos\blackjack-web\skill\main.blackjack.skill.strategy.test.jl:1
