   Compiling recur v0.2.8 (C:\src\recur)
warning: variant `Element` is never constructed
  --> src\main_command_flatten_impl.rs:32:5
   |
31 | pub enum EntryKind {
   |          --------- variant in this enum
32 |     Element,
   |     ^^^^^^^
   |
   = note: `EntryKind` has a derived impl for the trait `Debug`, but this is intentionally ignored during dead code analysis
   = note: `#[warn(dead_code)]` (part of `#[warn(unused)]`) on by default

warning: `recur` (bin "recur") generated 1 warning
    Finished `test` profile [unoptimized + debuginfo] target(s) in 19.59s
     Running tests\lang_query.rs (target\debug\deps\lang_query-1a25d18636ac53ad.exe)

running 5 tests
test bare_lang_handles_empty_root_errors_and_explicit_help ... ok
test checks_distinguish_graph_findings_from_input_errors ... ok
test default_eventness_is_an_observed_file_not_a_requested_transition ... ok
test pure_queries_preserve_unicode_exact_inventory_and_scope_boundaries ... ok
test bare_lang_lists_hierarchy_and_preserves_read_only_json_discovery ... ok

test result: ok. 5 passed; 0 failed; 0 ignored; 0 measured; 0 filtered out; finished in 1.73s

