identity.valid: Test Failed at C:\src\recur\demos\web-evidence-lab\main.lang.evidence.test.jl:65
  Expression: report["status"] == expected
   Evaluated: "absent" == "checked"

Stacktrace:
 [1] top-level scope
   @ C:\src\recur\demos\web-evidence-lab\main.lang.evidence.test.jl:65
 [2] macro expansion
   @ C:\Users\marcn\.julia\juliaup\julia-1.12.7+0.x64.w64.mingw32\share\julia\stdlib\v1.12\Test\src\Test.jl:680 [inlined]
 [3] top-level scope
   @ file.jl:941
 [4] mktempdir(fn::Function, parent::String)
   @ Base.Filesystem .\file.jl:937
 [5] top-level scope
   @ C:\src\recur\demos\web-evidence-lab\main.lang.evidence.test.jl:57
 [6] macro expansion
   @ C:\Users\marcn\.julia\juliaup\julia-1.12.7+0.x64.w64.mingw32\share\julia\stdlib\v1.12\Test\src\Test.jl:1777 [inlined]
 [7] macro expansion
   @ C:\src\recur\demos\web-evidence-lab\main.lang.evidence.test.jl:57 [inlined]
association.declared: Test Failed at C:\src\recur\demos\web-evidence-lab\main.lang.evidence.test.jl:65
  Expression: report["status"] == expected
   Evaluated: "absent" == "declared"

Stacktrace:
 [1] top-level scope
   @ C:\src\recur\demos\web-evidence-lab\main.lang.evidence.test.jl:65
 [2] macro expansion
   @ C:\Users\marcn\.julia\juliaup\julia-1.12.7+0.x64.w64.mingw32\share\julia\stdlib\v1.12\Test\src\Test.jl:680 [inlined]
 [3] top-level scope
   @ file.jl:941
 [4] mktempdir(fn::Function, parent::String)
   @ Base.Filesystem .\file.jl:937
 [5] top-level scope
   @ C:\src\recur\demos\web-evidence-lab\main.lang.evidence.test.jl:57
 [6] macro expansion
   @ C:\Users\marcn\.julia\juliaup\julia-1.12.7+0.x64.w64.mingw32\share\julia\stdlib\v1.12\Test\src\Test.jl:1777 [inlined]
 [7] macro expansion
   @ C:\src\recur\demos\web-evidence-lab\main.lang.evidence.test.jl:57 [inlined]
identity.wrong-source: Test Failed at C:\src\recur\demos\web-evidence-lab\main.lang.evidence.test.jl:65
  Expression: report["status"] == expected
   Evaluated: "absent" == "mismatched"

Stacktrace:
 [1] top-level scope
   @ C:\src\recur\demos\web-evidence-lab\main.lang.evidence.test.jl:65
 [2] macro expansion
   @ C:\Users\marcn\.julia\juliaup\julia-1.12.7+0.x64.w64.mingw32\share\julia\stdlib\v1.12\Test\src\Test.jl:680 [inlined]
 [3] top-level scope
   @ file.jl:941
 [4] mktempdir(fn::Function, parent::String)
   @ Base.Filesystem .\file.jl:937
 [5] top-level scope
   @ C:\src\recur\demos\web-evidence-lab\main.lang.evidence.test.jl:57
 [6] macro expansion
   @ C:\Users\marcn\.julia\juliaup\julia-1.12.7+0.x64.w64.mingw32\share\julia\stdlib\v1.12\Test\src\Test.jl:1777 [inlined]
 [7] macro expansion
   @ C:\src\recur\demos\web-evidence-lab\main.lang.evidence.test.jl:57 [inlined]
identity.wrong-scope: Test Failed at C:\src\recur\demos\web-evidence-lab\main.lang.evidence.test.jl:65
  Expression: report["status"] == expected
   Evaluated: "absent" == "mismatched"

Stacktrace:
 [1] top-level scope
   @ C:\src\recur\demos\web-evidence-lab\main.lang.evidence.test.jl:65
 [2] macro expansion
   @ C:\Users\marcn\.julia\juliaup\julia-1.12.7+0.x64.w64.mingw32\share\julia\stdlib\v1.12\Test\src\Test.jl:680 [inlined]
 [3] top-level scope
   @ file.jl:941
 [4] mktempdir(fn::Function, parent::String)
   @ Base.Filesystem .\file.jl:937
 [5] top-level scope
   @ C:\src\recur\demos\web-evidence-lab\main.lang.evidence.test.jl:57
 [6] macro expansion
   @ C:\Users\marcn\.julia\juliaup\julia-1.12.7+0.x64.w64.mingw32\share\julia\stdlib\v1.12\Test\src\Test.jl:1777 [inlined]
 [7] macro expansion
   @ C:\src\recur\demos\web-evidence-lab\main.lang.evidence.test.jl:57 [inlined]
identity.wrong-slice_id: Test Failed at C:\src\recur\demos\web-evidence-lab\main.lang.evidence.test.jl:65
  Expression: report["status"] == expected
   Evaluated: "absent" == "mismatched"

Stacktrace:
 [1] top-level scope
   @ C:\src\recur\demos\web-evidence-lab\main.lang.evidence.test.jl:65
 [2] macro expansion
   @ C:\Users\marcn\.julia\juliaup\julia-1.12.7+0.x64.w64.mingw32\share\julia\stdlib\v1.12\Test\src\Test.jl:680 [inlined]
 [3] top-level scope
   @ file.jl:941
 [4] mktempdir(fn::Function, parent::String)
   @ Base.Filesystem .\file.jl:937
 [5] top-level scope
   @ C:\src\recur\demos\web-evidence-lab\main.lang.evidence.test.jl:57
 [6] macro expansion
   @ C:\Users\marcn\.julia\juliaup\julia-1.12.7+0.x64.w64.mingw32\share\julia\stdlib\v1.12\Test\src\Test.jl:1777 [inlined]
 [7] macro expansion
   @ C:\src\recur\demos\web-evidence-lab\main.lang.evidence.test.jl:57 [inlined]
identity.wrong-contract_hash: Test Failed at C:\src\recur\demos\web-evidence-lab\main.lang.evidence.test.jl:65
  Expression: report["status"] == expected
   Evaluated: "absent" == "mismatched"

Stacktrace:
 [1] top-level scope
   @ C:\src\recur\demos\web-evidence-lab\main.lang.evidence.test.jl:65
 [2] macro expansion
   @ C:\Users\marcn\.julia\juliaup\julia-1.12.7+0.x64.w64.mingw32\share\julia\stdlib\v1.12\Test\src\Test.jl:680 [inlined]
 [3] top-level scope
   @ file.jl:941
 [4] mktempdir(fn::Function, parent::String)
   @ Base.Filesystem .\file.jl:937
 [5] top-level scope
   @ C:\src\recur\demos\web-evidence-lab\main.lang.evidence.test.jl:57
 [6] macro expansion
   @ C:\Users\marcn\.julia\juliaup\julia-1.12.7+0.x64.w64.mingw32\share\julia\stdlib\v1.12\Test\src\Test.jl:1777 [inlined]
 [7] macro expansion
   @ C:\src\recur\demos\web-evidence-lab\main.lang.evidence.test.jl:57 [inlined]
identity.wrong-warp_id: Test Failed at C:\src\recur\demos\web-evidence-lab\main.lang.evidence.test.jl:65
  Expression: report["status"] == expected
   Evaluated: "absent" == "mismatched"

Stacktrace:
 [1] top-level scope
   @ C:\src\recur\demos\web-evidence-lab\main.lang.evidence.test.jl:65
 [2] macro expansion
   @ C:\Users\marcn\.julia\juliaup\julia-1.12.7+0.x64.w64.mingw32\share\julia\stdlib\v1.12\Test\src\Test.jl:680 [inlined]
 [3] top-level scope
   @ file.jl:941
 [4] mktempdir(fn::Function, parent::String)
   @ Base.Filesystem .\file.jl:937
 [5] top-level scope
   @ C:\src\recur\demos\web-evidence-lab\main.lang.evidence.test.jl:57
 [6] macro expansion
   @ C:\Users\marcn\.julia\juliaup\julia-1.12.7+0.x64.w64.mingw32\share\julia\stdlib\v1.12\Test\src\Test.jl:1777 [inlined]
 [7] macro expansion
   @ C:\src\recur\demos\web-evidence-lab\main.lang.evidence.test.jl:57 [inlined]
identity.alias: Test Failed at C:\src\recur\demos\web-evidence-lab\main.lang.evidence.test.jl:65
  Expression: report["status"] == expected
   Evaluated: "absent" == "mismatched"

Stacktrace:
 [1] top-level scope
   @ C:\src\recur\demos\web-evidence-lab\main.lang.evidence.test.jl:65
 [2] macro expansion
   @ C:\Users\marcn\.julia\juliaup\julia-1.12.7+0.x64.w64.mingw32\share\julia\stdlib\v1.12\Test\src\Test.jl:680 [inlined]
 [3] top-level scope
   @ file.jl:941
 [4] mktempdir(fn::Function, parent::String)
   @ Base.Filesystem .\file.jl:937
 [5] top-level scope
   @ C:\src\recur\demos\web-evidence-lab\main.lang.evidence.test.jl:57
 [6] macro expansion
   @ C:\Users\marcn\.julia\juliaup\julia-1.12.7+0.x64.w64.mingw32\share\julia\stdlib\v1.12\Test\src\Test.jl:1777 [inlined]
 [7] macro expansion
   @ C:\src\recur\demos\web-evidence-lab\main.lang.evidence.test.jl:57 [inlined]
identity.transition: Test Failed at C:\src\recur\demos\web-evidence-lab\main.lang.evidence.test.jl:65
  Expression: report["status"] == expected
   Evaluated: "absent" == "mismatched"

Stacktrace:
 [1] top-level scope
   @ C:\src\recur\demos\web-evidence-lab\main.lang.evidence.test.jl:65
 [2] macro expansion
   @ C:\Users\marcn\.julia\juliaup\julia-1.12.7+0.x64.w64.mingw32\share\julia\stdlib\v1.12\Test\src\Test.jl:680 [inlined]
 [3] top-level scope
   @ file.jl:941
 [4] mktempdir(fn::Function, parent::String)
   @ Base.Filesystem .\file.jl:937
 [5] top-level scope
   @ C:\src\recur\demos\web-evidence-lab\main.lang.evidence.test.jl:57
 [6] macro expansion
   @ C:\Users\marcn\.julia\juliaup\julia-1.12.7+0.x64.w64.mingw32\share\julia\stdlib\v1.12\Test\src\Test.jl:1777 [inlined]
 [7] macro expansion
   @ C:\src\recur\demos\web-evidence-lab\main.lang.evidence.test.jl:57 [inlined]
identity.producer: Test Failed at C:\src\recur\demos\web-evidence-lab\main.lang.evidence.test.jl:65
  Expression: report["status"] == expected
   Evaluated: "absent" == "mismatched"

Stacktrace:
 [1] top-level scope
   @ C:\src\recur\demos\web-evidence-lab\main.lang.evidence.test.jl:65
 [2] macro expansion
   @ C:\Users\marcn\.julia\juliaup\julia-1.12.7+0.x64.w64.mingw32\share\julia\stdlib\v1.12\Test\src\Test.jl:680 [inlined]
 [3] top-level scope
   @ file.jl:941
 [4] mktempdir(fn::Function, parent::String)
   @ Base.Filesystem .\file.jl:937
 [5] top-level scope
   @ C:\src\recur\demos\web-evidence-lab\main.lang.evidence.test.jl:57
 [6] macro expansion
   @ C:\Users\marcn\.julia\juliaup\julia-1.12.7+0.x64.w64.mingw32\share\julia\stdlib\v1.12\Test\src\Test.jl:1777 [inlined]
 [7] macro expansion
   @ C:\src\recur\demos\web-evidence-lab\main.lang.evidence.test.jl:57 [inlined]
identity.gates: Test Failed at C:\src\recur\demos\web-evidence-lab\main.lang.evidence.test.jl:65
  Expression: report["status"] == expected
   Evaluated: "absent" == "mismatched"

Stacktrace:
 [1] top-level scope
   @ C:\src\recur\demos\web-evidence-lab\main.lang.evidence.test.jl:65
 [2] macro expansion
   @ C:\Users\marcn\.julia\juliaup\julia-1.12.7+0.x64.w64.mingw32\share\julia\stdlib\v1.12\Test\src\Test.jl:680 [inlined]
 [3] top-level scope
   @ file.jl:941
 [4] mktempdir(fn::Function, parent::String)
   @ Base.Filesystem .\file.jl:937
 [5] top-level scope
   @ C:\src\recur\demos\web-evidence-lab\main.lang.evidence.test.jl:57
 [6] macro expansion
   @ C:\Users\marcn\.julia\juliaup\julia-1.12.7+0.x64.w64.mingw32\share\julia\stdlib\v1.12\Test\src\Test.jl:1777 [inlined]
 [7] macro expansion
   @ C:\src\recur\demos\web-evidence-lab\main.lang.evidence.test.jl:57 [inlined]
association.duplicate: Test Failed at C:\src\recur\demos\web-evidence-lab\main.lang.evidence.test.jl:65
  Expression: report["status"] == expected
   Evaluated: "absent" == "ambiguous"

Stacktrace:
 [1] top-level scope
   @ C:\src\recur\demos\web-evidence-lab\main.lang.evidence.test.jl:65
 [2] macro expansion
   @ C:\Users\marcn\.julia\juliaup\julia-1.12.7+0.x64.w64.mingw32\share\julia\stdlib\v1.12\Test\src\Test.jl:680 [inlined]
 [3] top-level scope
   @ file.jl:941
 [4] mktempdir(fn::Function, parent::String)
   @ Base.Filesystem .\file.jl:937
 [5] top-level scope
   @ C:\src\recur\demos\web-evidence-lab\main.lang.evidence.test.jl:57
 [6] macro expansion
   @ C:\Users\marcn\.julia\juliaup\julia-1.12.7+0.x64.w64.mingw32\share\julia\stdlib\v1.12\Test\src\Test.jl:1777 [inlined]
 [7] macro expansion
   @ C:\src\recur\demos\web-evidence-lab\main.lang.evidence.test.jl:57 [inlined]
association.schema: Test Failed at C:\src\recur\demos\web-evidence-lab\main.lang.evidence.test.jl:65
  Expression: report["status"] == expected
   Evaluated: "absent" == "malformed"

Stacktrace:
 [1] top-level scope
   @ C:\src\recur\demos\web-evidence-lab\main.lang.evidence.test.jl:65
 [2] macro expansion
   @ C:\Users\marcn\.julia\juliaup\julia-1.12.7+0.x64.w64.mingw32\share\julia\stdlib\v1.12\Test\src\Test.jl:680 [inlined]
 [3] top-level scope
   @ file.jl:941
 [4] mktempdir(fn::Function, parent::String)
   @ Base.Filesystem .\file.jl:937
 [5] top-level scope
   @ C:\src\recur\demos\web-evidence-lab\main.lang.evidence.test.jl:57
 [6] macro expansion
   @ C:\Users\marcn\.julia\juliaup\julia-1.12.7+0.x64.w64.mingw32\share\julia\stdlib\v1.12\Test\src\Test.jl:1777 [inlined]
 [7] macro expansion
   @ C:\src\recur\demos\web-evidence-lab\main.lang.evidence.test.jl:57 [inlined]
association.missing-field: Test Failed at C:\src\recur\demos\web-evidence-lab\main.lang.evidence.test.jl:65
  Expression: report["status"] == expected
   Evaluated: "absent" == "malformed"

Stacktrace:
 [1] top-level scope
   @ C:\src\recur\demos\web-evidence-lab\main.lang.evidence.test.jl:65
 [2] macro expansion
   @ C:\Users\marcn\.julia\juliaup\julia-1.12.7+0.x64.w64.mingw32\share\julia\stdlib\v1.12\Test\src\Test.jl:680 [inlined]
 [3] top-level scope
   @ file.jl:941
 [4] mktempdir(fn::Function, parent::String)
   @ Base.Filesystem .\file.jl:937
 [5] top-level scope
   @ C:\src\recur\demos\web-evidence-lab\main.lang.evidence.test.jl:57
 [6] macro expansion
   @ C:\Users\marcn\.julia\juliaup\julia-1.12.7+0.x64.w64.mingw32\share\julia\stdlib\v1.12\Test\src\Test.jl:1777 [inlined]
 [7] macro expansion
   @ C:\src\recur\demos\web-evidence-lab\main.lang.evidence.test.jl:57 [inlined]
history.no-current: Test Failed at C:\src\recur\demos\web-evidence-lab\main.lang.evidence.test.jl:65
  Expression: report["status"] == expected
   Evaluated: "absent" == "declared"

Stacktrace:
 [1] top-level scope
   @ C:\src\recur\demos\web-evidence-lab\main.lang.evidence.test.jl:65
 [2] macro expansion
   @ C:\Users\marcn\.julia\juliaup\julia-1.12.7+0.x64.w64.mingw32\share\julia\stdlib\v1.12\Test\src\Test.jl:680 [inlined]
 [3] top-level scope
   @ file.jl:941
 [4] mktempdir(fn::Function, parent::String)
   @ Base.Filesystem .\file.jl:937
 [5] top-level scope
   @ C:\src\recur\demos\web-evidence-lab\main.lang.evidence.test.jl:57
 [6] macro expansion
   @ C:\Users\marcn\.julia\juliaup\julia-1.12.7+0.x64.w64.mingw32\share\julia\stdlib\v1.12\Test\src\Test.jl:1777 [inlined]
 [7] macro expansion
   @ C:\src\recur\demos\web-evidence-lab\main.lang.evidence.test.jl:57 [inlined]
history.unknown-current: Test Failed at C:\src\recur\demos\web-evidence-lab\main.lang.evidence.test.jl:65
  Expression: report["status"] == expected
   Evaluated: "absent" == "malformed"

Stacktrace:
 [1] top-level scope
   @ C:\src\recur\demos\web-evidence-lab\main.lang.evidence.test.jl:65
 [2] macro expansion
   @ C:\Users\marcn\.julia\juliaup\julia-1.12.7+0.x64.w64.mingw32\share\julia\stdlib\v1.12\Test\src\Test.jl:680 [inlined]
 [3] top-level scope
   @ file.jl:941
 [4] mktempdir(fn::Function, parent::String)
   @ Base.Filesystem .\file.jl:937
 [5] top-level scope
   @ C:\src\recur\demos\web-evidence-lab\main.lang.evidence.test.jl:57
 [6] macro expansion
   @ C:\Users\marcn\.julia\juliaup\julia-1.12.7+0.x64.w64.mingw32\share\julia\stdlib\v1.12\Test\src\Test.jl:1777 [inlined]
 [7] macro expansion
   @ C:\src\recur\demos\web-evidence-lab\main.lang.evidence.test.jl:57 [inlined]
history.duplicate: Test Failed at C:\src\recur\demos\web-evidence-lab\main.lang.evidence.test.jl:65
  Expression: report["status"] == expected
   Evaluated: "absent" == "ambiguous"

Stacktrace:
 [1] top-level scope
   @ C:\src\recur\demos\web-evidence-lab\main.lang.evidence.test.jl:65
 [2] macro expansion
   @ C:\Users\marcn\.julia\juliaup\julia-1.12.7+0.x64.w64.mingw32\share\julia\stdlib\v1.12\Test\src\Test.jl:680 [inlined]
 [3] top-level scope
   @ file.jl:941
 [4] mktempdir(fn::Function, parent::String)
   @ Base.Filesystem .\file.jl:937
 [5] top-level scope
   @ C:\src\recur\demos\web-evidence-lab\main.lang.evidence.test.jl:57
 [6] macro expansion
   @ C:\Users\marcn\.julia\juliaup\julia-1.12.7+0.x64.w64.mingw32\share\julia\stdlib\v1.12\Test\src\Test.jl:1777 [inlined]
 [7] macro expansion
   @ C:\src\recur\demos\web-evidence-lab\main.lang.evidence.test.jl:57 [inlined]
history.red-preserved: Test Failed at C:\src\recur\demos\web-evidence-lab\main.lang.evidence.test.jl:65
  Expression: report["status"] == expected
   Evaluated: "absent" == "checked"

Stacktrace:
 [1] top-level scope
   @ C:\src\recur\demos\web-evidence-lab\main.lang.evidence.test.jl:65
 [2] macro expansion
   @ C:\Users\marcn\.julia\juliaup\julia-1.12.7+0.x64.w64.mingw32\share\julia\stdlib\v1.12\Test\src\Test.jl:680 [inlined]
 [3] top-level scope
   @ file.jl:941
 [4] mktempdir(fn::Function, parent::String)
   @ Base.Filesystem .\file.jl:937
 [5] top-level scope
   @ C:\src\recur\demos\web-evidence-lab\main.lang.evidence.test.jl:57
 [6] macro expansion
   @ C:\Users\marcn\.julia\juliaup\julia-1.12.7+0.x64.w64.mingw32\share\julia\stdlib\v1.12\Test\src\Test.jl:1777 [inlined]
 [7] macro expansion
   @ C:\src\recur\demos\web-evidence-lab\main.lang.evidence.test.jl:57 [inlined]
history.red-current: Test Failed at C:\src\recur\demos\web-evidence-lab\main.lang.evidence.test.jl:65
  Expression: report["status"] == expected
   Evaluated: "absent" == "failed"

Stacktrace:
 [1] top-level scope
   @ C:\src\recur\demos\web-evidence-lab\main.lang.evidence.test.jl:65
 [2] macro expansion
   @ C:\Users\marcn\.julia\juliaup\julia-1.12.7+0.x64.w64.mingw32\share\julia\stdlib\v1.12\Test\src\Test.jl:680 [inlined]
 [3] top-level scope
   @ file.jl:941
 [4] mktempdir(fn::Function, parent::String)
   @ Base.Filesystem .\file.jl:937
 [5] top-level scope
   @ C:\src\recur\demos\web-evidence-lab\main.lang.evidence.test.jl:57
 [6] macro expansion
   @ C:\Users\marcn\.julia\juliaup\julia-1.12.7+0.x64.w64.mingw32\share\julia\stdlib\v1.12\Test\src\Test.jl:1777 [inlined]
 [7] macro expansion
   @ C:\src\recur\demos\web-evidence-lab\main.lang.evidence.test.jl:57 [inlined]
cases.missing: Test Failed at C:\src\recur\demos\web-evidence-lab\main.lang.evidence.test.jl:65
  Expression: report["status"] == expected
   Evaluated: "absent" == "mismatched"

Stacktrace:
 [1] top-level scope
   @ C:\src\recur\demos\web-evidence-lab\main.lang.evidence.test.jl:65
 [2] macro expansion
   @ C:\Users\marcn\.julia\juliaup\julia-1.12.7+0.x64.w64.mingw32\share\julia\stdlib\v1.12\Test\src\Test.jl:680 [inlined]
 [3] top-level scope
   @ file.jl:941
 [4] mktempdir(fn::Function, parent::String)
   @ Base.Filesystem .\file.jl:937
 [5] top-level scope
   @ C:\src\recur\demos\web-evidence-lab\main.lang.evidence.test.jl:57
 [6] macro expansion
   @ C:\Users\marcn\.julia\juliaup\julia-1.12.7+0.x64.w64.mingw32\share\julia\stdlib\v1.12\Test\src\Test.jl:1777 [inlined]
 [7] macro expansion
   @ C:\src\recur\demos\web-evidence-lab\main.lang.evidence.test.jl:57 [inlined]
cases.failed: Test Failed at C:\src\recur\demos\web-evidence-lab\main.lang.evidence.test.jl:65
  Expression: report["status"] == expected
   Evaluated: "absent" == "failed"

Stacktrace:
 [1] top-level scope
   @ C:\src\recur\demos\web-evidence-lab\main.lang.evidence.test.jl:65
 [2] macro expansion
   @ C:\Users\marcn\.julia\juliaup\julia-1.12.7+0.x64.w64.mingw32\share\julia\stdlib\v1.12\Test\src\Test.jl:680 [inlined]
 [3] top-level scope
   @ file.jl:941
 [4] mktempdir(fn::Function, parent::String)
   @ Base.Filesystem .\file.jl:937
 [5] top-level scope
   @ C:\src\recur\demos\web-evidence-lab\main.lang.evidence.test.jl:57
 [6] macro expansion
   @ C:\Users\marcn\.julia\juliaup\julia-1.12.7+0.x64.w64.mingw32\share\julia\stdlib\v1.12\Test\src\Test.jl:1777 [inlined]
 [7] macro expansion
   @ C:\src\recur\demos\web-evidence-lab\main.lang.evidence.test.jl:57 [inlined]
freshness.spec.recur: Test Failed at C:\src\recur\demos\web-evidence-lab\main.lang.evidence.test.jl:65
  Expression: report["status"] == expected
   Evaluated: "absent" == "stale"

Stacktrace:
 [1] top-level scope
   @ C:\src\recur\demos\web-evidence-lab\main.lang.evidence.test.jl:65
 [2] macro expansion
   @ C:\Users\marcn\.julia\juliaup\julia-1.12.7+0.x64.w64.mingw32\share\julia\stdlib\v1.12\Test\src\Test.jl:680 [inlined]
 [3] top-level scope
   @ file.jl:941
 [4] mktempdir(fn::Function, parent::String)
   @ Base.Filesystem .\file.jl:937
 [5] top-level scope
   @ C:\src\recur\demos\web-evidence-lab\main.lang.evidence.test.jl:57
 [6] macro expansion
   @ C:\Users\marcn\.julia\juliaup\julia-1.12.7+0.x64.w64.mingw32\share\julia\stdlib\v1.12\Test\src\Test.jl:1777 [inlined]
 [7] macro expansion
   @ C:\src\recur\demos\web-evidence-lab\main.lang.evidence.test.jl:57 [inlined]
freshness.implementation.jl: Test Failed at C:\src\recur\demos\web-evidence-lab\main.lang.evidence.test.jl:65
  Expression: report["status"] == expected
   Evaluated: "absent" == "stale"

Stacktrace:
 [1] top-level scope
   @ C:\src\recur\demos\web-evidence-lab\main.lang.evidence.test.jl:65
 [2] macro expansion
   @ C:\Users\marcn\.julia\juliaup\julia-1.12.7+0.x64.w64.mingw32\share\julia\stdlib\v1.12\Test\src\Test.jl:680 [inlined]
 [3] top-level scope
   @ file.jl:941
 [4] mktempdir(fn::Function, parent::String)
   @ Base.Filesystem .\file.jl:937
 [5] top-level scope
   @ C:\src\recur\demos\web-evidence-lab\main.lang.evidence.test.jl:57
 [6] macro expansion
   @ C:\Users\marcn\.julia\juliaup\julia-1.12.7+0.x64.w64.mingw32\share\julia\stdlib\v1.12\Test\src\Test.jl:1777 [inlined]
 [7] macro expansion
   @ C:\src\recur\demos\web-evidence-lab\main.lang.evidence.test.jl:57 [inlined]
freshness.cases.jl: Test Failed at C:\src\recur\demos\web-evidence-lab\main.lang.evidence.test.jl:65
  Expression: report["status"] == expected
   Evaluated: "absent" == "stale"

Stacktrace:
 [1] top-level scope
   @ C:\src\recur\demos\web-evidence-lab\main.lang.evidence.test.jl:65
 [2] macro expansion
   @ C:\Users\marcn\.julia\juliaup\julia-1.12.7+0.x64.w64.mingw32\share\julia\stdlib\v1.12\Test\src\Test.jl:680 [inlined]
 [3] top-level scope
   @ file.jl:941
 [4] mktempdir(fn::Function, parent::String)
   @ Base.Filesystem .\file.jl:937
 [5] top-level scope
   @ C:\src\recur\demos\web-evidence-lab\main.lang.evidence.test.jl:57
 [6] macro expansion
   @ C:\Users\marcn\.julia\juliaup\julia-1.12.7+0.x64.w64.mingw32\share\julia\stdlib\v1.12\Test\src\Test.jl:1777 [inlined]
 [7] macro expansion
   @ C:\src\recur\demos\web-evidence-lab\main.lang.evidence.test.jl:57 [inlined]
freshness.config.toml: Test Failed at C:\src\recur\demos\web-evidence-lab\main.lang.evidence.test.jl:65
  Expression: report["status"] == expected
   Evaluated: "absent" == "stale"

Stacktrace:
 [1] top-level scope
   @ C:\src\recur\demos\web-evidence-lab\main.lang.evidence.test.jl:65
 [2] macro expansion
   @ C:\Users\marcn\.julia\juliaup\julia-1.12.7+0.x64.w64.mingw32\share\julia\stdlib\v1.12\Test\src\Test.jl:680 [inlined]
 [3] top-level scope
   @ file.jl:941
 [4] mktempdir(fn::Function, parent::String)
   @ Base.Filesystem .\file.jl:937
 [5] top-level scope
   @ C:\src\recur\demos\web-evidence-lab\main.lang.evidence.test.jl:57
 [6] macro expansion
   @ C:\Users\marcn\.julia\juliaup\julia-1.12.7+0.x64.w64.mingw32\share\julia\stdlib\v1.12\Test\src\Test.jl:1777 [inlined]
 [7] macro expansion
   @ C:\src\recur\demos\web-evidence-lab\main.lang.evidence.test.jl:57 [inlined]
freshness.runner.jl: Test Failed at C:\src\recur\demos\web-evidence-lab\main.lang.evidence.test.jl:65
  Expression: report["status"] == expected
   Evaluated: "absent" == "stale"

Stacktrace:
 [1] top-level scope
   @ C:\src\recur\demos\web-evidence-lab\main.lang.evidence.test.jl:65
 [2] macro expansion
   @ C:\Users\marcn\.julia\juliaup\julia-1.12.7+0.x64.w64.mingw32\share\julia\stdlib\v1.12\Test\src\Test.jl:680 [inlined]
 [3] top-level scope
   @ file.jl:941
 [4] mktempdir(fn::Function, parent::String)
   @ Base.Filesystem .\file.jl:937
 [5] top-level scope
   @ C:\src\recur\demos\web-evidence-lab\main.lang.evidence.test.jl:57
 [6] macro expansion
   @ C:\Users\marcn\.julia\juliaup\julia-1.12.7+0.x64.w64.mingw32\share\julia\stdlib\v1.12\Test\src\Test.jl:1777 [inlined]
 [7] macro expansion
   @ C:\src\recur\demos\web-evidence-lab\main.lang.evidence.test.jl:57 [inlined]
freshness.behavior.md: Test Failed at C:\src\recur\demos\web-evidence-lab\main.lang.evidence.test.jl:65
  Expression: report["status"] == expected
   Evaluated: "absent" == "stale"

Stacktrace:
 [1] top-level scope
   @ C:\src\recur\demos\web-evidence-lab\main.lang.evidence.test.jl:65
 [2] macro expansion
   @ C:\Users\marcn\.julia\juliaup\julia-1.12.7+0.x64.w64.mingw32\share\julia\stdlib\v1.12\Test\src\Test.jl:680 [inlined]
 [3] top-level scope
   @ file.jl:941
 [4] mktempdir(fn::Function, parent::String)
   @ Base.Filesystem .\file.jl:937
 [5] top-level scope
   @ C:\src\recur\demos\web-evidence-lab\main.lang.evidence.test.jl:57
 [6] macro expansion
   @ C:\Users\marcn\.julia\juliaup\julia-1.12.7+0.x64.w64.mingw32\share\julia\stdlib\v1.12\Test\src\Test.jl:1777 [inlined]
 [7] macro expansion
   @ C:\src\recur\demos\web-evidence-lab\main.lang.evidence.test.jl:57 [inlined]
freshness.packet-hash: Test Failed at C:\src\recur\demos\web-evidence-lab\main.lang.evidence.test.jl:65
  Expression: report["status"] == expected
   Evaluated: "absent" == "stale"

Stacktrace:
 [1] top-level scope
   @ C:\src\recur\demos\web-evidence-lab\main.lang.evidence.test.jl:65
 [2] macro expansion
   @ C:\Users\marcn\.julia\juliaup\julia-1.12.7+0.x64.w64.mingw32\share\julia\stdlib\v1.12\Test\src\Test.jl:680 [inlined]
 [3] top-level scope
   @ file.jl:941
 [4] mktempdir(fn::Function, parent::String)
   @ Base.Filesystem .\file.jl:937
 [5] top-level scope
   @ C:\src\recur\demos\web-evidence-lab\main.lang.evidence.test.jl:57
 [6] macro expansion
   @ C:\Users\marcn\.julia\juliaup\julia-1.12.7+0.x64.w64.mingw32\share\julia\stdlib\v1.12\Test\src\Test.jl:1777 [inlined]
 [7] macro expansion
   @ C:\src\recur\demos\web-evidence-lab\main.lang.evidence.test.jl:57 [inlined]
freshness.result: Test Failed at C:\src\recur\demos\web-evidence-lab\main.lang.evidence.test.jl:65
  Expression: report["status"] == expected
   Evaluated: "absent" == "stale"

Stacktrace:
 [1] top-level scope
   @ C:\src\recur\demos\web-evidence-lab\main.lang.evidence.test.jl:65
 [2] macro expansion
   @ C:\Users\marcn\.julia\juliaup\julia-1.12.7+0.x64.w64.mingw32\share\julia\stdlib\v1.12\Test\src\Test.jl:680 [inlined]
 [3] top-level scope
   @ file.jl:941
 [4] mktempdir(fn::Function, parent::String)
   @ Base.Filesystem .\file.jl:937
 [5] top-level scope
   @ C:\src\recur\demos\web-evidence-lab\main.lang.evidence.test.jl:57
 [6] macro expansion
   @ C:\Users\marcn\.julia\juliaup\julia-1.12.7+0.x64.w64.mingw32\share\julia\stdlib\v1.12\Test\src\Test.jl:1777 [inlined]
 [7] macro expansion
   @ C:\src\recur\demos\web-evidence-lab\main.lang.evidence.test.jl:57 [inlined]
inputs.missing: Test Failed at C:\src\recur\demos\web-evidence-lab\main.lang.evidence.test.jl:65
  Expression: report["status"] == expected
   Evaluated: "absent" == "mismatched"

Stacktrace:
 [1] top-level scope
   @ C:\src\recur\demos\web-evidence-lab\main.lang.evidence.test.jl:65
 [2] macro expansion
   @ C:\Users\marcn\.julia\juliaup\julia-1.12.7+0.x64.w64.mingw32\share\julia\stdlib\v1.12\Test\src\Test.jl:680 [inlined]
 [3] top-level scope
   @ file.jl:941
 [4] mktempdir(fn::Function, parent::String)
   @ Base.Filesystem .\file.jl:937
 [5] top-level scope
   @ C:\src\recur\demos\web-evidence-lab\main.lang.evidence.test.jl:57
 [6] macro expansion
   @ C:\Users\marcn\.julia\juliaup\julia-1.12.7+0.x64.w64.mingw32\share\julia\stdlib\v1.12\Test\src\Test.jl:1777 [inlined]
 [7] macro expansion
   @ C:\src\recur\demos\web-evidence-lab\main.lang.evidence.test.jl:57 [inlined]
counts.zero: Test Failed at C:\src\recur\demos\web-evidence-lab\main.lang.evidence.test.jl:65
  Expression: report["status"] == expected
   Evaluated: "absent" == "failed"

Stacktrace:
 [1] top-level scope
   @ C:\src\recur\demos\web-evidence-lab\main.lang.evidence.test.jl:65
 [2] macro expansion
   @ C:\Users\marcn\.julia\juliaup\julia-1.12.7+0.x64.w64.mingw32\share\julia\stdlib\v1.12\Test\src\Test.jl:680 [inlined]
 [3] top-level scope
   @ file.jl:941
 [4] mktempdir(fn::Function, parent::String)
   @ Base.Filesystem .\file.jl:937
 [5] top-level scope
   @ C:\src\recur\demos\web-evidence-lab\main.lang.evidence.test.jl:57
 [6] macro expansion
   @ C:\Users\marcn\.julia\juliaup\julia-1.12.7+0.x64.w64.mingw32\share\julia\stdlib\v1.12\Test\src\Test.jl:1777 [inlined]
 [7] macro expansion
   @ C:\src\recur\demos\web-evidence-lab\main.lang.evidence.test.jl:57 [inlined]
counts.inconsistent: Test Failed at C:\src\recur\demos\web-evidence-lab\main.lang.evidence.test.jl:65
  Expression: report["status"] == expected
   Evaluated: "absent" == "failed"

Stacktrace:
 [1] top-level scope
   @ C:\src\recur\demos\web-evidence-lab\main.lang.evidence.test.jl:65
 [2] macro expansion
   @ C:\Users\marcn\.julia\juliaup\julia-1.12.7+0.x64.w64.mingw32\share\julia\stdlib\v1.12\Test\src\Test.jl:680 [inlined]
 [3] top-level scope
   @ file.jl:941
 [4] mktempdir(fn::Function, parent::String)
   @ Base.Filesystem .\file.jl:937
 [5] top-level scope
   @ C:\src\recur\demos\web-evidence-lab\main.lang.evidence.test.jl:57
 [6] macro expansion
   @ C:\Users\marcn\.julia\juliaup\julia-1.12.7+0.x64.w64.mingw32\share\julia\stdlib\v1.12\Test\src\Test.jl:1777 [inlined]
 [7] macro expansion
   @ C:\src\recur\demos\web-evidence-lab\main.lang.evidence.test.jl:57 [inlined]
counts.failed: Test Failed at C:\src\recur\demos\web-evidence-lab\main.lang.evidence.test.jl:65
  Expression: report["status"] == expected
   Evaluated: "absent" == "failed"

Stacktrace:
 [1] top-level scope
   @ C:\src\recur\demos\web-evidence-lab\main.lang.evidence.test.jl:65
 [2] macro expansion
   @ C:\Users\marcn\.julia\juliaup\julia-1.12.7+0.x64.w64.mingw32\share\julia\stdlib\v1.12\Test\src\Test.jl:680 [inlined]
 [3] top-level scope
   @ file.jl:941
 [4] mktempdir(fn::Function, parent::String)
   @ Base.Filesystem .\file.jl:937
 [5] top-level scope
   @ C:\src\recur\demos\web-evidence-lab\main.lang.evidence.test.jl:57
 [6] macro expansion
   @ C:\Users\marcn\.julia\juliaup\julia-1.12.7+0.x64.w64.mingw32\share\julia\stdlib\v1.12\Test\src\Test.jl:1777 [inlined]
 [7] macro expansion
   @ C:\src\recur\demos\web-evidence-lab\main.lang.evidence.test.jl:57 [inlined]
counts.skipped: Test Failed at C:\src\recur\demos\web-evidence-lab\main.lang.evidence.test.jl:65
  Expression: report["status"] == expected
   Evaluated: "absent" == "failed"

Stacktrace:
 [1] top-level scope
   @ C:\src\recur\demos\web-evidence-lab\main.lang.evidence.test.jl:65
 [2] macro expansion
   @ C:\Users\marcn\.julia\juliaup\julia-1.12.7+0.x64.w64.mingw32\share\julia\stdlib\v1.12\Test\src\Test.jl:680 [inlined]
 [3] top-level scope
   @ file.jl:941
 [4] mktempdir(fn::Function, parent::String)
   @ Base.Filesystem .\file.jl:937
 [5] top-level scope
   @ C:\src\recur\demos\web-evidence-lab\main.lang.evidence.test.jl:57
 [6] macro expansion
   @ C:\Users\marcn\.julia\juliaup\julia-1.12.7+0.x64.w64.mingw32\share\julia\stdlib\v1.12\Test\src\Test.jl:1777 [inlined]
 [7] macro expansion
   @ C:\src\recur\demos\web-evidence-lab\main.lang.evidence.test.jl:57 [inlined]
native-ack.missing-test: Test Failed at C:\src\recur\demos\web-evidence-lab\main.lang.evidence.test.jl:65
  Expression: report["status"] == expected
   Evaluated: "absent" == "declared"

Stacktrace:
 [1] top-level scope
   @ C:\src\recur\demos\web-evidence-lab\main.lang.evidence.test.jl:65
 [2] macro expansion
   @ C:\Users\marcn\.julia\juliaup\julia-1.12.7+0.x64.w64.mingw32\share\julia\stdlib\v1.12\Test\src\Test.jl:680 [inlined]
 [3] top-level scope
   @ file.jl:941
 [4] mktempdir(fn::Function, parent::String)
   @ Base.Filesystem .\file.jl:937
 [5] top-level scope
   @ C:\src\recur\demos\web-evidence-lab\main.lang.evidence.test.jl:57
 [6] macro expansion
   @ C:\Users\marcn\.julia\juliaup\julia-1.12.7+0.x64.w64.mingw32\share\julia\stdlib\v1.12\Test\src\Test.jl:1777 [inlined]
 [7] macro expansion
   @ C:\src\recur\demos\web-evidence-lab\main.lang.evidence.test.jl:57 [inlined]
native-ack.invalid-test: Test Failed at C:\src\recur\demos\web-evidence-lab\main.lang.evidence.test.jl:65
  Expression: report["status"] == expected
   Evaluated: "absent" == "malformed"

Stacktrace:
 [1] top-level scope
   @ C:\src\recur\demos\web-evidence-lab\main.lang.evidence.test.jl:65
 [2] macro expansion
   @ C:\Users\marcn\.julia\juliaup\julia-1.12.7+0.x64.w64.mingw32\share\julia\stdlib\v1.12\Test\src\Test.jl:680 [inlined]
 [3] top-level scope
   @ file.jl:941
 [4] mktempdir(fn::Function, parent::String)
   @ Base.Filesystem .\file.jl:937
 [5] top-level scope
   @ C:\src\recur\demos\web-evidence-lab\main.lang.evidence.test.jl:57
 [6] macro expansion
   @ C:\Users\marcn\.julia\juliaup\julia-1.12.7+0.x64.w64.mingw32\share\julia\stdlib\v1.12\Test\src\Test.jl:1777 [inlined]
 [7] macro expansion
   @ C:\src\recur\demos\web-evidence-lab\main.lang.evidence.test.jl:57 [inlined]
containment.../outside.json: Test Failed at C:\src\recur\demos\web-evidence-lab\main.lang.evidence.test.jl:65
  Expression: report["status"] == expected
   Evaluated: "absent" == "malformed"

Stacktrace:
 [1] top-level scope
   @ C:\src\recur\demos\web-evidence-lab\main.lang.evidence.test.jl:65
 [2] macro expansion
   @ C:\Users\marcn\.julia\juliaup\julia-1.12.7+0.x64.w64.mingw32\share\julia\stdlib\v1.12\Test\src\Test.jl:680 [inlined]
 [3] top-level scope
   @ file.jl:941
 [4] mktempdir(fn::Function, parent::String)
   @ Base.Filesystem .\file.jl:937
 [5] top-level scope
   @ C:\src\recur\demos\web-evidence-lab\main.lang.evidence.test.jl:57
 [6] macro expansion
   @ C:\Users\marcn\.julia\juliaup\julia-1.12.7+0.x64.w64.mingw32\share\julia\stdlib\v1.12\Test\src\Test.jl:1777 [inlined]
 [7] macro expansion
   @ C:\src\recur\demos\web-evidence-lab\main.lang.evidence.test.jl:57 [inlined]
containment.C:/outside.json: Test Failed at C:\src\recur\demos\web-evidence-lab\main.lang.evidence.test.jl:65
  Expression: report["status"] == expected
   Evaluated: "absent" == "malformed"

Stacktrace:
 [1] top-level scope
   @ C:\src\recur\demos\web-evidence-lab\main.lang.evidence.test.jl:65
 [2] macro expansion
   @ C:\Users\marcn\.julia\juliaup\julia-1.12.7+0.x64.w64.mingw32\share\julia\stdlib\v1.12\Test\src\Test.jl:680 [inlined]
 [3] top-level scope
   @ file.jl:941
 [4] mktempdir(fn::Function, parent::String)
   @ Base.Filesystem .\file.jl:937
 [5] top-level scope
   @ C:\src\recur\demos\web-evidence-lab\main.lang.evidence.test.jl:57
 [6] macro expansion
   @ C:\Users\marcn\.julia\juliaup\julia-1.12.7+0.x64.w64.mingw32\share\julia\stdlib\v1.12\Test\src\Test.jl:1777 [inlined]
 [7] macro expansion
   @ C:\src\recur\demos\web-evidence-lab\main.lang.evidence.test.jl:57 [inlined]
containment.a/../evidence.json: Test Failed at C:\src\recur\demos\web-evidence-lab\main.lang.evidence.test.jl:65
  Expression: report["status"] == expected
   Evaluated: "absent" == "malformed"

Stacktrace:
 [1] top-level scope
   @ C:\src\recur\demos\web-evidence-lab\main.lang.evidence.test.jl:65
 [2] macro expansion
   @ C:\Users\marcn\.julia\juliaup\julia-1.12.7+0.x64.w64.mingw32\share\julia\stdlib\v1.12\Test\src\Test.jl:680 [inlined]
 [3] top-level scope
   @ file.jl:941
 [4] mktempdir(fn::Function, parent::String)
   @ Base.Filesystem .\file.jl:937
 [5] top-level scope
   @ C:\src\recur\demos\web-evidence-lab\main.lang.evidence.test.jl:57
 [6] macro expansion
   @ C:\Users\marcn\.julia\juliaup\julia-1.12.7+0.x64.w64.mingw32\share\julia\stdlib\v1.12\Test\src\Test.jl:1777 [inlined]
 [7] macro expansion
   @ C:\src\recur\demos\web-evidence-lab\main.lang.evidence.test.jl:57 [inlined]
containment.a\evidence.json: Test Failed at C:\src\recur\demos\web-evidence-lab\main.lang.evidence.test.jl:65
  Expression: report["status"] == expected
   Evaluated: "absent" == "malformed"

Stacktrace:
 [1] top-level scope
   @ C:\src\recur\demos\web-evidence-lab\main.lang.evidence.test.jl:65
 [2] macro expansion
   @ C:\Users\marcn\.julia\juliaup\julia-1.12.7+0.x64.w64.mingw32\share\julia\stdlib\v1.12\Test\src\Test.jl:680 [inlined]
 [3] top-level scope
   @ file.jl:941
 [4] mktempdir(fn::Function, parent::String)
   @ Base.Filesystem .\file.jl:937
 [5] top-level scope
   @ C:\src\recur\demos\web-evidence-lab\main.lang.evidence.test.jl:57
 [6] macro expansion
   @ C:\Users\marcn\.julia\juliaup\julia-1.12.7+0.x64.w64.mingw32\share\julia\stdlib\v1.12\Test\src\Test.jl:1777 [inlined]
 [7] macro expansion
   @ C:\src\recur\demos\web-evidence-lab\main.lang.evidence.test.jl:57 [inlined]
containment.symlink: Error During Test at C:\src\recur\demos\web-evidence-lab\main.lang.evidence.test.jl:56
  Got exception outside of a @test
  IOError: On Windows, creating symlinks requires Administrator privileges.
  symlink("C:\\src\\recur\\demos\\web-evidence-lab\\main.lang.evidence.test.jl", "C:\\Users\\marcn\\AppData\\Local\\Temp\\jl_fWw2Oo\\escape.json"): operation not permitted (EPERM)
  Stacktrace:
    [1] _uv_error(prefix::String, c::Int32)
      @ Base .\libuv.jl:114
    [2] uv_error
      @ .\libuv.jl:113 [inlined]
    [3] symlink(target::String, link::String; dir_target::Bool)
      @ Base.Filesystem .\file.jl:1390
    [4] top-level scope
      @ file.jl:1352
    [5] top-level scope
      @ C:\src\recur\demos\web-evidence-lab\main.lang.evidence.test.jl:124
    [6] top-level scope
      @ C:\src\recur\demos\web-evidence-lab\main.lang.evidence.test.jl:59
    [7] top-level scope
      @ file.jl:941
    [8] mktempdir(fn::Function, parent::String)
      @ Base.Filesystem .\file.jl:937
    [9] top-level scope
      @ C:\src\recur\demos\web-evidence-lab\main.lang.evidence.test.jl:57
   [10] macro expansion
      @ C:\Users\marcn\.julia\juliaup\julia-1.12.7+0.x64.w64.mingw32\share\julia\stdlib\v1.12\Test\src\Test.jl:1777 [inlined]
   [11] macro expansion
      @ C:\src\recur\demos\web-evidence-lab\main.lang.evidence.test.jl:57 [inlined]
   [12] top-level scope
      @ C:\src\recur\demos\web-evidence-lab\main.lang.evidence.test.jl:55
   [13] top-level scope
      @ C:\src\recur\demos\web-evidence-lab\main.lang.evidence.test.jl:74
   [14] macro expansion
      @ C:\Users\marcn\.julia\juliaup\julia-1.12.7+0.x64.w64.mingw32\share\julia\stdlib\v1.12\Test\src\Test.jl:1777 [inlined]
   [15] macro expansion
      @ C:\src\recur\demos\web-evidence-lab\main.lang.evidence.test.jl:122 [inlined]
   [16] include(mod::Module, _path::String)
      @ Base .\Base.jl:306
   [17] exec_options(opts::Base.JLOptions)
      @ Base .\client.jl:317
   [18] _start()
      @ Base .\client.jl:550
limits.json-bytes: Test Failed at C:\src\recur\demos\web-evidence-lab\main.lang.evidence.test.jl:65
  Expression: report["status"] == expected
   Evaluated: "absent" == "malformed"

Stacktrace:
 [1] top-level scope
   @ C:\src\recur\demos\web-evidence-lab\main.lang.evidence.test.jl:65
 [2] macro expansion
   @ C:\Users\marcn\.julia\juliaup\julia-1.12.7+0.x64.w64.mingw32\share\julia\stdlib\v1.12\Test\src\Test.jl:680 [inlined]
 [3] top-level scope
   @ file.jl:941
 [4] mktempdir(fn::Function, parent::String)
   @ Base.Filesystem .\file.jl:937
 [5] top-level scope
   @ C:\src\recur\demos\web-evidence-lab\main.lang.evidence.test.jl:57
 [6] macro expansion
   @ C:\Users\marcn\.julia\juliaup\julia-1.12.7+0.x64.w64.mingw32\share\julia\stdlib\v1.12\Test\src\Test.jl:1777 [inlined]
 [7] macro expansion
   @ C:\src\recur\demos\web-evidence-lab\main.lang.evidence.test.jl:57 [inlined]
limits.attempts: Test Failed at C:\src\recur\demos\web-evidence-lab\main.lang.evidence.test.jl:65
  Expression: report["status"] == expected
   Evaluated: "absent" == "malformed"

Stacktrace:
 [1] top-level scope
   @ C:\src\recur\demos\web-evidence-lab\main.lang.evidence.test.jl:65
 [2] macro expansion
   @ C:\Users\marcn\.julia\juliaup\julia-1.12.7+0.x64.w64.mingw32\share\julia\stdlib\v1.12\Test\src\Test.jl:680 [inlined]
 [3] top-level scope
   @ file.jl:941
 [4] mktempdir(fn::Function, parent::String)
   @ Base.Filesystem .\file.jl:937
 [5] top-level scope
   @ C:\src\recur\demos\web-evidence-lab\main.lang.evidence.test.jl:57
 [6] macro expansion
   @ C:\Users\marcn\.julia\juliaup\julia-1.12.7+0.x64.w64.mingw32\share\julia\stdlib\v1.12\Test\src\Test.jl:1777 [inlined]
 [7] macro expansion
   @ C:\src\recur\demos\web-evidence-lab\main.lang.evidence.test.jl:57 [inlined]
limits.cases: Test Failed at C:\src\recur\demos\web-evidence-lab\main.lang.evidence.test.jl:65
  Expression: report["status"] == expected
   Evaluated: "absent" == "malformed"

Stacktrace:
 [1] top-level scope
   @ C:\src\recur\demos\web-evidence-lab\main.lang.evidence.test.jl:65
 [2] macro expansion
   @ C:\Users\marcn\.julia\juliaup\julia-1.12.7+0.x64.w64.mingw32\share\julia\stdlib\v1.12\Test\src\Test.jl:680 [inlined]
 [3] top-level scope
   @ file.jl:941
 [4] mktempdir(fn::Function, parent::String)
   @ Base.Filesystem .\file.jl:937
 [5] top-level scope
   @ C:\src\recur\demos\web-evidence-lab\main.lang.evidence.test.jl:57
 [6] macro expansion
   @ C:\Users\marcn\.julia\juliaup\julia-1.12.7+0.x64.w64.mingw32\share\julia\stdlib\v1.12\Test\src\Test.jl:1777 [inlined]
 [7] macro expansion
   @ C:\src\recur\demos\web-evidence-lab\main.lang.evidence.test.jl:57 [inlined]
Test Summary:                        | Pass  Fail  Error  Total  Time
Runtime evidence behavioral contract |   89    43      1    133  1.5s
  identity.valid                     |    2     1             3  0.2s
  association.absent                 |    3                   3  0.0s
  association.declared               |    2     1             3  0.0s
  identity.wrong-source              |    2     1             3  0.0s
  identity.wrong-scope               |    2     1             3  0.0s
  identity.wrong-slice_id            |    2     1             3  0.0s
  identity.wrong-contract_hash       |    2     1             3  0.0s
  identity.wrong-warp_id             |    2     1             3  0.0s
  identity.alias                     |    2     1             3  0.0s
  identity.transition                |    2     1             3  0.0s
  identity.producer                  |    2     1             3  0.0s
  identity.gates                     |    2     1             3  0.0s
  association.duplicate              |    2     1             3  0.0s
  association.schema                 |    2     1             3  0.0s
  association.missing-field          |    2     1             3  0.0s
  history.no-current                 |    2     1             3  0.0s
  history.unknown-current            |    2     1             3  0.0s
  history.duplicate                  |    2     1             3  0.0s
  history.red-preserved              |    2     1             3  0.1s
  history.red-current                |    2     1             3  0.0s
  cases.missing                      |    2     1             3  0.0s
  cases.failed                       |    2     1             3  0.0s
  freshness.spec.recur               |    2     1             3  0.0s
  freshness.implementation.jl        |    2     1             3  0.0s
  freshness.cases.jl                 |    2     1             3  0.1s
  freshness.config.toml              |    2     1             3  0.0s
  freshness.runner.jl                |    2     1             3  0.0s
  freshness.behavior.md              |    2     1             3  0.0s
  freshness.packet-hash              |    2     1             3  0.0s
  freshness.result                   |    2     1             3  0.0s
  inputs.missing                     |    2     1             3  0.0s
  counts.zero                        |    2     1             3  0.0s
  counts.inconsistent                |    2     1             3  0.0s
  counts.failed                      |    2     1             3  0.1s
  counts.skipped                     |    2     1             3  0.0s
  native-ack.missing-test            |    2     1             3  0.0s
  native-ack.invalid-test            |    2     1             3  0.0s
  containment.../outside.json        |    2     1             3  0.0s
  containment.C:/outside.json        |    2     1             3  0.0s
  containment.a/../evidence.json     |    2     1             3  0.0s
  containment.a\evidence.json        |    2     1             3  0.0s
  containment.symlink                |                 1      1  0.0s
  limits.json-bytes                  |    2     1             3  0.0s
  limits.attempts                    |    2     1             3  0.1s
  limits.cases                       |    2     1             3  0.0s
RNG of the outermost testset: Random.Xoshiro(0xb5dfc63c52613245, 0xaa9b07842360e854, 0x98798bcd171ce970, 0xf9458719fffcaa49, 0x80f749802ffd2270)
ERROR: LoadError: Some tests did not pass: 89 passed, 43 failed, 1 errored, 0 broken.
in expression starting at C:\src\recur\demos\web-evidence-lab\main.lang.evidence.test.jl:72
