   Compiling recur v0.2.8 (C:\src\recur)
warning: function `publish` is never used
  --> src\recur_warp_refresh.rs:16:4
   |
16 | fn publish(_root:&Path,_name:&str,_bytes:&[u8],_hook:impl FnMut(&str)->anyhow::Result<()>)->anyhow::Result<()> {Ok(())}
   |    ^^^^^^^
   |
   = note: `#[warn(dead_code)]` (part of `#[warn(unused)]`) on by default

warning: variant `Element` is never constructed
  --> src\main_command_flatten_impl.rs:32:5
   |
31 | pub enum EntryKind {
   |          --------- variant in this enum
32 |     Element,
   |     ^^^^^^^
   |
   = note: `EntryKind` has a derived impl for the trait `Debug`, but this is intentionally ignored during dead code analysis
   = note: `#[warn(dead_code)]` (part of `#[warn(unused)]`) on by default

warning: `recur` (bin "recur-warp") generated 1 warning
warning: `recur` (bin "recur") generated 1 warning
    Finished `test` profile [unoptimized + debuginfo] target(s) in 8.00s
     Running tests\warp_refresh_bounds.rs (target\debug\deps\warp_refresh_bounds-cf25b46b1f807acc.exe)

running 2 tests

thread 'exact_byte_and_aggregate_limits' (5108) panicked at tests\warp_refresh_bounds.rs:8:33:
assertion failed: Reads::default().read(r, name, json).is_err()
note: run with `RUST_BACKTRACE=1` environment variable to display a backtrace
test exact_byte_and_aggregate_limits ... FAILED

thread 'file_count_and_path_limits' (35300) panicked at tests\warp_refresh_bounds.rs:16:45:
assertion failed: reads.read(r, "extra", false).is_err()
test file_count_and_path_limits ... FAILED

failures:

failures:
    exact_byte_and_aggregate_limits
    file_count_and_path_limits

test result: FAILED. 0 passed; 2 failed; 0 ignored; 0 measured; 0 filtered out; finished in 0.03s

error: test failed, to rerun pass `--test warp_refresh_bounds`
