   Compiling recur v0.2.8 (C:\src\recur)
warning: variant `Element` is never constructed
  --> src\main_command_flatten_impl.rs:32:5
   |
31 | pub enum EntryKind {
   |          --------- variant in this enum
32 |     Element,
   |     ^^^^^^^
   |
   = note: `EntryKind` has a derived impl for the trait `Debug`, but this is intentionally ignored during dead code analysis
   = note: `#[warn(dead_code)]` (part of `#[warn(unused)]`) on by default

warning: `recur` (bin "recur") generated 1 warning
    Finished `test` profile [unoptimized + debuginfo] target(s) in 8.04s
     Running tests\warp_refresh.rs (target\debug\deps\warp_refresh-e659482c075f62ec.exe)

running 5 tests

thread 'traversal_and_transaction_junction_are_rejected' (35132) panicked at tests\warp_refresh.rs:60:56:
assertion `left == right` failed
  left: Some(0)
 right: Some(2)
note: run with `RUST_BACKTRACE=1` environment variable to display a backtrace
test traversal_and_transaction_junction_are_rejected ... FAILED

thread 'invalid_replacements_and_originals_do_not_write' (47768) panicked at tests\warp_refresh.rs:44:151:
assertion `left == right` failed: failed
  left: Some(0)
 right: Some(2)
test invalid_replacements_and_originals_do_not_write ... FAILED
test other_evidence_and_contract_conflicts_remain_blockers ... ok

thread 'chain_drift_forks_and_historical_tamper_fail_closed' (35464) panicked at tests\warp_refresh.rs:49:112:
assertion failed: !call(r, "r1", "evidence:old.json", "evidence:new.json",
                &["--confirm"]).status.success()
test chain_drift_forks_and_historical_tamper_fail_closed ... FAILED

thread 'preview_confirm_restart_and_replay_preserve_history' (18180) panicked at tests\warp_refresh.rs:27:147:
assertion `left == right` failed
  left: Array []
 right: Array [String("s0")]
test preview_confirm_restart_and_replay_preserve_history ... FAILED

failures:

failures:
    chain_drift_forks_and_historical_tamper_fail_closed
    invalid_replacements_and_originals_do_not_write
    preview_confirm_restart_and_replay_preserve_history
    traversal_and_transaction_junction_are_rejected

test result: FAILED. 1 passed; 4 failed; 0 ignored; 0 measured; 0 filtered out; finished in 1.54s

error: test failed, to rerun pass `--test warp_refresh`
