   Compiling recur v0.2.8 (C:\src\recur)
    Finished `test` profile [unoptimized + debuginfo] target(s) in 5.24s
     Running unittests src\recur_lang_main.rs (target\debug\deps\recur_lang-5670e025cfa8d906.exe)

running 2 tests

thread 'recur_lang_checked_transition::tests::changed_evidence_at_the_write_boundary_is_rejected' (36828) panicked at src\recur_lang_checked_transition.rs:40:9:
assertion failed: run_hook(r, &args(), Some(Path::new("build.current.md")), true, false,
        |s|
            {
                if s == Stage::BeforeMutation {
                    fs::write(r.join("runner.rs"), "drift")?;
                }
                Ok(())
            }).is_err()
note: run with `RUST_BACKTRACE=1` environment variable to display a backtrace

thread 'recur_lang_checked_transition::tests::every_interruption_requires_explicit_bounded_recovery' (25384) panicked at src\recur_lang_checked_transition.rs:28:13:
PreparedStaged never reached
test recur_lang_checked_transition::tests::changed_evidence_at_the_write_boundary_is_rejected ... FAILED
test recur_lang_checked_transition::tests::every_interruption_requires_explicit_bounded_recovery ... FAILED

failures:

failures:
    recur_lang_checked_transition::tests::changed_evidence_at_the_write_boundary_is_rejected
    recur_lang_checked_transition::tests::every_interruption_requires_explicit_bounded_recovery

test result: FAILED. 0 passed; 2 failed; 0 ignored; 0 measured; 7 filtered out; finished in 0.03s

error: test failed, to rerun pass `--bin recur-lang`
