   Compiling recur v0.2.8 (C:\src\recur)
warning: variant `Element` is never constructed
  --> src\main_command_flatten_impl.rs:32:5
   |
31 | pub enum EntryKind {
   |          --------- variant in this enum
32 |     Element,
   |     ^^^^^^^
   |
   = note: `EntryKind` has a derived impl for the trait `Debug`, but this is intentionally ignored during dead code analysis
   = note: `#[warn(dead_code)]` (part of `#[warn(unused)]`) on by default

warning: `recur` (bin "recur") generated 1 warning
    Finished `test` profile [unoptimized + debuginfo] target(s) in 7.84s
     Running tests\lang_checked_transition.rs (target\debug\deps\lang_checked_transition-92f074e70f03f2e1.exe)

running 5 tests

thread 'accepted_history_does_not_hide_current_drift' (13976) panicked at tests\lang_checked_transition.rs:43:39:
called `Result::unwrap()` on an `Err` value: Os { code: 3, kind: NotFound, message: "The system cannot find the path specified." }
note: run with `RUST_BACKTRACE=1` environment variable to display a backtrace
test accepted_history_does_not_hide_current_drift ... FAILED

thread 'existing_destinations_and_attempt_conflicts_do_not_overwrite' (14976) panicked at tests\lang_checked_transition.rs:30:5:
assertion failed: !call(r, &["--confirm"]).status.success()
test existing_destinations_and_attempt_conflicts_do_not_overwrite ... FAILED

thread 'evidence_rejections_preserve_e0' (40388) panicked at tests\lang_checked_transition.rs:24:43:
wrong-scope must reject
test evidence_rejections_preserve_e0 ... FAILED

thread 'drift_between_plan_and_confirm_rejects' (31624) panicked at tests\lang_checked_transition.rs:38:5:
assertion failed: !call(r, &["--confirm"]).status.success()
test drift_between_plan_and_confirm_rejects ... FAILED

thread 'dry_run_confirm_and_exact_replay' (34804) panicked at tests\lang_checked_transition.rs:14:5:
assertion failed: !r.join("build.current.md").exists()
test dry_run_confirm_and_exact_replay ... FAILED

failures:

failures:
    accepted_history_does_not_hide_current_drift
    drift_between_plan_and_confirm_rejects
    dry_run_confirm_and_exact_replay
    evidence_rejections_preserve_e0
    existing_destinations_and_attempt_conflicts_do_not_overwrite

test result: FAILED. 0 passed; 5 failed; 0 ignored; 0 measured; 0 filtered out; finished in 0.87s

error: test failed, to rerun pass `--test lang_checked_transition`
