   Compiling recur v0.2.8 (C:\src\recur)
warning: variant `Element` is never constructed
  --> src\main_command_flatten_impl.rs:32:5
   |
31 | pub enum EntryKind {
   |          --------- variant in this enum
32 |     Element,
   |     ^^^^^^^
   |
   = note: `EntryKind` has a derived impl for the trait `Debug`, but this is intentionally ignored during dead code analysis
   = note: `#[warn(dead_code)]` (part of `#[warn(unused)]`) on by default

warning: `recur` (bin "recur") generated 1 warning
    Finished `test` profile [unoptimized + debuginfo] target(s) in 7.96s
     Running tests\lang_checked_transition.rs (target\debug\deps\lang_checked_transition-92f074e70f03f2e1.exe)

running 1 test

thread 'immutable_inputs_cannot_alias_the_moving_artifact' (43236) panicked at tests\lang_checked_transition.rs:18:5:
assertion `left == right` failed
  left: Some(0)
 right: Some(2)
note: run with `RUST_BACKTRACE=1` environment variable to display a backtrace
test immutable_inputs_cannot_alias_the_moving_artifact ... FAILED

failures:

failures:
    immutable_inputs_cannot_alias_the_moving_artifact

test result: FAILED. 0 passed; 1 failed; 0 ignored; 0 measured; 9 filtered out; finished in 1.39s

error: test failed, to rerun pass `--test lang_checked_transition`
