   Compiling recur v0.2.8 (C:\src\recur)
warning: variant `Element` is never constructed
  --> src\main_command_flatten_impl.rs:32:5
   |
31 | pub enum EntryKind {
   |          --------- variant in this enum
32 |     Element,
   |     ^^^^^^^
   |
   = note: `EntryKind` has a derived impl for the trait `Debug`, but this is intentionally ignored during dead code analysis
   = note: `#[warn(dead_code)]` (part of `#[warn(unused)]`) on by default

warning: `recur` (bin "recur") generated 1 warning
    Finished `test` profile [unoptimized + debuginfo] target(s) in 7.89s
     Running tests\lang_checked.rs (target\debug\deps\lang_checked-40cc7294bef817bf.exe)

running 1 test

thread 'status_shape_and_current_artifact_are_verified' (48108) panicked at tests\lang_checked.rs:261:5:
assertion `left == right` failed
  left: Bool(true)
 right: false
note: run with `RUST_BACKTRACE=1` environment variable to display a backtrace
test status_shape_and_current_artifact_are_verified ... FAILED

failures:

failures:
    status_shape_and_current_artifact_are_verified

test result: FAILED. 0 passed; 1 failed; 0 ignored; 0 measured; 11 filtered out; finished in 0.05s

error: test failed, to rerun pass `--test lang_checked`
