
DEMO query.suffix.complete
Test Summary:         | Pass  Total  Time
query.suffix.complete |   10     10  0.4s

DEMO query.suffix.todo_complete
Test Summary:              | Pass  Total  Time
query.suffix.todo_complete |   10     10  0.4s

DEMO query.suffix._complete_md
query.suffix._complete_md: Test Failed at C:\src\recur\julia-tests\main.command.lang.verification.test.jl:117
  Expression: length((packet(query(root, "report", "spec.recur", "--eventness", state)))["header"]) == 1
   Evaluated: 0 == 1

Stacktrace:
 [1] top-level scope
   @ C:\src\recur\julia-tests\main.command.lang.verification.test.jl:117
 [2] macro expansion
   @ C:\Users\marcn\.julia\juliaup\julia-1.12.7+0.x64.w64.mingw32\share\julia\stdlib\v1.12\Test\src\Test.jl:680 [inlined]
 [3] top-level scope
   @ file.jl:941
 [4] mktempdir(fn::Function, parent::String)
   @ Base.Filesystem .\file.jl:937
 [5] top-level scope
   @ C:\src\recur\julia-tests\main.command.lang.verification.test.jl:104
 [6] top-level scope
   @ C:\src\recur\julia-tests\main.command.lang.verification.test.jl:457
 [7] macro expansion
   @ C:\Users\marcn\.julia\juliaup\julia-1.12.7+0.x64.w64.mingw32\share\julia\stdlib\v1.12\Test\src\Test.jl:1777 [inlined]
 [8] macro expansion
   @ C:\src\recur\julia-tests\main.command.lang.verification.test.jl:457 [inlined]
Test Summary:             | Pass  Fail  Total  Time
query.suffix._complete_md |    9     1     10  0.4s
RNG of the outermost testset: Random.Xoshiro(0x9033125cff5b5a57, 0x7342f61e9b757ed9, 0x35457c93ff2eaf66, 0xac17f276a01f0554, 0xa8ff04db2e7e692c)

DEMO query.suffix._todo_complete_md
query.suffix._todo_complete_md: Test Failed at C:\src\recur\julia-tests\main.command.lang.verification.test.jl:117
  Expression: length((packet(query(root, "report", "spec.recur", "--eventness", state)))["header"]) == 1
   Evaluated: 0 == 1

Stacktrace:
 [1] top-level scope
   @ C:\src\recur\julia-tests\main.command.lang.verification.test.jl:117
 [2] macro expansion
   @ C:\Users\marcn\.julia\juliaup\julia-1.12.7+0.x64.w64.mingw32\share\julia\stdlib\v1.12\Test\src\Test.jl:680 [inlined]
 [3] top-level scope
   @ file.jl:941
 [4] mktempdir(fn::Function, parent::String)
   @ Base.Filesystem .\file.jl:937
 [5] top-level scope
   @ C:\src\recur\julia-tests\main.command.lang.verification.test.jl:104
 [6] top-level scope
   @ C:\src\recur\julia-tests\main.command.lang.verification.test.jl:457
 [7] macro expansion
   @ C:\Users\marcn\.julia\juliaup\julia-1.12.7+0.x64.w64.mingw32\share\julia\stdlib\v1.12\Test\src\Test.jl:1777 [inlined]
 [8] macro expansion
   @ C:\src\recur\julia-tests\main.command.lang.verification.test.jl:457 [inlined]
Test Summary:                  | Pass  Fail  Total  Time
query.suffix._todo_complete_md |    9     1     10  0.4s
RNG of the outermost testset: Random.Xoshiro(0x9033125cff5b5a57, 0x7342f61e9b757ed9, 0x35457c93ff2eaf66, 0xac17f276a01f0554, 0xa8ff04db2e7e692c)

DEMO query.cir.empty.eventness
query.cir.empty.eventness: Test Failed at C:\src\recur\julia-tests\main.command.lang.verification.test.jl:127
  Expression: ((p["sources"])[1])["recorded_eventness"] == []
   Evaluated: Any[Dict{String, Any}("records" => Any[], "scope" => "left"), Dict{String, Any}("records" => Any[], "scope" => "right"), Dict{String, Any}("records" => Any[], "scope" => "settle"), Dict{String, Any}("records" => Any[], "scope" => "audit")] == Any[]

Stacktrace:
 [1] top-level scope
   @ C:\src\recur\julia-tests\main.command.lang.verification.test.jl:127
 [2] macro expansion
   @ C:\Users\marcn\.julia\juliaup\julia-1.12.7+0.x64.w64.mingw32\share\julia\stdlib\v1.12\Test\src\Test.jl:680 [inlined]
 [3] top-level scope
   @ file.jl:941
 [4] mktempdir(fn::Function, parent::String)
   @ Base.Filesystem .\file.jl:937
 [5] top-level scope
   @ C:\src\recur\julia-tests\main.command.lang.verification.test.jl:123
 [6] top-level scope
   @ C:\src\recur\julia-tests\main.command.lang.verification.test.jl:457
 [7] macro expansion
   @ C:\Users\marcn\.julia\juliaup\julia-1.12.7+0.x64.w64.mingw32\share\julia\stdlib\v1.12\Test\src\Test.jl:1777 [inlined]
 [8] macro expansion
   @ C:\src\recur\julia-tests\main.command.lang.verification.test.jl:457 [inlined]
Test Summary:             | Pass  Fail  Total  Time
query.cir.empty.eventness |    3     1      4  0.1s
RNG of the outermost testset: Random.Xoshiro(0x9033125cff5b5a57, 0x7342f61e9b757ed9, 0x35457c93ff2eaf66, 0xac17f276a01f0554, 0xa8ff04db2e7e692c)

DEMO query.simultaneous.states
Test Summary:             | Pass  Total  Time
query.simultaneous.states |    5      5  0.1s

DEMO query.invalid.inputs
Test Summary:        | Pass  Total  Time
query.invalid.inputs |    9      9  0.4s

DEMO query.escape.and.executable.binding
Test Summary:                       | Pass  Total  Time
query.escape.and.executable.binding |   11     11  0.5s

DEMO query.directory.link.boundary
Test Summary:                 | Pass  Total  Time
query.directory.link.boundary |    6      6  0.3s

DEMO actor.arguments.confirm.without.receipt
Test Summary:                           | Pass  Total  Time
actor.arguments.confirm.without.receipt |    2      2  0.2s

DEMO actor.arguments.recover.without.checked
Test Summary:                           | Pass  Total  Time
actor.arguments.recover.without.checked |    2      2  0.1s

DEMO actor.arguments.checked.with.id
Test Summary:                   | Pass  Total  Time
actor.arguments.checked.with.id |    2      2  0.1s

DEMO delivery.seven.binary.smoke
Test Summary:               | Pass  Total  Time
delivery.seven.binary.smoke |   28     28  1.7s

DEMO graph.exact.oracle
Test Summary:      | Pass  Total  Time
graph.exact.oracle |   12     12  0.3s

DEMO graph.fault.self
Test Summary:    | Pass  Total  Time
graph.fault.self |    7      7  0.1s

DEMO graph.fault.dependency
Test Summary:          | Pass  Total  Time
graph.fault.dependency |    7      7  0.1s

DEMO graph.fault.wait
Test Summary:    | Pass  Total  Time
graph.fault.wait |    5      5  0.1s

DEMO graph.fault.missing.join
Test Summary:            | Pass  Total  Time
graph.fault.missing.join |    5      5  0.1s

DEMO parser.comments.are.inert
parser.comments.are.inert: Test Failed at C:\src\recur\julia-tests\main.command.lang.verification.test.jl:39
  Expression: r.code == code
   Evaluated: 2 == 0

Stacktrace:
  [1] top-level scope
    @ C:\src\recur\julia-tests\main.command.lang.verification.test.jl:39
  [2] macro expansion
    @ C:\Users\marcn\.julia\juliaup\julia-1.12.7+0.x64.w64.mingw32\share\julia\stdlib\v1.12\Test\src\Test.jl:680 [inlined]
  [3] top-level scope
    @ C:\src\recur\julia-tests\main.command.lang.verification.test.jl:39
  [4] top-level scope
    @ C:\src\recur\julia-tests\main.command.lang.verification.test.jl:259
  [5] top-level scope
    @ file.jl:941
  [6] mktempdir(fn::Function, parent::String)
    @ Base.Filesystem .\file.jl:937
  [7] top-level scope
    @ C:\src\recur\julia-tests\main.command.lang.verification.test.jl:255
  [8] top-level scope
    @ C:\src\recur\julia-tests\main.command.lang.verification.test.jl:457
  [9] macro expansion
    @ C:\Users\marcn\.julia\juliaup\julia-1.12.7+0.x64.w64.mingw32\share\julia\stdlib\v1.12\Test\src\Test.jl:1777 [inlined]
 [10] macro expansion
    @ C:\src\recur\julia-tests\main.command.lang.verification.test.jl:457 [inlined]
parser.comments.are.inert: Test Failed at C:\src\recur\julia-tests\main.command.lang.verification.test.jl:260
  Expression: [h["identity"] for h = get(p, "header", [])] == ["hello.h"]
   Evaluated: Any[] == ["hello.h"]

Stacktrace:
 [1] top-level scope
   @ C:\src\recur\julia-tests\main.command.lang.verification.test.jl:260
 [2] macro expansion
   @ C:\Users\marcn\.julia\juliaup\julia-1.12.7+0.x64.w64.mingw32\share\julia\stdlib\v1.12\Test\src\Test.jl:680 [inlined]
 [3] top-level scope
   @ file.jl:941
 [4] mktempdir(fn::Function, parent::String)
   @ Base.Filesystem .\file.jl:937
 [5] top-level scope
   @ C:\src\recur\julia-tests\main.command.lang.verification.test.jl:255
 [6] top-level scope
   @ C:\src\recur\julia-tests\main.command.lang.verification.test.jl:457
 [7] macro expansion
   @ C:\Users\marcn\.julia\juliaup\julia-1.12.7+0.x64.w64.mingw32\share\julia\stdlib\v1.12\Test\src\Test.jl:1777 [inlined]
 [8] macro expansion
   @ C:\src\recur\julia-tests\main.command.lang.verification.test.jl:457 [inlined]
Test Summary:             | Pass  Fail  Total  Time
parser.comments.are.inert |    1     2      3  0.1s
RNG of the outermost testset: Random.Xoshiro(0x9033125cff5b5a57, 0x7342f61e9b757ed9, 0x35457c93ff2eaf66, 0xac17f276a01f0554, 0xa8ff04db2e7e692c)

DEMO parser.reject.duplicate.scope
Test Summary:                 | Pass  Total  Time
parser.reject.duplicate.scope |    3      3  0.1s

DEMO parser.reject.missing.function
Test Summary:                  | Pass  Total  Time
parser.reject.missing.function |    3      3  0.1s

DEMO parser.reject.wrong.flow.port
Test Summary:                 | Pass  Total  Time
parser.reject.wrong.flow.port |    3      3  0.1s

DEMO parser.reject.undeclared.state
Test Summary:                  | Pass  Total  Time
parser.reject.undeclared.state |    3      3  0.1s

DEMO parser.reject.unknown.producer
Test Summary:                  | Pass  Total  Time
parser.reject.unknown.producer |    3      3  0.1s

DEMO parser.reject.missing.policy
Test Summary:                | Pass  Total  Time
parser.reject.missing.policy |    3      3  0.1s

DEMO parser.unicode.spans.LF
Test Summary:           | Pass  Total  Time
parser.unicode.spans.LF |    6      6  0.2s

DEMO parser.unicode.spans.CRLF
Test Summary:             | Pass  Total  Time
parser.unicode.spans.CRLF |    6      6  0.1s

DEMO checked.control.preview.accept.replay
Test Summary:                         | Pass  Total  Time
checked.control.preview.accept.replay |   13     13  0.5s

DEMO checked.status.source_hash
checked.status.source_hash: Test Failed at C:\src\recur\julia-tests\main.command.lang.verification.test.jl:324
  Expression: r.code != 0
   Evaluated: 0 != 0

Stacktrace:
 [1] top-level scope
   @ C:\src\recur\julia-tests\main.command.lang.verification.test.jl:324
 [2] macro expansion
   @ C:\Users\marcn\.julia\juliaup\julia-1.12.7+0.x64.w64.mingw32\share\julia\stdlib\v1.12\Test\src\Test.jl:680 [inlined]
 [3] top-level scope
   @ file.jl:941
 [4] mktempdir(fn::Function, parent::String)
   @ Base.Filesystem .\file.jl:937
 [5] top-level scope
   @ C:\src\recur\julia-tests\main.command.lang.verification.test.jl:309
 [6] top-level scope
   @ C:\src\recur\julia-tests\main.command.lang.verification.test.jl:457
 [7] macro expansion
   @ C:\Users\marcn\.julia\juliaup\julia-1.12.7+0.x64.w64.mingw32\share\julia\stdlib\v1.12\Test\src\Test.jl:1777 [inlined]
 [8] macro expansion
   @ C:\src\recur\julia-tests\main.command.lang.verification.test.jl:457 [inlined]
checked.status.source_hash: Test Failed at C:\src\recur\julia-tests\main.command.lang.verification.test.jl:326
  Expression: (p["transition_status"])["current_accepted"] == false
   Evaluated: true == false

Stacktrace:
 [1] top-level scope
   @ C:\src\recur\julia-tests\main.command.lang.verification.test.jl:326
 [2] macro expansion
   @ C:\Users\marcn\.julia\juliaup\julia-1.12.7+0.x64.w64.mingw32\share\julia\stdlib\v1.12\Test\src\Test.jl:680 [inlined]
 [3] top-level scope
   @ file.jl:941
 [4] mktempdir(fn::Function, parent::String)
   @ Base.Filesystem .\file.jl:937
 [5] top-level scope
   @ C:\src\recur\julia-tests\main.command.lang.verification.test.jl:309
 [6] top-level scope
   @ C:\src\recur\julia-tests\main.command.lang.verification.test.jl:457
 [7] macro expansion
   @ C:\Users\marcn\.julia\juliaup\julia-1.12.7+0.x64.w64.mingw32\share\julia\stdlib\v1.12\Test\src\Test.jl:1777 [inlined]
 [8] macro expansion
   @ C:\src\recur\julia-tests\main.command.lang.verification.test.jl:457 [inlined]
Test Summary:              | Pass  Fail  Total  Time
checked.status.source_hash |   10     2     12  0.5s
RNG of the outermost testset: Random.Xoshiro(0x9033125cff5b5a57, 0x7342f61e9b757ed9, 0x35457c93ff2eaf66, 0xac17f276a01f0554, 0xa8ff04db2e7e692c)

DEMO checked.status.before
checked.status.before: Test Failed at C:\src\recur\julia-tests\main.command.lang.verification.test.jl:324
  Expression: r.code != 0
   Evaluated: 0 != 0

Stacktrace:
 [1] top-level scope
   @ C:\src\recur\julia-tests\main.command.lang.verification.test.jl:324
 [2] macro expansion
   @ C:\Users\marcn\.julia\juliaup\julia-1.12.7+0.x64.w64.mingw32\share\julia\stdlib\v1.12\Test\src\Test.jl:680 [inlined]
 [3] top-level scope
   @ file.jl:941
 [4] mktempdir(fn::Function, parent::String)
   @ Base.Filesystem .\file.jl:937
 [5] top-level scope
   @ C:\src\recur\julia-tests\main.command.lang.verification.test.jl:309
 [6] top-level scope
   @ C:\src\recur\julia-tests\main.command.lang.verification.test.jl:457
 [7] macro expansion
   @ C:\Users\marcn\.julia\juliaup\julia-1.12.7+0.x64.w64.mingw32\share\julia\stdlib\v1.12\Test\src\Test.jl:1777 [inlined]
 [8] macro expansion
   @ C:\src\recur\julia-tests\main.command.lang.verification.test.jl:457 [inlined]
checked.status.before: Test Failed at C:\src\recur\julia-tests\main.command.lang.verification.test.jl:326
  Expression: (p["transition_status"])["current_accepted"] == false
   Evaluated: true == false

Stacktrace:
 [1] top-level scope
   @ C:\src\recur\julia-tests\main.command.lang.verification.test.jl:326
 [2] macro expansion
   @ C:\Users\marcn\.julia\juliaup\julia-1.12.7+0.x64.w64.mingw32\share\julia\stdlib\v1.12\Test\src\Test.jl:680 [inlined]
 [3] top-level scope
   @ file.jl:941
 [4] mktempdir(fn::Function, parent::String)
   @ Base.Filesystem .\file.jl:937
 [5] top-level scope
   @ C:\src\recur\julia-tests\main.command.lang.verification.test.jl:309
 [6] top-level scope
   @ C:\src\recur\julia-tests\main.command.lang.verification.test.jl:457
 [7] macro expansion
   @ C:\Users\marcn\.julia\juliaup\julia-1.12.7+0.x64.w64.mingw32\share\julia\stdlib\v1.12\Test\src\Test.jl:1777 [inlined]
 [8] macro expansion
   @ C:\src\recur\julia-tests\main.command.lang.verification.test.jl:457 [inlined]
Test Summary:         | Pass  Fail  Total  Time
checked.status.before |   10     2     12  0.5s
RNG of the outermost testset: Random.Xoshiro(0x9033125cff5b5a57, 0x7342f61e9b757ed9, 0x35457c93ff2eaf66, 0xac17f276a01f0554, 0xa8ff04db2e7e692c)

DEMO checked.status.after
checked.status.after: Test Failed at C:\src\recur\julia-tests\main.command.lang.verification.test.jl:324
  Expression: r.code != 0
   Evaluated: 0 != 0

Stacktrace:
 [1] top-level scope
   @ C:\src\recur\julia-tests\main.command.lang.verification.test.jl:324
 [2] macro expansion
   @ C:\Users\marcn\.julia\juliaup\julia-1.12.7+0.x64.w64.mingw32\share\julia\stdlib\v1.12\Test\src\Test.jl:680 [inlined]
 [3] top-level scope
   @ file.jl:941
 [4] mktempdir(fn::Function, parent::String)
   @ Base.Filesystem .\file.jl:937
 [5] top-level scope
   @ C:\src\recur\julia-tests\main.command.lang.verification.test.jl:309
 [6] top-level scope
   @ C:\src\recur\julia-tests\main.command.lang.verification.test.jl:457
 [7] macro expansion
   @ C:\Users\marcn\.julia\juliaup\julia-1.12.7+0.x64.w64.mingw32\share\julia\stdlib\v1.12\Test\src\Test.jl:1777 [inlined]
 [8] macro expansion
   @ C:\src\recur\julia-tests\main.command.lang.verification.test.jl:457 [inlined]
checked.status.after: Test Failed at C:\src\recur\julia-tests\main.command.lang.verification.test.jl:326
  Expression: (p["transition_status"])["current_accepted"] == false
   Evaluated: true == false

Stacktrace:
 [1] top-level scope
   @ C:\src\recur\julia-tests\main.command.lang.verification.test.jl:326
 [2] macro expansion
   @ C:\Users\marcn\.julia\juliaup\julia-1.12.7+0.x64.w64.mingw32\share\julia\stdlib\v1.12\Test\src\Test.jl:680 [inlined]
 [3] top-level scope
   @ file.jl:941
 [4] mktempdir(fn::Function, parent::String)
   @ Base.Filesystem .\file.jl:937
 [5] top-level scope
   @ C:\src\recur\julia-tests\main.command.lang.verification.test.jl:309
 [6] top-level scope
   @ C:\src\recur\julia-tests\main.command.lang.verification.test.jl:457
 [7] macro expansion
   @ C:\Users\marcn\.julia\juliaup\julia-1.12.7+0.x64.w64.mingw32\share\julia\stdlib\v1.12\Test\src\Test.jl:1777 [inlined]
 [8] macro expansion
   @ C:\src\recur\julia-tests\main.command.lang.verification.test.jl:457 [inlined]
Test Summary:        | Pass  Fail  Total  Time
checked.status.after |   10     2     12  0.5s
RNG of the outermost testset: Random.Xoshiro(0x9033125cff5b5a57, 0x7342f61e9b757ed9, 0x35457c93ff2eaf66, 0xac17f276a01f0554, 0xa8ff04db2e7e692c)

DEMO checked.status.checked_inputs
checked.status.checked_inputs: Test Failed at C:\src\recur\julia-tests\main.command.lang.verification.test.jl:324
  Expression: r.code != 0
   Evaluated: 0 != 0

Stacktrace:
 [1] top-level scope
   @ C:\src\recur\julia-tests\main.command.lang.verification.test.jl:324
 [2] macro expansion
   @ C:\Users\marcn\.julia\juliaup\julia-1.12.7+0.x64.w64.mingw32\share\julia\stdlib\v1.12\Test\src\Test.jl:680 [inlined]
 [3] top-level scope
   @ file.jl:941
 [4] mktempdir(fn::Function, parent::String)
   @ Base.Filesystem .\file.jl:937
 [5] top-level scope
   @ C:\src\recur\julia-tests\main.command.lang.verification.test.jl:309
 [6] top-level scope
   @ C:\src\recur\julia-tests\main.command.lang.verification.test.jl:457
 [7] macro expansion
   @ C:\Users\marcn\.julia\juliaup\julia-1.12.7+0.x64.w64.mingw32\share\julia\stdlib\v1.12\Test\src\Test.jl:1777 [inlined]
 [8] macro expansion
   @ C:\src\recur\julia-tests\main.command.lang.verification.test.jl:457 [inlined]
checked.status.checked_inputs: Test Failed at C:\src\recur\julia-tests\main.command.lang.verification.test.jl:326
  Expression: (p["transition_status"])["current_accepted"] == false
   Evaluated: true == false

Stacktrace:
 [1] top-level scope
   @ C:\src\recur\julia-tests\main.command.lang.verification.test.jl:326
 [2] macro expansion
   @ C:\Users\marcn\.julia\juliaup\julia-1.12.7+0.x64.w64.mingw32\share\julia\stdlib\v1.12\Test\src\Test.jl:680 [inlined]
 [3] top-level scope
   @ file.jl:941
 [4] mktempdir(fn::Function, parent::String)
   @ Base.Filesystem .\file.jl:937
 [5] top-level scope
   @ C:\src\recur\julia-tests\main.command.lang.verification.test.jl:309
 [6] top-level scope
   @ C:\src\recur\julia-tests\main.command.lang.verification.test.jl:457
 [7] macro expansion
   @ C:\Users\marcn\.julia\juliaup\julia-1.12.7+0.x64.w64.mingw32\share\julia\stdlib\v1.12\Test\src\Test.jl:1777 [inlined]
 [8] macro expansion
   @ C:\src\recur\julia-tests\main.command.lang.verification.test.jl:457 [inlined]
Test Summary:                 | Pass  Fail  Total  Time
checked.status.checked_inputs |   10     2     12  0.5s
RNG of the outermost testset: Random.Xoshiro(0x9033125cff5b5a57, 0x7342f61e9b757ed9, 0x35457c93ff2eaf66, 0xac17f276a01f0554, 0xa8ff04db2e7e692c)

DEMO checked.conflict.prepared.scope
checked.conflict.prepared.scope: Test Failed at C:\src\recur\julia-tests\main.command.lang.verification.test.jl:346
  Expression: r.code != 0
   Evaluated: 0 != 0

Stacktrace:
 [1] top-level scope
   @ C:\src\recur\julia-tests\main.command.lang.verification.test.jl:346
 [2] macro expansion
   @ C:\Users\marcn\.julia\juliaup\julia-1.12.7+0.x64.w64.mingw32\share\julia\stdlib\v1.12\Test\src\Test.jl:680 [inlined]
 [3] top-level scope
   @ file.jl:941
 [4] mktempdir(fn::Function, parent::String)
   @ Base.Filesystem .\file.jl:937
 [5] top-level scope
   @ C:\src\recur\julia-tests\main.command.lang.verification.test.jl:336
 [6] top-level scope
   @ C:\src\recur\julia-tests\main.command.lang.verification.test.jl:457
 [7] macro expansion
   @ C:\Users\marcn\.julia\juliaup\julia-1.12.7+0.x64.w64.mingw32\share\julia\stdlib\v1.12\Test\src\Test.jl:1777 [inlined]
 [8] macro expansion
   @ C:\src\recur\julia-tests\main.command.lang.verification.test.jl:457 [inlined]
checked.conflict.prepared.scope: Test Failed at C:\src\recur\julia-tests\main.command.lang.verification.test.jl:347
  Expression: isnothing(r.packet) || get(get(r.packet, "action", Dict()), "ack", false) != true

Stacktrace:
 [1] top-level scope
   @ C:\src\recur\julia-tests\main.command.lang.verification.test.jl:347
 [2] macro expansion
   @ C:\Users\marcn\.julia\juliaup\julia-1.12.7+0.x64.w64.mingw32\share\julia\stdlib\v1.12\Test\src\Test.jl:680 [inlined]
 [3] top-level scope
   @ file.jl:941
 [4] mktempdir(fn::Function, parent::String)
   @ Base.Filesystem .\file.jl:937
 [5] top-level scope
   @ C:\src\recur\julia-tests\main.command.lang.verification.test.jl:336
 [6] top-level scope
   @ C:\src\recur\julia-tests\main.command.lang.verification.test.jl:457
 [7] macro expansion
   @ C:\Users\marcn\.julia\juliaup\julia-1.12.7+0.x64.w64.mingw32\share\julia\stdlib\v1.12\Test\src\Test.jl:1777 [inlined]
 [8] macro expansion
   @ C:\src\recur\julia-tests\main.command.lang.verification.test.jl:457 [inlined]
checked.conflict.prepared.scope: Test Failed at C:\src\recur\julia-tests\main.command.lang.verification.test.jl:346
  Expression: r.code != 0
   Evaluated: 0 != 0

Stacktrace:
 [1] top-level scope
   @ C:\src\recur\julia-tests\main.command.lang.verification.test.jl:346
 [2] macro expansion
   @ C:\Users\marcn\.julia\juliaup\julia-1.12.7+0.x64.w64.mingw32\share\julia\stdlib\v1.12\Test\src\Test.jl:680 [inlined]
 [3] top-level scope
   @ file.jl:941
 [4] mktempdir(fn::Function, parent::String)
   @ Base.Filesystem .\file.jl:937
 [5] top-level scope
   @ C:\src\recur\julia-tests\main.command.lang.verification.test.jl:336
 [6] top-level scope
   @ C:\src\recur\julia-tests\main.command.lang.verification.test.jl:457
 [7] macro expansion
   @ C:\Users\marcn\.julia\juliaup\julia-1.12.7+0.x64.w64.mingw32\share\julia\stdlib\v1.12\Test\src\Test.jl:1777 [inlined]
 [8] macro expansion
   @ C:\src\recur\julia-tests\main.command.lang.verification.test.jl:457 [inlined]
checked.conflict.prepared.scope: Test Failed at C:\src\recur\julia-tests\main.command.lang.verification.test.jl:347
  Expression: isnothing(r.packet) || get(get(r.packet, "action", Dict()), "ack", false) != true

Stacktrace:
 [1] top-level scope
   @ C:\src\recur\julia-tests\main.command.lang.verification.test.jl:347
 [2] macro expansion
   @ C:\Users\marcn\.julia\juliaup\julia-1.12.7+0.x64.w64.mingw32\share\julia\stdlib\v1.12\Test\src\Test.jl:680 [inlined]
 [3] top-level scope
   @ file.jl:941
 [4] mktempdir(fn::Function, parent::String)
   @ Base.Filesystem .\file.jl:937
 [5] top-level scope
   @ C:\src\recur\julia-tests\main.command.lang.verification.test.jl:336
 [6] top-level scope
   @ C:\src\recur\julia-tests\main.command.lang.verification.test.jl:457
 [7] macro expansion
   @ C:\Users\marcn\.julia\juliaup\julia-1.12.7+0.x64.w64.mingw32\share\julia\stdlib\v1.12\Test\src\Test.jl:1777 [inlined]
 [8] macro expansion
   @ C:\src\recur\julia-tests\main.command.lang.verification.test.jl:457 [inlined]
Test Summary:                   | Pass  Fail  Total  Time
checked.conflict.prepared.scope |    8     4     12  0.6s
RNG of the outermost testset: Random.Xoshiro(0x9033125cff5b5a57, 0x7342f61e9b757ed9, 0x35457c93ff2eaf66, 0xac17f276a01f0554, 0xa8ff04db2e7e692c)

DEMO checked.conflict.prepared.json
checked.conflict.prepared.json: Test Failed at C:\src\recur\julia-tests\main.command.lang.verification.test.jl:346
  Expression: r.code != 0
   Evaluated: 0 != 0

Stacktrace:
 [1] top-level scope
   @ C:\src\recur\julia-tests\main.command.lang.verification.test.jl:346
 [2] macro expansion
   @ C:\Users\marcn\.julia\juliaup\julia-1.12.7+0.x64.w64.mingw32\share\julia\stdlib\v1.12\Test\src\Test.jl:680 [inlined]
 [3] top-level scope
   @ file.jl:941
 [4] mktempdir(fn::Function, parent::String)
   @ Base.Filesystem .\file.jl:937
 [5] top-level scope
   @ C:\src\recur\julia-tests\main.command.lang.verification.test.jl:336
 [6] top-level scope
   @ C:\src\recur\julia-tests\main.command.lang.verification.test.jl:457
 [7] macro expansion
   @ C:\Users\marcn\.julia\juliaup\julia-1.12.7+0.x64.w64.mingw32\share\julia\stdlib\v1.12\Test\src\Test.jl:1777 [inlined]
 [8] macro expansion
   @ C:\src\recur\julia-tests\main.command.lang.verification.test.jl:457 [inlined]
checked.conflict.prepared.json: Test Failed at C:\src\recur\julia-tests\main.command.lang.verification.test.jl:347
  Expression: isnothing(r.packet) || get(get(r.packet, "action", Dict()), "ack", false) != true

Stacktrace:
 [1] top-level scope
   @ C:\src\recur\julia-tests\main.command.lang.verification.test.jl:347
 [2] macro expansion
   @ C:\Users\marcn\.julia\juliaup\julia-1.12.7+0.x64.w64.mingw32\share\julia\stdlib\v1.12\Test\src\Test.jl:680 [inlined]
 [3] top-level scope
   @ file.jl:941
 [4] mktempdir(fn::Function, parent::String)
   @ Base.Filesystem .\file.jl:937
 [5] top-level scope
   @ C:\src\recur\julia-tests\main.command.lang.verification.test.jl:336
 [6] top-level scope
   @ C:\src\recur\julia-tests\main.command.lang.verification.test.jl:457
 [7] macro expansion
   @ C:\Users\marcn\.julia\juliaup\julia-1.12.7+0.x64.w64.mingw32\share\julia\stdlib\v1.12\Test\src\Test.jl:1777 [inlined]
 [8] macro expansion
   @ C:\src\recur\julia-tests\main.command.lang.verification.test.jl:457 [inlined]
checked.conflict.prepared.json: Test Failed at C:\src\recur\julia-tests\main.command.lang.verification.test.jl:346
  Expression: r.code != 0
   Evaluated: 0 != 0

Stacktrace:
 [1] top-level scope
   @ C:\src\recur\julia-tests\main.command.lang.verification.test.jl:346
 [2] macro expansion
   @ C:\Users\marcn\.julia\juliaup\julia-1.12.7+0.x64.w64.mingw32\share\julia\stdlib\v1.12\Test\src\Test.jl:680 [inlined]
 [3] top-level scope
   @ file.jl:941
 [4] mktempdir(fn::Function, parent::String)
   @ Base.Filesystem .\file.jl:937
 [5] top-level scope
   @ C:\src\recur\julia-tests\main.command.lang.verification.test.jl:336
 [6] top-level scope
   @ C:\src\recur\julia-tests\main.command.lang.verification.test.jl:457
 [7] macro expansion
   @ C:\Users\marcn\.julia\juliaup\julia-1.12.7+0.x64.w64.mingw32\share\julia\stdlib\v1.12\Test\src\Test.jl:1777 [inlined]
 [8] macro expansion
   @ C:\src\recur\julia-tests\main.command.lang.verification.test.jl:457 [inlined]
checked.conflict.prepared.json: Test Failed at C:\src\recur\julia-tests\main.command.lang.verification.test.jl:347
  Expression: isnothing(r.packet) || get(get(r.packet, "action", Dict()), "ack", false) != true

Stacktrace:
 [1] top-level scope
   @ C:\src\recur\julia-tests\main.command.lang.verification.test.jl:347
 [2] macro expansion
   @ C:\Users\marcn\.julia\juliaup\julia-1.12.7+0.x64.w64.mingw32\share\julia\stdlib\v1.12\Test\src\Test.jl:680 [inlined]
 [3] top-level scope
   @ file.jl:941
 [4] mktempdir(fn::Function, parent::String)
   @ Base.Filesystem .\file.jl:937
 [5] top-level scope
   @ C:\src\recur\julia-tests\main.command.lang.verification.test.jl:336
 [6] top-level scope
   @ C:\src\recur\julia-tests\main.command.lang.verification.test.jl:457
 [7] macro expansion
   @ C:\Users\marcn\.julia\juliaup\julia-1.12.7+0.x64.w64.mingw32\share\julia\stdlib\v1.12\Test\src\Test.jl:1777 [inlined]
 [8] macro expansion
   @ C:\src\recur\julia-tests\main.command.lang.verification.test.jl:457 [inlined]
Test Summary:                  | Pass  Fail  Total  Time
checked.conflict.prepared.json |    8     4     12  0.5s
RNG of the outermost testset: Random.Xoshiro(0x9033125cff5b5a57, 0x7342f61e9b757ed9, 0x35457c93ff2eaf66, 0xac17f276a01f0554, 0xa8ff04db2e7e692c)

DEMO checked.conflict.accepted.scope
Test Summary:                   | Pass  Total  Time
checked.conflict.accepted.scope |   12     12  0.5s

DEMO checked.conflict.accepted.json
Test Summary:                  | Pass  Total  Time
checked.conflict.accepted.json |   12     12  0.5s

DEMO checked.drift.spec_recur
Test Summary:            | Pass  Total  Time
checked.drift.spec_recur |   10     10  0.5s

DEMO checked.drift.implementation_jl
Test Summary:                   | Pass  Total  Time
checked.drift.implementation_jl |   10     10  0.5s

DEMO checked.drift.cases_jl
Test Summary:          | Pass  Total  Time
checked.drift.cases_jl |   10     10  0.5s

DEMO checked.drift.config_toml
Test Summary:             | Pass  Total  Time
checked.drift.config_toml |   10     10  0.5s

DEMO checked.drift.runner_jl
Test Summary:           | Pass  Total  Time
checked.drift.runner_jl |   10     10  0.5s

DEMO checked.drift.behavior_md
Test Summary:             | Pass  Total  Time
checked.drift.behavior_md |   10     10  0.5s

DEMO checked.drift.policy_json
Test Summary:             | Pass  Total  Time
checked.drift.policy_json |   10     10  0.5s

DEMO checked.drift.result_json
Test Summary:             | Pass  Total  Time
checked.drift.result_json |   10     10  0.5s

DEMO checked.drift.evidence_json
Test Summary:               | Pass  Total  Time
checked.drift.evidence_json |   10     10  0.5s

DEMO checked.drift.attempt_json
Test Summary:              | Pass  Total  Time
checked.drift.attempt_json |   10     10  0.5s

DEMO checked.attempt.id.80
Test Summary:         | Pass  Total  Time
checked.attempt.id.80 |    2      2  0.1s

DEMO checked.attempt.id.81
Test Summary:         | Pass  Total  Time
checked.attempt.id.81 |    2      2  0.1s

DEMO checked.attempt.id.dot
Test Summary:          | Pass  Total  Time
checked.attempt.id.dot |    2      2  0.1s

DEMO checked.attempt.id.empty
Test Summary:            | Pass  Total  Time
checked.attempt.id.empty |    2      2  0.1s

DEMO checked.attempt.id.unicode
Test Summary:              | Pass  Total  Time
checked.attempt.id.unicode |    2      2  0.1s

DEMO path.oracle.adjacent
WARNING: Detected access to binding `PathOracle.every_path_is_contiguous` in a world prior to its definition world.
  Julia 1.12 has introduced more strict world age semantics for global bindings.
  !!! This code may malfunction under Revise.
  !!! This code will error in future versions of Julia.
Hint: Add an appropriate `invokelatest` around the access to this binding.
To make this warning an error, and hence obtain a stack trace, use `julia --depwarn=error`.
path.oracle.adjacent: Test Failed at C:\src\recur\julia-tests\main.command.lang.verification.test.jl:401
  Expression: Base.invokelatest(PathOracle.every_path_is_contiguous, path_fixture(tiles; edge)) == expected
   Evaluated: false == true

Stacktrace:
 [1] top-level scope
   @ C:\src\recur\julia-tests\main.command.lang.verification.test.jl:401
 [2] macro expansion
   @ C:\Users\marcn\.julia\juliaup\julia-1.12.7+0.x64.w64.mingw32\share\julia\stdlib\v1.12\Test\src\Test.jl:680 [inlined]
 [3] top-level scope
   @ C:\src\recur\julia-tests\main.command.lang.verification.test.jl:457
 [4] macro expansion
   @ C:\Users\marcn\.julia\juliaup\julia-1.12.7+0.x64.w64.mingw32\share\julia\stdlib\v1.12\Test\src\Test.jl:1777 [inlined]
 [5] macro expansion
   @ C:\src\recur\julia-tests\main.command.lang.verification.test.jl:457 [inlined]
Test Summary:        | Fail  Total  Time
path.oracle.adjacent |    1      1  0.0s
RNG of the outermost testset: Random.Xoshiro(0x9033125cff5b5a57, 0x7342f61e9b757ed9, 0x35457c93ff2eaf66, 0xac17f276a01f0554, 0xa8ff04db2e7e692c)

DEMO path.oracle.reverse
path.oracle.reverse: Test Failed at C:\src\recur\julia-tests\main.command.lang.verification.test.jl:401
  Expression: Base.invokelatest(PathOracle.every_path_is_contiguous, path_fixture(tiles; edge)) == expected
   Evaluated: false == true

Stacktrace:
 [1] top-level scope
   @ C:\src\recur\julia-tests\main.command.lang.verification.test.jl:401
 [2] macro expansion
   @ C:\Users\marcn\.julia\juliaup\julia-1.12.7+0.x64.w64.mingw32\share\julia\stdlib\v1.12\Test\src\Test.jl:680 [inlined]
 [3] top-level scope
   @ C:\src\recur\julia-tests\main.command.lang.verification.test.jl:457
 [4] macro expansion
   @ C:\Users\marcn\.julia\juliaup\julia-1.12.7+0.x64.w64.mingw32\share\julia\stdlib\v1.12\Test\src\Test.jl:1777 [inlined]
 [5] macro expansion
   @ C:\src\recur\julia-tests\main.command.lang.verification.test.jl:457 [inlined]
Test Summary:       | Fail  Total  Time
path.oracle.reverse |    1      1  0.0s
RNG of the outermost testset: Random.Xoshiro(0x9033125cff5b5a57, 0x7342f61e9b757ed9, 0x35457c93ff2eaf66, 0xac17f276a01f0554, 0xa8ff04db2e7e692c)

DEMO path.oracle.disconnected
Test Summary:            | Pass  Total  Time
path.oracle.disconnected |    1      1  0.0s

DEMO path.oracle.empty
path.oracle.empty: Test Failed at C:\src\recur\julia-tests\main.command.lang.verification.test.jl:401
  Expression: Base.invokelatest(PathOracle.every_path_is_contiguous, path_fixture(tiles; edge)) == expected
   Evaluated: true == false

Stacktrace:
 [1] top-level scope
   @ C:\src\recur\julia-tests\main.command.lang.verification.test.jl:401
 [2] macro expansion
   @ C:\Users\marcn\.julia\juliaup\julia-1.12.7+0.x64.w64.mingw32\share\julia\stdlib\v1.12\Test\src\Test.jl:680 [inlined]
 [3] top-level scope
   @ C:\src\recur\julia-tests\main.command.lang.verification.test.jl:457
 [4] macro expansion
   @ C:\Users\marcn\.julia\juliaup\julia-1.12.7+0.x64.w64.mingw32\share\julia\stdlib\v1.12\Test\src\Test.jl:1777 [inlined]
 [5] macro expansion
   @ C:\src\recur\julia-tests\main.command.lang.verification.test.jl:457 [inlined]
Test Summary:     | Fail  Total  Time
path.oracle.empty |    1      1  0.0s
RNG of the outermost testset: Random.Xoshiro(0x9033125cff5b5a57, 0x7342f61e9b757ed9, 0x35457c93ff2eaf66, 0xac17f276a01f0554, 0xa8ff04db2e7e692c)

DEMO path.oracle.singleton
path.oracle.singleton: Test Failed at C:\src\recur\julia-tests\main.command.lang.verification.test.jl:401
  Expression: Base.invokelatest(PathOracle.every_path_is_contiguous, path_fixture(tiles; edge)) == expected
   Evaluated: true == false

Stacktrace:
 [1] top-level scope
   @ C:\src\recur\julia-tests\main.command.lang.verification.test.jl:401
 [2] macro expansion
   @ C:\Users\marcn\.julia\juliaup\julia-1.12.7+0.x64.w64.mingw32\share\julia\stdlib\v1.12\Test\src\Test.jl:680 [inlined]
 [3] top-level scope
   @ C:\src\recur\julia-tests\main.command.lang.verification.test.jl:457
 [4] macro expansion
   @ C:\Users\marcn\.julia\juliaup\julia-1.12.7+0.x64.w64.mingw32\share\julia\stdlib\v1.12\Test\src\Test.jl:1777 [inlined]
 [5] macro expansion
   @ C:\src\recur\julia-tests\main.command.lang.verification.test.jl:457 [inlined]
Test Summary:         | Fail  Total  Time
path.oracle.singleton |    1      1  0.0s
RNG of the outermost testset: Random.Xoshiro(0x9033125cff5b5a57, 0x7342f61e9b757ed9, 0x35457c93ff2eaf66, 0xac17f276a01f0554, 0xa8ff04db2e7e692c)

DEMO path.oracle.malformed
Test Summary:         | Pass  Total  Time
path.oracle.malformed |    1      1  0.0s

DEMO catalog.every.todo.has.test.and.warp.mapping
Test Summary:                                | Pass  Total  Time
catalog.every.todo.has.test.and.warp.mapping |  183    183  0.0s

Please submit a bug report with steps to reproduce this fault, and any error messages that follow (in their entirety). Thanks.
Exception: EXCEPTION_ACCESS_VIOLATION at 0x7ffb475258d0 -- eval_body at C:/workdir/src\interpreter.c:484
in expression starting at C:\src\recur\demos\lang-verification\main.lang.verification.jl:48
eval_body at C:/workdir/src\interpreter.c:484
jl_fptr_interpret_call at C:/workdir/src\interpreter.c:816
jl_apply at C:/workdir/src\julia.h:2394 [inlined]
do_call at C:/workdir/src\interpreter.c:123
eval_value at C:/workdir/src\interpreter.c:243
eval_stmt_value at C:/workdir/src\interpreter.c:194 [inlined]
eval_body at C:/workdir/src\interpreter.c:707
jl_fptr_interpret_call at C:/workdir/src\interpreter.c:816
jl_apply at C:/workdir/src\julia.h:2394 [inlined]
do_call at C:/workdir/src\interpreter.c:123
eval_value at C:/workdir/src\interpreter.c:243
eval_stmt_value at C:/workdir/src\interpreter.c:194 [inlined]
eval_body at C:/workdir/src\interpreter.c:707
jl_fptr_interpret_call at C:/workdir/src\interpreter.c:816
jl_apply at C:/workdir/src\julia.h:2394 [inlined]
do_call at C:/workdir/src\interpreter.c:123
eval_value at C:/workdir/src\interpreter.c:243
eval_body at C:/workdir/src\interpreter.c:581
jl_fptr_interpret_call at C:/workdir/src\interpreter.c:816
jl_apply at C:/workdir/src\julia.h:2394 [inlined]
do_call at C:/workdir/src\interpreter.c:123
eval_value at C:/workdir/src\interpreter.c:243
eval_stmt_value at C:/workdir/src\interpreter.c:194 [inlined]
eval_body at C:/workdir/src\interpreter.c:707
jl_fptr_interpret_call at C:/workdir/src\interpreter.c:816
jl_apply at C:/workdir/src\julia.h:2394 [inlined]
do_call at C:/workdir/src\interpreter.c:123
eval_value at C:/workdir/src\interpreter.c:243
eval_body at C:/workdir/src\interpreter.c:581
jl_fptr_interpret_call at C:/workdir/src\interpreter.c:816
jl_apply at C:/workdir/src\julia.h:2394 [inlined]
do_call at C:/workdir/src\interpreter.c:123
eval_value at C:/workdir/src\interpreter.c:243
eval_stmt_value at C:/workdir/src\interpreter.c:194 [inlined]
eval_body at C:/workdir/src\interpreter.c:707
jl_fptr_interpret_call at C:/workdir/src\interpreter.c:816
jl_apply at C:/workdir/src\julia.h:2394 [inlined]
do_call at C:/workdir/src\interpreter.c:123
eval_value at C:/workdir/src\interpreter.c:243
eval_body at C:/workdir/src\interpreter.c:581
jl_fptr_interpret_call at C:/workdir/src\interpreter.c:816
jl_apply at C:/workdir/src\julia.h:2394 [inlined]
do_call at C:/workdir/src\interpreter.c:123
eval_value at C:/workdir/src\interpreter.c:243
eval_stmt_value at C:/workdir/src\interpreter.c:194 [inlined]
eval_body at C:/workdir/src\interpreter.c:707
jl_fptr_interpret_call at C:/workdir/src\interpreter.c:816
jl_apply at C:/workdir/src\julia.h:2394 [inlined]
do_call at C:/workdir/src\interpreter.c:123
eval_value at C:/workdir/src\interpreter.c:243
eval_body at C:/workdir/src\interpreter.c:581
jl_fptr_interpret_call at C:/workdir/src\interpreter.c:816
jl_apply at C:/workdir/src\julia.h:2394 [inlined]
do_call at C:/workdir/src\interpreter.c:123
eval_value at C:/workdir/src\interpreter.c:243
eval_stmt_value at C:/workdir/src\interpreter.c:194 [inlined]
eval_body at C:/workdir/src\interpreter.c:707
jl_fptr_interpret_call at C:/workdir/src\interpreter.c:816
jl_apply at C:/workdir/src\julia.h:2394 [inlined]
do_call at C:/workdir/src\interpreter.c:123
eval_value at C:/workdir/src\interpreter.c:243
eval_stmt_value at C:/workdir/src\interpreter.c:194 [inlined]
eval_body at C:/workdir/src\interpreter.c:707
jl_fptr_interpret_call at C:/workdir/src\interpreter.c:816
jl_apply at C:/workdir/src\julia.h:2394 [inlined]
do_call at C:/workdir/src\interpreter.c:123
eval_value at C:/workdir/src\interpreter.c:243
eval_stmt_value at C:/workdir/src\interpreter.c:194 [inlined]
eval_body at C:/workdir/src\interpreter.c:707
jl_fptr_interpret_call at C:/workdir/src\interpreter.c:816
jl_apply at C:/workdir/src\julia.h:2394 [inlined]
do_call at C:/workdir/src\interpreter.c:123
eval_value at C:/workdir/src\interpreter.c:243
eval_stmt_value at C:/workdir/src\interpreter.c:194 [inlined]
eval_body at C:/workdir/src\interpreter.c:707
jl_interpret_toplevel_thunk at C:/workdir/src\interpreter.c:898
jl_toplevel_eval_flex at C:/workdir/src\toplevel.c:1035
jl_toplevel_eval_flex at C:/workdir/src\toplevel.c:975
ijl_toplevel_eval at C:/workdir/src\toplevel.c:1047 [inlined]
ijl_toplevel_eval_in at C:/workdir/src\toplevel.c:1092
eval at .\boot.jl:489
include_string at .\loading.jl:2952
_include at .\loading.jl:3012
include at .\Base.jl:306
exec_options at .\client.jl:317
_start at .\client.jl:550
jfptr__start_59066 at C:\Users\marcn\.julia\juliaup\julia-1.12.7+0.x64.w64.mingw32\lib\julia\sys.dll (unknown line)
jl_apply at C:/workdir/src\julia.h:2394 [inlined]
true_main at C:/workdir/src\jlapi.c:985
jl_repl_entrypoint at C:/workdir/src\jlapi.c:1153
mainCRTStartup at C:/workdir/cli\loader_exe.c:58
BaseThreadInitThunk at C:\WINDOWS\System32\KERNEL32.DLL (unknown line)
RtlUserThreadStart at C:\WINDOWS\SYSTEM32\ntdll.dll (unknown line)
Allocations: 1985109 (Pool: 1984887; Big: 222); GC: 2
