✖ schema and transport versions (0.4472ms)
✖ zero, one and two rival panels are safe and descriptive (0.1224ms)
ℹ tests 2
ℹ suites 0
ℹ pass 0
ℹ fail 2
ℹ cancelled 0
ℹ skipped 0
ℹ todo 0
ℹ duration_ms 54.3042

✖ failing tests:

test at .recur\blackjack-workers\browser\main.blackjack.rivals.test.cjs:13:1
✖ schema and transport versions (0.4472ms)
  TypeError: view.accepts is not a function
      at TestContext.<anonymous> (C:\src\recur\.recur\blackjack-workers\browser\main.blackjack.rivals.test.cjs:14:21)
      at Test.runInAsyncScope (node:async_hooks:227:14)
      at Test.run (node:internal/test_runner/test:1382:25)
      at Test.start (node:internal/test_runner/test:1242:17)
      at startSubtestAfterBootstrap (node:internal/test_runner/harness:387:17)

test at .recur\blackjack-workers\browser\main.blackjack.rivals.test.cjs:20:1
✖ zero, one and two rival panels are safe and descriptive (0.1224ms)
  TypeError: view.render is not a function
      at TestContext.<anonymous> (C:\src\recur\.recur\blackjack-workers\browser\main.blackjack.rivals.test.cjs:21:42)
      at Test.runInAsyncScope (node:async_hooks:227:14)
      at Test.run (node:internal/test_runner/test:1382:25)
      at Test.processPendingSubtests (node:internal/test_runner/test:960:18)
      at Test.postRun (node:internal/test_runner/test:1522:19)
      at Test.run (node:internal/test_runner/test:1447:12)
      at async startSubtestAfterBootstrap (node:internal/test_runner/harness:387:3)
