Test Summary:            | Pass  Total  Time
Blackjack website engine | 8601   8601  1.6s
Test Summary:            | Pass  Total  Time
Split runtime acceptance | 6094   6094  1.1s
Test Summary:                  | Pass  Total  Time
Split HTTP protocol and replay |   18     18  1.7s
[ Info: Listening on: 127.0.0.1:0, thread id: 1
[ Info: Server on 127.0.0.1:0 closing
Test Summary:          | Pass  Total  Time
Blackjack website HTTP |   41     41  1.5s
Test Summary:            | Pass  Total  Time
Blackjack website assets |   14     14  0.0s
Test Summary:        | Pass  Total  Time
Rival table contract |  904    904  0.9s
Test Summary:                 | Pass  Total  Time
Visible Stand on 17 benchmark |   11     11  0.0s
Test Summary:              | Pass  Total  Time
Natural blackjack and peek |   18     18  0.0s
Test Summary:                                       | Pass  Total  Time
Two rivals act in seat order before one dealer turn |    7      7  0.0s
Test Summary:                                           | Pass  Total  Time
Split aces, split 21, sequential human hands and double |   49     49  0.1s
Test Summary:                                  | Pass  Total  Time
Aggregate reserves and affordable rival wagers |   29     29  0.1s
Test Summary:                                             | Pass  Total  Time
Command rejection, revision, reset and snapshot isolation |   94     94  0.7s
Test Summary:                              | Pass  Total  Time
Repeated rounds and retained human history |   81     81  0.1s
Test Summary:                             | Pass  Total  Time
Rival HTTP seats and guarded mode changes |   43     43  1.8s
Mapped split dependency fault: [{"span":{"end_byte":1726,"start_byte":1408,"end_line":60,"start_line":51},"subjects":["dealer","settlement","hands","turns"],"message":"Dependency cycle: dealer -> settlement -> hands -> turns -> dealer","code":"SGR001","path":["dealer","settlement","hands","turns","dealer"]}]
Mapped split dependency fault: [{"span":{"end_byte":1726,"start_byte":1408,"end_line":60,"start_line":51},"subjects":["dealer","settlement","hands","turns"],"message":"Dependency cycle: dealer -> settlement -> hands -> turns -> dealer","code":"SGR001","path":["dealer","settlement","hands","turns","dealer"]}]
Test Summary:                    | Pass  Total  Time
Blackjack website Lang reference |   76     76  1.4s
